../Drivers/CMSIS/Include/core_cm4.h:2064:26:ITM_SendChar	16	static,ignoring_inline_asm
../Core/Src/main.c:113:6:HAL_CAN_RxFifo0MsgPendingCallback	16	static
../Core/Src/main.c:173:6:HAL_CAN_ErrorCallback	16	static
../Core/Src/main.c:184:5:main	56	static
../Core/Src/main.c:308:6:SystemClock_Config	88	static
../Core/Src/main.c:352:13:MX_CAN1_Init	8	static
../Core/Src/main.c:387:13:MX_I2C1_Init	8	static
../Core/Src/main.c:419:13:MX_TIM1_Init	80	static
../Core/Src/main.c:482:13:MX_TIM8_Init	80	static
../Core/Src/main.c:549:13:MX_GPIO_Init	48	static
../Core/Src/main.c:617:5:__io_putchar	16	static
../Core/Src/main.c:624:9:read_dip_address	16	static
../Core/Src/main.c:643:6:OPT3002_set_conf	24	static
../Core/Src/main.c:659:10:OPT3002_result	24	static
../Core/Src/main.c:686:6:leds_on	16	static
../Core/Src/main.c:694:6:leds_off	16	static
../Core/Src/main.c:704:6:HAL_GPIO_EXTI_Callback	16	static
../Core/Src/main.c:718:6:Error_Handler	4	static,ignoring_inline_asm
