../Drivers/CMSIS/Include/core_cm4.h:2064:26:ITM_SendChar	4
../Core/Src/main.c:113:6:HAL_CAN_RxFifo0MsgPendingCallback	5
../Core/Src/main.c:173:6:HAL_CAN_ErrorCallback	1
../Core/Src/main.c:184:5:main	7
../Core/Src/main.c:308:6:SystemClock_Config	3
../Core/Src/main.c:352:13:MX_CAN1_Init	2
../Core/Src/main.c:387:13:MX_I2C1_Init	2
../Core/Src/main.c:419:13:MX_TIM1_Init	5
../Core/Src/main.c:482:13:MX_TIM8_Init	6
../Core/Src/main.c:549:13:MX_GPIO_Init	1
../Core/Src/main.c:617:5:__io_putchar	1
../Core/Src/main.c:624:9:read_dip_address	1
../Core/Src/main.c:643:6:OPT3002_set_conf	2
../Core/Src/main.c:659:10:OPT3002_result	3
../Core/Src/main.c:686:6:leds_on	2
../Core/Src/main.c:694:6:leds_off	2
../Core/Src/main.c:704:6:HAL_GPIO_EXTI_Callback	5
../Core/Src/main.c:718:6:Error_Handler	1
