../Drivers/CMSIS/Include/core_cm4.h:2064:26:ITM_SendChar	4
../Core/Src/main.c:130:6:HAL_CAN_TxMailbox0CompleteCallback	1
../Core/Src/main.c:134:6:HAL_CAN_TxMailbox1CompleteCallback	1
../Core/Src/main.c:138:6:HAL_CAN_TxMailbox2CompleteCallback	1
../Core/Src/main.c:142:6:HAL_CAN_TxMailbox0AbortCallback	1
../Core/Src/main.c:146:6:HAL_CAN_TxMailbox1AbortCallback	1
../Core/Src/main.c:150:6:HAL_CAN_TxMailbox2AbortCallback	1
../Core/Src/main.c:154:6:HAL_CAN_RxFifo0MsgPendingCallback	15
../Core/Src/main.c:204:6:HAL_CAN_RxFifo0FullCallback	1
../Core/Src/main.c:208:6:HAL_CAN_RxFifo1MsgPendingCallback	1
../Core/Src/main.c:212:6:HAL_CAN_RxFifo1FullCallback	1
../Core/Src/main.c:216:6:HAL_CAN_SleepCallback	1
../Core/Src/main.c:220:6:HAL_CAN_WakeUpFromRxMsgCallback	1
../Core/Src/main.c:224:6:HAL_CAN_ErrorCallback	1
../Core/Src/main.c:235:5:main	8
../Core/Src/main.c:367:6:SystemClock_Config	3
../Core/Src/main.c:411:13:MX_CAN1_Init	2
../Core/Src/main.c:446:13:MX_CAN2_Init	2
../Core/Src/main.c:481:13:MX_I2C1_Init	2
../Core/Src/main.c:513:13:MX_I2C3_Init	2
../Core/Src/main.c:545:13:MX_I2S2_Init	2
../Core/Src/main.c:577:13:MX_SPI3_Init	2
../Core/Src/main.c:613:13:MX_TIM1_Init	5
../Core/Src/main.c:676:13:MX_TIM8_Init	8
../Core/Src/main.c:751:13:MX_USART2_UART_Init	2
../Core/Src/main.c:782:13:MX_GPIO_Init	1
../Core/Src/main.c:866:5:__io_putchar	1
../Core/Src/main.c:873:9:read_dip_address	1
../Core/Src/main.c:892:6:OPT3002_set_conf	2
../Core/Src/main.c:908:10:OPT3002_result	3
../Core/Src/main.c:935:6:leds_on	2
../Core/Src/main.c:943:6:leds_off	2
../Core/Src/main.c:953:6:HAL_GPIO_EXTI_Callback	4
../Core/Src/main.c:967:6:Error_Handler	1
