../Drivers/CMSIS/Include/core_cm4.h:2064:26:ITM_SendChar	16	static,ignoring_inline_asm
../Core/Src/main.c:130:6:HAL_CAN_TxMailbox0CompleteCallback	16	static
../Core/Src/main.c:134:6:HAL_CAN_TxMailbox1CompleteCallback	16	static
../Core/Src/main.c:138:6:HAL_CAN_TxMailbox2CompleteCallback	16	static
../Core/Src/main.c:142:6:HAL_CAN_TxMailbox0AbortCallback	16	static
../Core/Src/main.c:146:6:HAL_CAN_TxMailbox1AbortCallback	16	static
../Core/Src/main.c:150:6:HAL_CAN_TxMailbox2AbortCallback	16	static
../Core/Src/main.c:154:6:HAL_CAN_RxFifo0MsgPendingCallback	16	static
../Core/Src/main.c:204:6:HAL_CAN_RxFifo0FullCallback	16	static
../Core/Src/main.c:208:6:HAL_CAN_RxFifo1MsgPendingCallback	16	static
../Core/Src/main.c:212:6:HAL_CAN_RxFifo1FullCallback	16	static
../Core/Src/main.c:216:6:HAL_CAN_SleepCallback	16	static
../Core/Src/main.c:220:6:HAL_CAN_WakeUpFromRxMsgCallback	16	static
../Core/Src/main.c:224:6:HAL_CAN_ErrorCallback	16	static
../Core/Src/main.c:235:5:main	56	static
../Core/Src/main.c:367:6:SystemClock_Config	88	static
../Core/Src/main.c:411:13:MX_CAN1_Init	8	static
../Core/Src/main.c:446:13:MX_CAN2_Init	8	static
../Core/Src/main.c:481:13:MX_I2C1_Init	8	static
../Core/Src/main.c:513:13:MX_I2C3_Init	8	static
../Core/Src/main.c:545:13:MX_I2S2_Init	8	static
../Core/Src/main.c:577:13:MX_SPI3_Init	8	static
../Core/Src/main.c:613:13:MX_TIM1_Init	80	static
../Core/Src/main.c:676:13:MX_TIM8_Init	96	static
../Core/Src/main.c:751:13:MX_USART2_UART_Init	8	static
../Core/Src/main.c:782:13:MX_GPIO_Init	48	static
../Core/Src/main.c:866:5:__io_putchar	16	static
../Core/Src/main.c:873:9:read_dip_address	16	static
../Core/Src/main.c:892:6:OPT3002_set_conf	24	static
../Core/Src/main.c:908:10:OPT3002_result	24	static
../Core/Src/main.c:935:6:leds_on	16	static
../Core/Src/main.c:943:6:leds_off	16	static
../Core/Src/main.c:953:6:HAL_GPIO_EXTI_Callback	16	static
../Core/Src/main.c:967:6:Error_Handler	4	static,ignoring_inline_asm
