2025-06-06 18:13:01,189 [INFO] Activator:176 - 


2025-06-06 18:13:01,198 [INFO] Activator:177 - !SESSION log4j initialized
2025-06-06 18:13:20,054 [INFO] LogOutputStream:77 - [STDOUT_REDIRECT] 
2025-06-06 18:13:27,253 [INFO] ApplicationProperties:184 - Using Application install path: C:\ST\STM32CubeIDE_1.13.1\STM32CubeIDE\plugins\com.st.stm32cube.common.mx_6.14.1.202504091515
2025-06-06 18:13:27,309 [INFO] DbMcusXml:78 - Set database path to: C:\ST\STM32CubeIDE_1.13.1\STM32CubeIDE\plugins\com.st.stm32cube.common.mx_6.14.1.202504091515\\db\/mcu/
2025-06-06 18:13:27,309 [INFO] ApiDb:274 - Set plugin database path to: C:\ST\STM32CubeIDE_1.13.1\STM32CubeIDE\plugins\com.st.stm32cube.common.mx_6.14.1.202504091515\\db\/plugins/boardmanager/
2025-06-06 18:13:27,310 [WARN] ApiDb:259 - Overriding images path with different value:  => C:\ST\STM32CubeIDE_1.13.1\STM32CubeIDE\plugins\com.st.stm32cube.common.mx_6.14.1.202504091515\\db\/plugins/mcufinder/images/
2025-06-06 18:13:27,540 [INFO] ApiDb:250 - Set database path to: C:\Users\amozd\.stmcufinder\plugins\mcufinder//mcu/
2025-06-06 18:13:27,541 [INFO] DbMcusAds:125 - Set database path to: C:\Users\amozd\.stmcufinder\plugins\mcufinder//mcu/
2025-06-06 18:13:27,550 [INFO] CrossReferenceDbSqlite:203 - Set database path to: C:\Users\amozd\.stmcufinder\plugins\mcufinder//mcu/cs/
2025-06-06 18:13:27,793 [INFO] RulesReader:64 - Compatibility file has been processed (302 Rules)
2025-06-06 18:13:28,027 [INFO] DbMcusXml:78 - Set database path to: C:\ST\STM32CubeIDE_1.13.1\STM32CubeIDE\plugins\com.st.stm32cube.common.mx_6.14.1.202504091515\\db\/mcu/
2025-06-06 18:13:28,028 [INFO] ApiDb:274 - Set plugin database path to: C:\ST\STM32CubeIDE_1.13.1\STM32CubeIDE\plugins\com.st.stm32cube.common.mx_6.14.1.202504091515\\db\/plugins/boardmanager/
2025-06-06 18:13:28,028 [INFO] ApiDb:261 - Set plugin images path to: C:\ST\STM32CubeIDE_1.13.1\STM32CubeIDE\plugins\com.st.stm32cube.common.mx_6.14.1.202504091515\\db\/plugins/mcufinder/images/
2025-06-06 18:13:28,029 [WARN] DbFile:41 - Overriding database path with different value: C:\Users\amozd\.stmcufinder\plugins\mcufinder/ => C:\Users\amozd\.stmcufinder\plugins\mcufinder
2025-06-06 18:13:28,029 [INFO] ApiDb:250 - Set database path to: C:\Users\amozd\.stmcufinder\plugins\mcufinder//mcu/
2025-06-06 18:13:28,029 [WARN] DbFile:41 - Overriding database path with different value: C:\Users\amozd\.stmcufinder\plugins\mcufinder/ => C:\Users\amozd\.stmcufinder\plugins\mcufinder
2025-06-06 18:13:28,029 [INFO] DbMcusAds:125 - Set database path to: C:\Users\amozd\.stmcufinder\plugins\mcufinder//mcu/
2025-06-06 18:13:28,030 [WARN] DbFile:41 - Overriding database path with different value: C:\Users\amozd\.stmcufinder\plugins\mcufinder/ => C:\Users\amozd\.stmcufinder\plugins\mcufinder
2025-06-06 18:13:28,030 [WARN] DbFile:41 - Overriding database path with different value: C:\Users\amozd\.stmcufinder\plugins\mcufinder/ => C:\Users\amozd\.stmcufinder\plugins\mcufinder
2025-06-06 18:13:28,030 [INFO] CrossReferenceDbSqlite:203 - Set database path to: C:\Users\amozd\.stmcufinder\plugins\mcufinder//mcu/cs/
2025-06-06 18:13:28,375 [INFO] MainPanel:272 - HeapMemory: 268435456
2025-06-06 18:13:28,783 [INFO] DbMcusXml:78 - Set database path to: C:\ST\STM32CubeIDE_1.13.1\STM32CubeIDE\plugins\com.st.stm32cube.common.mx_6.14.1.202504091515\\db\/mcu/
2025-06-06 18:13:28,783 [INFO] ApiDb:274 - Set plugin database path to: C:\ST\STM32CubeIDE_1.13.1\STM32CubeIDE\plugins\com.st.stm32cube.common.mx_6.14.1.202504091515\\db\/plugins/boardmanager/
2025-06-06 18:13:28,784 [INFO] ApiDb:261 - Set plugin images path to: C:\ST\STM32CubeIDE_1.13.1\STM32CubeIDE\plugins\com.st.stm32cube.common.mx_6.14.1.202504091515\\db\/plugins/mcufinder/images/
2025-06-06 18:13:28,784 [WARN] DbFile:41 - Overriding database path with different value: C:\Users\amozd\.stmcufinder\plugins\mcufinder/ => C:\Users\amozd\.stmcufinder\plugins\mcufinder
2025-06-06 18:13:28,785 [INFO] ApiDb:250 - Set database path to: C:\Users\amozd\.stmcufinder\plugins\mcufinder//mcu/
2025-06-06 18:13:28,785 [WARN] DbFile:41 - Overriding database path with different value: C:\Users\amozd\.stmcufinder\plugins\mcufinder/ => C:\Users\amozd\.stmcufinder\plugins\mcufinder
2025-06-06 18:13:28,785 [INFO] DbMcusAds:125 - Set database path to: C:\Users\amozd\.stmcufinder\plugins\mcufinder//mcu/
2025-06-06 18:13:28,785 [WARN] DbFile:41 - Overriding database path with different value: C:\Users\amozd\.stmcufinder\plugins\mcufinder/ => C:\Users\amozd\.stmcufinder\plugins\mcufinder
2025-06-06 18:13:28,785 [WARN] DbFile:41 - Overriding database path with different value: C:\Users\amozd\.stmcufinder\plugins\mcufinder/ => C:\Users\amozd\.stmcufinder\plugins\mcufinder
2025-06-06 18:13:28,786 [INFO] CrossReferenceDbSqlite:203 - Set database path to: C:\Users\amozd\.stmcufinder\plugins\mcufinder//mcu/cs/
2025-06-06 18:13:28,859 [INFO] ApplicationProperties:184 - Using Application install path: C:\ST\STM32CubeIDE_1.13.1\STM32CubeIDE\plugins\com.st.stm32cube.common.mx_6.14.1.202504091515
2025-06-06 18:13:28,861 [INFO] PluginManage:196 - Search for loadable plugins [exclusion list=, ]
2025-06-06 18:13:28,878 [INFO] PluginManage:310 - Check plugin analytics
2025-06-06 18:13:29,380 [INFO] AnalyticsPlugin:253 - Accepted Software Licenses: 
2025-06-06 18:13:29,381 [INFO] AnalyticsPlugin:255 - Accepted CMSIS Pack Licenses: 
2025-06-06 18:13:29,381 [INFO] AnalyticsPlugin:257 - Accepted Firmware Licenses: FW.F4.1.27.0
2025-06-06 18:13:29,386 [INFO] PluginManage:359 - Loaded plugin analytics (category:tool,tabindex:-1)
2025-06-06 18:13:29,386 [INFO] PluginManage:310 - Check plugin cadmodel
2025-06-06 18:13:29,451 [INFO] CADModel:105 - Init CAD model plugin
2025-06-06 18:13:29,452 [INFO] PluginManage:359 - Loaded plugin cadmodel (category:power,tabindex:5)
2025-06-06 18:13:29,452 [INFO] PluginManage:310 - Check plugin clock
2025-06-06 18:13:29,719 [INFO] PluginManage:359 - Loaded plugin clock (category:base,tabindex:2)
2025-06-06 18:13:29,719 [INFO] PluginManage:310 - Check plugin ddr
2025-06-06 18:13:29,724 [INFO] PluginManage:359 - Loaded plugin ddr (category:tool,tabindex:6)
2025-06-06 18:13:29,724 [INFO] PluginManage:310 - Check plugin filemanager
2025-06-06 18:13:30,150 [INFO] PluginManage:359 - Loaded plugin filemanager (category:base,tabindex:10)
2025-06-06 18:13:30,150 [INFO] PluginManage:310 - Check plugin ipmanager
2025-06-06 18:13:30,191 [INFO] PluginManage:359 - Loaded plugin ipmanager (category:base,tabindex:5)
2025-06-06 18:13:30,191 [INFO] PluginManage:310 - Check plugin lpbam
2025-06-06 18:13:30,258 [INFO] PluginManage:359 - Loaded plugin lpbam (category:base,tabindex:0)
2025-06-06 18:13:30,258 [INFO] PluginManage:310 - Check plugin memorymap
2025-06-06 18:13:30,348 [INFO] PluginManage:359 - Loaded plugin memorymap (category:base,tabindex:4)
2025-06-06 18:13:30,348 [INFO] PluginManage:310 - Check plugin pinoutandconfiguration
2025-06-06 18:13:30,439 [INFO] PluginManage:359 - Loaded plugin pinoutandconfiguration (category:base,tabindex:1)
2025-06-06 18:13:30,440 [INFO] PluginManage:310 - Check plugin pinoutconfig
2025-06-06 18:13:30,669 [WARN] SupportedApi:132 - Cannot load RTOS API schema: s4s-elt-must-match.1: The content of 'definitions' must match (annotation?, (simpleType | complexType)?, (unique | key | keyref)*)). A problem was found starting at: attribute.
2025-06-06 18:13:31,090 [INFO] PluginManage:359 - Loaded plugin pinoutconfig (category:base,tabindex:0)
2025-06-06 18:13:31,090 [INFO] PluginManage:310 - Check plugin power
2025-06-06 18:13:31,245 [INFO] PluginManage:359 - Loaded plugin power (category:power,tabindex:4)
2025-06-06 18:13:31,246 [INFO] PluginManage:310 - Check plugin projectmanager
2025-06-06 18:13:31,365 [INFO] PluginManage:359 - Loaded plugin projectmanager (category:projectmanager,tabindex:4)
2025-06-06 18:13:31,365 [INFO] PluginManage:310 - Check plugin rif
2025-06-06 18:13:31,451 [INFO] PluginManage:359 - Loaded plugin rif (category:base,tabindex:3)
2025-06-06 18:13:31,451 [INFO] PluginManage:310 - Check plugin thirdparty
2025-06-06 18:13:32,201 [WARN] IntegrityCheckThread:84 - waiting for thirdparty lock release [integrity check]
2025-06-06 18:13:32,201 [INFO] PluginManage:359 - Loaded plugin thirdparty (category:base,tabindex:-1)
2025-06-06 18:13:32,201 [INFO] IntegrityCheckThread:86 - entering critical section [integrity check]
2025-06-06 18:13:32,201 [INFO] PluginManage:310 - Check plugin tools
2025-06-06 18:13:32,202 [INFO] ThirdPartyUpdaterWithRetryManager:70 - Updater plugin not ready yet. [1/15]
2025-06-06 18:13:32,268 [INFO] PluginManage:359 - Loaded plugin tools (category:base,tabindex:7)
2025-06-06 18:13:32,269 [INFO] PluginManage:310 - Check plugin tutovideos
2025-06-06 18:13:32,814 [INFO] PluginManage:359 - Loaded plugin tutovideos (category:base,tabindex:-1)
2025-06-06 18:13:32,814 [INFO] PluginManage:310 - Check plugin updater
2025-06-06 18:13:32,859 [INFO] PluginManage:359 - Loaded plugin updater (category:base,tabindex:12)
2025-06-06 18:13:32,859 [INFO] PluginManage:310 - Check plugin userauth
2025-06-06 18:13:32,878 [INFO] UserAuth:118 - Init User Auth plugin
2025-06-06 18:13:32,879 [INFO] PluginManage:359 - Loaded plugin userauth (category:base,tabindex:14)
2025-06-06 18:13:32,880 [INFO] PluginManage:283 - PluginManage : Loaded plugins [18]
2025-06-06 18:13:33,446 [INFO] PinOutPanel:1589 - setPackage(No Configuration,No Configuration)
2025-06-06 18:13:33,675 [INFO] CADModel:165 - CPN selected for project level
2025-06-06 18:13:33,675 [INFO] CADModel:114 - Register for checkConnection events
2025-06-06 18:13:33,728 [INFO] IPUIPlugin:80 - create IPUIPlugin
2025-06-06 18:13:33,728 [INFO] PluginManager:220 - loadIPPluginJar : add adc
2025-06-06 18:13:33,798 [INFO] IPUIPlugin:80 - create IPUIPlugin
2025-06-06 18:13:33,798 [INFO] PluginManager:220 - loadIPPluginJar : add aes
2025-06-06 18:13:33,883 [INFO] IPUIPlugin:80 - create IPUIPlugin
2025-06-06 18:13:33,884 [INFO] PluginManager:220 - loadIPPluginJar : add can
2025-06-06 18:13:33,934 [INFO] IPUIPlugin:80 - create IPUIPlugin
2025-06-06 18:13:33,934 [INFO] PluginManager:220 - loadIPPluginJar : add comp
2025-06-06 18:13:33,986 [INFO] IPUIPlugin:80 - create IPUIPlugin
2025-06-06 18:13:33,986 [INFO] PluginManager:220 - loadIPPluginJar : add cryp
2025-06-06 18:13:34,037 [INFO] IPUIPlugin:80 - create IPUIPlugin
2025-06-06 18:13:34,038 [INFO] PluginManager:220 - loadIPPluginJar : add ddr_ctrl_phy
2025-06-06 18:13:34,098 [INFO] IPUIPlugin:80 - create IPUIPlugin
2025-06-06 18:13:34,098 [INFO] PluginManager:220 - loadIPPluginJar : add dfsdm
2025-06-06 18:13:34,123 [INFO] IPUIPlugin:80 - create IPUIPlugin
2025-06-06 18:13:34,124 [INFO] PluginManager:220 - loadIPPluginJar : add dma
2025-06-06 18:13:34,200 [INFO] IPUIPlugin:80 - create IPUIPlugin
2025-06-06 18:13:34,200 [INFO] PluginManager:220 - loadIPPluginJar : add dma3
2025-06-06 18:13:34,306 [INFO] IPUIPlugin:80 - create IPUIPlugin
2025-06-06 18:13:34,307 [INFO] PluginManager:220 - loadIPPluginJar : add extmemmanager
2025-06-06 18:13:34,349 [INFO] IPUIPlugin:80 - create IPUIPlugin
2025-06-06 18:13:34,349 [INFO] PluginManager:220 - loadIPPluginJar : add fatfs
2025-06-06 18:13:34,433 [INFO] IPUIPlugin:80 - create IPUIPlugin
2025-06-06 18:13:34,433 [INFO] PluginManager:220 - loadIPPluginJar : add fmc
2025-06-06 18:13:34,689 [INFO] IPUIPlugin:80 - create IPUIPlugin
2025-06-06 18:13:34,689 [INFO] PluginManager:220 - loadIPPluginJar : add freertos
2025-06-06 18:13:34,756 [INFO] IPUIPlugin:80 - create IPUIPlugin
2025-06-06 18:13:34,756 [INFO] PluginManager:220 - loadIPPluginJar : add genericplugin
2025-06-06 18:13:34,936 [INFO] IPUIPlugin:80 - create IPUIPlugin
2025-06-06 18:13:34,937 [INFO] PluginManager:220 - loadIPPluginJar : add gfxmmu
2025-06-06 18:13:35,191 [INFO] IPUIPlugin:80 - create IPUIPlugin
2025-06-06 18:13:35,191 [INFO] PluginManager:220 - loadIPPluginJar : add gic
2025-06-06 18:13:35,203 [INFO] ThirdPartyUpdaterWithRetryManager:70 - Updater plugin not ready yet. [2/15]
2025-06-06 18:13:35,215 [INFO] IPUIPlugin:80 - create IPUIPlugin
2025-06-06 18:13:35,216 [INFO] PluginManager:220 - loadIPPluginJar : add gpio
2025-06-06 18:13:35,385 [INFO] IPUIPlugin:80 - create IPUIPlugin
2025-06-06 18:13:35,385 [INFO] PluginManager:220 - loadIPPluginJar : add gtzc
2025-06-06 18:13:35,547 [INFO] IPUIPlugin:80 - create IPUIPlugin
2025-06-06 18:13:35,547 [INFO] PluginManager:220 - loadIPPluginJar : add hash
2025-06-06 18:13:35,650 [INFO] IPUIPlugin:80 - create IPUIPlugin
2025-06-06 18:13:35,650 [INFO] PluginManager:220 - loadIPPluginJar : add i2c
2025-06-06 18:13:35,739 [INFO] IPUIPlugin:80 - create IPUIPlugin
2025-06-06 18:13:35,739 [INFO] PluginManager:220 - loadIPPluginJar : add i2s
2025-06-06 18:13:35,817 [INFO] IPUIPlugin:80 - create IPUIPlugin
2025-06-06 18:13:35,818 [INFO] PluginManager:220 - loadIPPluginJar : add i3c
2025-06-06 18:13:36,012 [INFO] IPUIPlugin:80 - create IPUIPlugin
2025-06-06 18:13:36,013 [INFO] PluginManager:220 - loadIPPluginJar : add ipddr
2025-06-06 18:13:36,167 [INFO] IPUIPlugin:80 - create IPUIPlugin
2025-06-06 18:13:36,167 [INFO] PluginManager:220 - loadIPPluginJar : add linkedlist
2025-06-06 18:13:36,511 [INFO] IPUIPlugin:80 - create IPUIPlugin
2025-06-06 18:13:36,511 [INFO] PluginManager:220 - loadIPPluginJar : add lorawan
2025-06-06 18:13:36,580 [INFO] IPUIPlugin:80 - create IPUIPlugin
2025-06-06 18:13:36,580 [INFO] PluginManager:220 - loadIPPluginJar : add ltdc
2025-06-06 18:13:36,649 [INFO] IPUIPlugin:80 - create IPUIPlugin
2025-06-06 18:13:36,649 [INFO] PluginManager:220 - loadIPPluginJar : add mdma
2025-06-06 18:13:36,667 [INFO] IPUIPlugin:80 - create IPUIPlugin
2025-06-06 18:13:36,667 [INFO] PluginManager:220 - loadIPPluginJar : add nvic
2025-06-06 18:13:36,735 [INFO] IPUIPlugin:80 - create IPUIPlugin
2025-06-06 18:13:36,735 [INFO] PluginManager:220 - loadIPPluginJar : add opamp
2025-06-06 18:13:36,852 [INFO] IPUIPlugin:80 - create IPUIPlugin
2025-06-06 18:13:36,853 [INFO] PluginManager:220 - loadIPPluginJar : add openamp
2025-06-06 18:13:36,951 [INFO] IPUIPlugin:80 - create IPUIPlugin
2025-06-06 18:13:36,951 [INFO] PluginManager:220 - loadIPPluginJar : add pdm2pcm
2025-06-06 18:13:36,973 [INFO] IPUIPlugin:80 - create IPUIPlugin
2025-06-06 18:13:36,977 [INFO] PluginManager:220 - loadIPPluginJar : add plateformsettings
2025-06-06 18:13:37,017 [INFO] IPUIPlugin:80 - create IPUIPlugin
2025-06-06 18:13:37,018 [INFO] PluginManager:220 - loadIPPluginJar : add quadspi
2025-06-06 18:13:37,067 [INFO] IPUIPlugin:80 - create IPUIPlugin
2025-06-06 18:13:37,088 [INFO] PluginManager:220 - loadIPPluginJar : add radio
2025-06-06 18:13:37,110 [INFO] IPUIPlugin:80 - create IPUIPlugin
2025-06-06 18:13:37,110 [INFO] PluginManager:220 - loadIPPluginJar : add resmgrutility
2025-06-06 18:13:37,191 [INFO] IPUIPlugin:80 - create IPUIPlugin
2025-06-06 18:13:37,191 [INFO] PluginManager:220 - loadIPPluginJar : add sai
2025-06-06 18:13:37,268 [INFO] IPUIPlugin:80 - create IPUIPlugin
2025-06-06 18:13:37,268 [INFO] PluginManager:220 - loadIPPluginJar : add spi
2025-06-06 18:13:37,403 [INFO] IPUIPlugin:80 - create IPUIPlugin
2025-06-06 18:13:37,403 [INFO] PluginManager:220 - loadIPPluginJar : add stm32_wpan
2025-06-06 18:13:37,442 [INFO] IPUIPlugin:80 - create IPUIPlugin
2025-06-06 18:13:37,442 [INFO] PluginManager:220 - loadIPPluginJar : add tim
2025-06-06 18:13:37,544 [INFO] IPUIPlugin:80 - create IPUIPlugin
2025-06-06 18:13:37,544 [INFO] PluginManager:220 - loadIPPluginJar : add touchsensing
2025-06-06 18:13:37,579 [INFO] IPUIPlugin:80 - create IPUIPlugin
2025-06-06 18:13:37,579 [INFO] PluginManager:220 - loadIPPluginJar : add tracer_emb
2025-06-06 18:13:37,624 [INFO] IPUIPlugin:80 - create IPUIPlugin
2025-06-06 18:13:37,624 [INFO] PluginManager:220 - loadIPPluginJar : add ts
2025-06-06 18:13:37,669 [INFO] IPUIPlugin:80 - create IPUIPlugin
2025-06-06 18:13:37,670 [INFO] PluginManager:220 - loadIPPluginJar : add tsc
2025-06-06 18:13:37,717 [INFO] IPUIPlugin:80 - create IPUIPlugin
2025-06-06 18:13:37,717 [INFO] PluginManager:220 - loadIPPluginJar : add ucpd
2025-06-06 18:13:37,843 [INFO] IPUIPlugin:80 - create IPUIPlugin
2025-06-06 18:13:37,843 [INFO] PluginManager:220 - loadIPPluginJar : add usart
2025-06-06 18:13:37,915 [INFO] IPUIPlugin:80 - create IPUIPlugin
2025-06-06 18:13:37,915 [INFO] PluginManager:220 - loadIPPluginJar : add usbx
2025-06-06 18:13:38,204 [INFO] ThirdPartyUpdaterWithRetryManager:70 - Updater plugin not ready yet. [3/15]
2025-06-06 18:13:38,350 [FATAL] Updater:351 - Updater called before beeing initialized
2025-06-06 18:13:38,387 [INFO] RulesReader:64 - Compatibility file has been processed (302 Rules)
2025-06-06 18:13:38,405 [INFO] RulesReader:64 - Compatibility file has been processed (302 Rules)
2025-06-06 18:13:38,427 [INFO] CADModel:165 - CPN selected for project level
2025-06-06 18:13:38,428 [INFO] CADModel:114 - Register for checkConnection events
2025-06-06 18:13:38,428 [FATAL] Updater:351 - Updater called before beeing initialized
2025-06-06 18:13:38,428 [ERROR] CADModel:125 - Updater not yet initialized, retry later 
2025-06-06 18:13:38,758 [FATAL] Updater:351 - Updater called before beeing initialized
2025-06-06 18:13:38,761 [INFO] CADModel:165 - CPN selected for project level
2025-06-06 18:13:38,761 [INFO] CADModel:114 - Register for checkConnection events
2025-06-06 18:13:38,761 [FATAL] Updater:351 - Updater called before beeing initialized
2025-06-06 18:13:38,761 [ERROR] CADModel:125 - Updater not yet initialized, retry later 
2025-06-06 18:13:38,765 [FATAL] Updater:351 - Updater called before beeing initialized
2025-06-06 18:13:39,052 [FATAL] Updater:351 - Updater called before beeing initialized
2025-06-06 18:13:39,064 [INFO] DbMcusAds:53 - JSON generation date=Wed May 07 11:07:55 CEST 2025 (1746608875679)
2025-06-06 18:13:39,065 [FATAL] Updater:351 - Updater called before beeing initialized
2025-06-06 18:13:39,132 [WARN] DetailPanel:346 - Failed to get advertising image, set to default
2025-06-06 18:13:39,605 [FATAL] Updater:351 - Updater called before beeing initialized
2025-06-06 18:13:39,615 [FATAL] Updater:351 - Updater called before beeing initialized
2025-06-06 18:13:39,616 [FATAL] Updater:351 - Updater called before beeing initialized
2025-06-06 18:13:39,616 [WARN] DetailPanel:346 - Failed to get advertising image, set to default
2025-06-06 18:13:39,617 [FATAL] Updater:351 - Updater called before beeing initialized
2025-06-06 18:13:39,698 [ERROR] Updater:1198 - MainUpdater not yet initialized. External WinMGr cannot be set.
2025-06-06 18:13:39,714 [INFO] Updater:1134 - Updater Version found : 6.14.1
2025-06-06 18:13:39,748 [INFO] ApplicationProperties:184 - Using Application install path: C:\ST\STM32CubeIDE_1.13.1\STM32CubeIDE\plugins\com.st.stm32cube.common.mx_6.14.1.202504091515
2025-06-06 18:13:40,921 [INFO] MainUpdater:2872 - connection check result : 10
2025-06-06 18:13:40,922 [INFO] MainUpdater:289 - Updater Check For Update Now.
2025-06-06 18:13:40,922 [INFO] MicroXplorer:498 - Change Database Version : DB.6.0.141
2025-06-06 18:13:41,032 [INFO] McuFinderGlobals:63 - Set McuFinder mode to 2 (CubeIDE integrated)
2025-06-06 18:13:41,099 [INFO] UserAuth:484 - Internet connection configuration mode: 1
2025-06-06 18:13:41,177 [INFO] JxBrowserEngine:152 - Initiate JxBrowser Engine with user profile folder
2025-06-06 18:13:41,205 [WARN] MainUpdater:1193 - Updater busy. Cannot search thirdparties
2025-06-06 18:13:41,206 [INFO] ThirdPartyUpdaterWithRetryManager:96 - Updater plugin is busy. [1/15]
2025-06-06 18:13:41,282 [INFO] CheckServerUpdateThread:120 - End of CheckServer Thread
2025-06-06 18:13:44,869 [INFO] WebApp:169 - Instantiating new browser for Auth
2025-06-06 18:13:47,964 [WARN] PackLoader:240 - Cannot read IP mode file for STMicroelectronics.FP-SNS-MOTENVWB1.1.4.0
2025-06-06 18:13:48,037 [WARN] PackLoader:240 - Cannot read IP mode file for STMicroelectronics.FP-ATR-ASTRA1.2.0.2
2025-06-06 18:13:48,059 [WARN] PackLoader:240 - Cannot read IP mode file for STMicroelectronics.FP-ATR-ASTRA1.2.0.1
2025-06-06 18:13:48,304 [WARN] PackLoader:240 - Cannot read IP mode file for STMicroelectronics.X-CUBE-SMBUS.2.1.0
2025-06-06 18:13:48,351 [WARN] PackLoader:240 - Cannot read IP mode file for STMicroelectronics.X-CUBE-WB05N.1.1.0
2025-06-06 18:13:48,393 [INFO] WebApp:463 - Apply proxy settings
2025-06-06 18:13:48,394 [INFO] WebApp:548 - Chromium requires no authentication
2025-06-06 18:13:48,549 [WARN] PackLoader:240 - Cannot read IP mode file for STMicroelectronics.X-CUBE-ST60.1.0.0
2025-06-06 18:13:48,631 [WARN] PackLoader:240 - Cannot read IP mode file for STMicroelectronics.X-CUBE-TOUCHGFX.4.23.0
2025-06-06 18:13:48,634 [INFO] WebApp:491 - Direct internet connection detected
2025-06-06 18:13:48,798 [WARN] PackLoader:240 - Cannot read IP mode file for STMicroelectronics.X-CUBE-AZRTOS-F7.1.1.0
2025-06-06 18:13:48,818 [INFO] WebApp:894 - Register for checkConnection events
2025-06-06 18:13:48,819 [INFO] WebApp:463 - Apply proxy settings
2025-06-06 18:13:48,819 [INFO] WebApp:548 - Chromium requires no authentication
2025-06-06 18:13:48,821 [INFO] WebApp:491 - Direct internet connection detected
2025-06-06 18:13:48,830 [WARN] PackLoader:240 - Cannot read IP mode file for STMicroelectronics.FP-SNS-MOTENV1.4.3.2
2025-06-06 18:13:48,861 [WARN] PackLoader:240 - Cannot read IP mode file for STMicroelectronics.FP-SNS-FLIGHT1.5.0.2
2025-06-06 18:13:48,893 [WARN] PackLoader:240 - Cannot read IP mode file for STMicroelectronics.X-CUBE-DISPLAY.3.0.0
2025-06-06 18:13:49,086 [WARN] PackLoader:240 - Cannot read IP mode file for STMicroelectronics.X-CUBE-BLE1.7.0.0
2025-06-06 18:13:49,112 [WARN] PackLoader:240 - Cannot read IP mode file for STMicroelectronics.X-CUBE-NFC10.1.0.0
2025-06-06 18:13:49,142 [WARN] PackLoader:240 - Cannot read IP mode file for STMicroelectronics.X-CUBE-BLEMGR.4.0.0
2025-06-06 18:13:49,190 [WARN] PackLoader:240 - Cannot read IP mode file for emotas.I-CUBE-CANOPEN.1.3.0
2025-06-06 18:13:49,244 [WARN] PackLoader:240 - Cannot read IP mode file for STMicroelectronics.X-CUBE-TOUCHGFX.4.22.0
2025-06-06 18:13:49,364 [WARN] PackLoader:240 - Cannot read IP mode file for STMicroelectronics.X-CUBE-TOUCHGFX.4.22.1
2025-06-06 18:13:49,406 [WARN] PackLoader:240 - Cannot read IP mode file for STMicroelectronics.X-CUBE-BLEMGR.3.1.0
2025-06-06 18:13:49,439 [WARN] PackLoader:240 - Cannot read IP mode file for STMicroelectronics.X-CUBE-AI.10.0.0
2025-06-06 18:13:49,482 [WARN] PackLoader:240 - Cannot read IP mode file for STMicroelectronics.FP-SNS-SMARTAG2.1.2.0
2025-06-06 18:13:49,503 [WARN] PackLoader:240 - Cannot read IP mode file for STMicroelectronics.FP-SNS-FLIGHT1.5.1.0
2025-06-06 18:13:49,693 [WARN] PackLoader:240 - Cannot read IP mode file for STMicroelectronics.X-CUBE-MEMS1.11.1.0
2025-06-06 18:13:50,027 [INFO] LogOutputStream:77 - [STDOUT_REDIRECT] 1 : Invalid condition id : UX_CORESTACK_Condition cause : null
2025-06-06 18:13:50,028 [INFO] LogOutputStream:77 - [STDOUT_REDIRECT] 1 : Invalid condition id : UX_CORESTACK_Condition cause : null
2025-06-06 18:13:50,029 [INFO] LogOutputStream:77 - [STDOUT_REDIRECT] 1 : Invalid condition id : UX_CORESTACK_Condition cause : null
2025-06-06 18:13:50,031 [INFO] LogOutputStream:77 - [STDOUT_REDIRECT] 1 : Invalid condition id : UX_CORESTACK_Condition cause : null
2025-06-06 18:13:50,033 [INFO] LogOutputStream:77 - [STDOUT_REDIRECT] 1 : Invalid condition id : UX_CORESTACK_Condition cause : null
2025-06-06 18:13:50,038 [WARN] PackLoader:240 - Cannot read IP mode file for STMicroelectronics.X-CUBE-AZRTOS-WL.2.0.0
2025-06-06 18:13:50,076 [WARN] PackLoader:240 - Cannot read IP mode file for STMicroelectronics.FP-SNS-MOTENV1.5.0.0
2025-06-06 18:13:50,095 [INFO] WebApp:225 - Starting web application
2025-06-06 18:13:50,095 [INFO] WebApp:593 - Web application path used C:\ST\STM32CubeIDE_1.13.1\STM32CubeIDE\plugins\com.st.stm32cube.common.mx_6.14.1.202504091515\db\plugins\mcufinder\reactClient1\index.html
2025-06-06 18:13:50,100 [WARN] PackLoader:240 - Cannot read IP mode file for wolfSSL.I-CUBE-wolfMQTT.1.19.0
2025-06-06 18:13:50,126 [WARN] PackLoader:240 - Cannot read IP mode file for WES.I-CUBE-Cesium.1.3.0
2025-06-06 18:13:50,152 [WARN] PackLoader:240 - Cannot read IP mode file for STMicroelectronics.X-CUBE-BLE2.3.3.0
2025-06-06 18:13:50,193 [WARN] PackLoader:240 - Cannot read IP mode file for STMicroelectronics.X-CUBE-NFC9.1.0.0
2025-06-06 18:13:50,216 [WARN] PackLoader:240 - Cannot read IP mode file for STMicroelectronics.X-CUBE-BLE1.7.1.0
2025-06-06 18:13:50,240 [WARN] PackLoader:240 - Cannot read IP mode file for STMicroelectronics.X-CUBE-AI.10.1.0
2025-06-06 18:13:50,353 [WARN] PackLoader:240 - Cannot read IP mode file for STMicroelectronics.X-CUBE-ALGOBUILD.1.3.0
2025-06-06 18:13:50,367 [INFO] WebApp:191 - Connection restablished
2025-06-06 18:13:50,649 [WARN] PackLoader:240 - Cannot read IP mode file for STMicroelectronics.X-CUBE-MEMS1.11.2.0
2025-06-06 18:13:50,859 [WARN] PackLoader:240 - Cannot read IP mode file for STMicroelectronics.X-CUBE-AZRTOS-G0.1.1.0
2025-06-06 18:13:50,892 [WARN] PackLoader:240 - Cannot read IP mode file for STMicroelectronics.X-CUBE-SAFEA1.1.2.2
2025-06-06 18:13:50,935 [WARN] PackLoader:240 - Cannot read IP mode file for STMicroelectronics.X-CUBE-NFC4.3.0.0
2025-06-06 18:13:50,976 [WARN] PackLoader:240 - Cannot read IP mode file for EmbeddedOffice.I-CUBE-FS-RTOS.1.0.1
2025-06-06 18:13:50,999 [WARN] PackLoader:240 - Cannot read IP mode file for STMicroelectronics.X-CUBE-WB05N.2.0.0
2025-06-06 18:13:51,028 [WARN] PackLoader:240 - Cannot read IP mode file for STMicroelectronics.X-CUBE-BLEMGR.3.0.0
2025-06-06 18:13:51,058 [WARN] PackLoader:240 - Cannot read IP mode file for STMicroelectronics.X-CUBE-TCPP.4.2.0
2025-06-06 18:13:51,084 [WARN] PackLoader:240 - Cannot read IP mode file for RealThread.X-CUBE-RT-Thread_Nano.4.1.1
2025-06-06 18:13:51,107 [WARN] PackLoader:240 - Cannot read IP mode file for STMicroelectronics.FP-ATR-SIGFOX1.3.2.0
2025-06-06 18:13:51,128 [WARN] ConditionMgr:438 - getConditionDescription Invalid condition id : Cortex-A Device cause : null
2025-06-06 18:13:51,168 [WARN] ConditionMgr:1044 - genDependencies : Invalid condition id : Cortex-A Device cause : null
2025-06-06 18:13:51,168 [WARN] ConditionMgr:1044 - genDependencies : Invalid condition id : Cortex-A Device cause : null
2025-06-06 18:13:51,168 [WARN] ConditionMgr:1044 - genDependencies : Invalid condition id : Cortex-A Device cause : null
2025-06-06 18:13:51,194 [WARN] PackLoader:240 - Cannot read IP mode file for STMicroelectronics.X-CUBE-EEPRMA1.5.1.0
2025-06-06 18:13:51,245 [WARN] PackLoader:240 - Cannot read IP mode file for STMicroelectronics.X-CUBE-ST67W61.1.0.0
2025-06-06 18:13:51,294 [WARN] PackLoader:240 - Cannot read IP mode file for SEGGER.I-CUBE-embOS.1.3.1
2025-06-06 18:13:51,349 [WARN] PackLoader:240 - Cannot read IP mode file for STMicroelectronics.X-CUBE-ALGOBUILD.1.4.0
2025-06-06 18:13:51,379 [WARN] PackLoader:240 - Cannot read IP mode file for STMicroelectronics.X-CUBE-GNSS1.6.0.0
2025-06-06 18:13:51,420 [WARN] PackLoader:240 - Cannot read IP mode file for STMicroelectronics.X-CUBE-AZRTOS-F4.1.1.0
2025-06-06 18:13:51,451 [WARN] PackLoader:240 - Cannot read IP mode file for wolfSSL.I-CUBE-wolfSSL.5.6.3
2025-06-06 18:13:51,475 [WARN] PackLoader:240 - Cannot read IP mode file for Avnet-IotConnect.X-CUBE-IoTC-DA16k-PMOD.1.0.0
2025-06-06 18:13:51,499 [WARN] PackLoader:240 - Cannot read IP mode file for STMicroelectronics.X-CUBE-ISPU.2.1.0
2025-06-06 18:13:51,545 [WARN] PackLoader:240 - Cannot read IP mode file for STMicroelectronics.X-CUBE-AZRTOS-L5.2.0.0
2025-06-06 18:13:51,623 [WARN] PackLoader:240 - Cannot read IP mode file for STMicroelectronics.X-CUBE-MEMS1.9.6.0
2025-06-06 18:13:51,949 [WARN] PackLoader:240 - Cannot read IP mode file for STMicroelectronics.X-CUBE-EEPRMA1.4.2.0
2025-06-06 18:13:52,036 [WARN] PackLoader:240 - Cannot read IP mode file for STMicroelectronics.X-CUBE-NFC6.3.1.0
2025-06-06 18:13:52,067 [WARN] PackLoader:240 - Cannot read IP mode file for ITTIA_DB.I-CUBE-ITTIADB.8.8.0
2025-06-06 18:13:52,096 [WARN] PackLoader:240 - Cannot read IP mode file for STMicroelectronics.X-CUBE-BLEMGR.2.0.0
2025-06-06 18:13:52,122 [WARN] PackLoader:240 - Cannot read IP mode file for STMicroelectronics.X-CUBE-DPower.1.2.0
2025-06-06 18:13:52,170 [WARN] ConditionMgr:438 - getConditionDescription Invalid condition id : UX DEVICE CLASS RTOS Condition cause : null
2025-06-06 18:13:52,171 [WARN] ConditionMgr:438 - getConditionDescription Invalid condition id : UX DEVICE CLASS RTOS Condition cause : null
2025-06-06 18:13:52,175 [WARN] PackLoader:240 - Cannot read IP mode file for STMicroelectronics.X-CUBE-AZRTOS-H7.3.1.0
2025-06-06 18:13:52,176 [WARN] ConditionMgr:1044 - genDependencies : Invalid condition id : UX DEVICE CLASS RTOS Condition cause : null
2025-06-06 18:13:52,177 [WARN] ConditionMgr:1044 - genDependencies : Invalid condition id : UX DEVICE CLASS RTOS Condition cause : null
2025-06-06 18:13:52,177 [WARN] ConditionMgr:1044 - genDependencies : Invalid condition id : UX DEVICE CLASS RTOS Condition cause : null
2025-06-06 18:13:52,178 [WARN] ConditionMgr:1044 - genDependencies : Invalid condition id : UX DEVICE CLASS RTOS Condition cause : null
2025-06-06 18:13:52,179 [WARN] ConditionMgr:1044 - genDependencies : Invalid condition id : UX DEVICE CLASS RTOS Condition cause : null
2025-06-06 18:13:52,208 [WARN] PackLoader:240 - Cannot read IP mode file for STMicroelectronics.X-CUBE-FREERTOS.1.3.1
2025-06-06 18:13:52,230 [WARN] PackLoader:240 - Cannot read IP mode file for STMicroelectronics.X-CUBE-FREERTOS.1.3.0
2025-06-06 18:13:52,252 [WARN] PackLoader:240 - Cannot read IP mode file for STMicroelectronics.X-CUBE-NFC7.1.0.1
2025-06-06 18:13:52,284 [WARN] PackLoader:240 - Cannot read IP mode file for STMicroelectronics.X-CUBE-NFC6.3.0.0
2025-06-06 18:13:52,316 [WARN] PackLoader:240 - Cannot read IP mode file for STMicroelectronics.X-CUBE-EEPRMA1.4.1.0
2025-06-06 18:13:52,339 [WARN] PackLoader:240 - Cannot read IP mode file for STMicroelectronics.X-CUBE-DPower.1.3.0
2025-06-06 18:13:52,362 [WARN] PackLoader:240 - Cannot read IP mode file for STMicroelectronics.X-CUBE-AI.8.1.0
2025-06-06 18:13:52,407 [WARN] ConditionMgr:438 - getConditionDescription Invalid condition id : LAN8742 Phy interface Condition cause : null
2025-06-06 18:13:52,409 [WARN] PackLoader:240 - Cannot read IP mode file for STMicroelectronics.X-CUBE-AZRTOS-L4.2.0.0
2025-06-06 18:13:52,410 [WARN] ConditionMgr:1044 - genDependencies : Invalid condition id : LAN8742 Phy interface Condition cause : null
2025-06-06 18:13:52,411 [WARN] ConditionMgr:1044 - genDependencies : Invalid condition id : LAN8742 Phy interface Condition cause : null
2025-06-06 18:13:52,411 [WARN] ConditionMgr:1044 - genDependencies : Invalid condition id : LAN8742 Phy interface Condition cause : null
2025-06-06 18:13:52,437 [WARN] PackLoader:240 - Cannot read IP mode file for STMicroelectronics.X-CUBE-SFXS2LP1.4.0.0
2025-06-06 18:13:52,461 [WARN] PackLoader:240 - Cannot read IP mode file for STMicroelectronics.X-CUBE-ISPU.1.1.0
2025-06-06 18:13:52,518 [WARN] PackLoader:240 - Cannot read IP mode file for STMicroelectronics.X-CUBE-AZRTOS-H7.3.3.0
2025-06-06 18:13:52,570 [WARN] ConditionMgr:438 - getConditionDescription Invalid condition id : UX DEVICE CLASS RTOS Condition cause : null
2025-06-06 18:13:52,570 [WARN] ConditionMgr:438 - getConditionDescription Invalid condition id : UX DEVICE CLASS RTOS Condition cause : null
2025-06-06 18:13:52,573 [WARN] PackLoader:240 - Cannot read IP mode file for STMicroelectronics.X-CUBE-AZRTOS-WB.2.0.0
2025-06-06 18:13:52,575 [WARN] ConditionMgr:1044 - genDependencies : Invalid condition id : UX DEVICE CLASS RTOS Condition cause : null
2025-06-06 18:13:52,576 [WARN] ConditionMgr:1044 - genDependencies : Invalid condition id : UX DEVICE CLASS RTOS Condition cause : null
2025-06-06 18:13:52,577 [WARN] ConditionMgr:1044 - genDependencies : Invalid condition id : UX DEVICE CLASS RTOS Condition cause : null
2025-06-06 18:13:52,577 [WARN] ConditionMgr:1044 - genDependencies : Invalid condition id : UX DEVICE CLASS RTOS Condition cause : null
2025-06-06 18:13:52,577 [WARN] ConditionMgr:1044 - genDependencies : Invalid condition id : UX DEVICE CLASS RTOS Condition cause : null
2025-06-06 18:13:52,602 [WARN] PackLoader:240 - Cannot read IP mode file for STMicroelectronics.X-CUBE-GNSS1.7.0.1
2025-06-06 18:13:52,625 [WARN] PackLoader:240 - Cannot read IP mode file for STMicroelectronics.X-CUBE-TOUCHGFX.4.25.0
2025-06-06 18:13:52,649 [WARN] PackLoader:240 - Cannot read IP mode file for STMicroelectronics.FP-SNS-STBOX1.2.0.0
2025-06-06 18:13:52,683 [WARN] PackLoader:240 - Cannot read IP mode file for STMicroelectronics.X-CUBE-SUBG2.5.0.0
2025-06-06 18:13:52,734 [WARN] PackLoader:240 - Cannot read IP mode file for STMicroelectronics.X-CUBE-AZRTOS-H7RS.1.1.0
2025-06-06 18:13:52,763 [WARN] PackLoader:240 - Cannot read IP mode file for Cesanta.I-CUBE-Mongoose.7.13.0
2025-06-06 18:13:52,795 [WARN] PackLoader:240 - Cannot read IP mode file for STMicroelectronics.X-CUBE-TOF1.3.3.1
2025-06-06 18:13:52,848 [WARN] PackLoader:240 - Cannot read IP mode file for STMicroelectronics.X-CUBE-AZRTOS-G4.2.0.0
2025-06-06 18:13:52,921 [WARN] PackLoader:240 - Cannot read IP mode file for Infineon.AIROC-Wi-Fi-Bluetooth-STM32.1.5.1
2025-06-06 18:13:52,947 [WARN] PackLoader:240 - Cannot read IP mode file for STMicroelectronics.FP-SNS-MOTENVWB1.1.3.0
2025-06-06 18:13:52,968 [WARN] PackLoader:240 - Cannot read IP mode file for STMicroelectronics.X-CUBE-NFC7.2.0.0
2025-06-06 18:13:52,994 [WARN] PackLoader:240 - Cannot read IP mode file for STMicroelectronics.FP-SNS-MOTENVWB1.1.3.1
2025-06-06 18:13:53,015 [WARN] PackLoader:240 - Cannot read IP mode file for STMicroelectronics.X-CUBE-ISPU.2.0.0
2025-06-06 18:13:53,050 [WARN] PackLoader:240 - Cannot read IP mode file for STMicroelectronics.X-CUBE-IPS.3.1.0
2025-06-06 18:13:53,078 [WARN] PackLoader:240 - Cannot read IP mode file for STMicroelectronics.X-CUBE-ALS.1.0.2
2025-06-06 18:13:53,232 [WARN] PackLoader:240 - Cannot read IP mode file for STMicroelectronics.X-CUBE-MEMS1.10.0.0
2025-06-06 18:13:53,245 [INFO] UserAuth:484 - Internet connection configuration mode: 1
2025-06-06 18:13:53,381 [WARN] PackLoader:240 - Cannot read IP mode file for STMicroelectronics.X-CUBE-FREERTOS.1.1.0
2025-06-06 18:13:53,404 [WARN] PackLoader:240 - Cannot read IP mode file for STMicroelectronics.X-CUBE-TOUCHGFX.4.24.2
2025-06-06 18:13:53,429 [WARN] PackLoader:240 - Cannot read IP mode file for wolfSSL.I-CUBE-wolfTPM.3.4.0
2025-06-06 18:13:53,462 [WARN] PackLoader:240 - Cannot read IP mode file for portGmbH.I-Cube-SoM-uGOAL.1.1.0
2025-06-06 18:13:53,491 [WARN] PackLoader:240 - Cannot read IP mode file for STMicroelectronics.X-CUBE-ALS.1.0.1
2025-06-06 18:13:53,541 [WARN] PackLoader:240 - Cannot read IP mode file for STMicroelectronics.X-CUBE-AZRTOS-H7RS.1.0.0
2025-06-06 18:13:53,568 [WARN] PackLoader:240 - Cannot read IP mode file for STMicroelectronics.FP-ATR-ASTRA1.2.0.0
2025-06-06 18:13:53,602 [WARN] PackLoader:240 - Cannot read IP mode file for STMicroelectronics.X-CUBE-TOF1.3.4.2
2025-06-06 18:13:53,659 [WARN] PackLoader:240 - Cannot read IP mode file for STMicroelectronics.X-CUBE-TOF1.3.4.3
2025-06-06 18:13:53,975 [WARN] PackLoader:240 - Cannot read IP mode file for STMicroelectronics.X-CUBE-TOF1.3.4.0
2025-06-06 18:13:54,043 [WARN] PackLoader:240 - Cannot read IP mode file for STMicroelectronics.X-CUBE-AZRTOS-H7.3.2.0
2025-06-06 18:13:54,073 [WARN] PackLoader:240 - Cannot read IP mode file for wolfSSL.I-CUBE-wolfSSH.1.4.17
2025-06-06 18:13:54,075 [INFO] ThirdParty:978 - Integrity check success = true
2025-06-06 18:13:54,075 [INFO] IntegrityCheckThread:100 - exiting critical section [integrity check]
2025-06-06 18:13:54,075 [INFO] IntegrityCheckThread:103 - End integrity checks thread
2025-06-06 19:19:06,543 [INFO] WebApp:194 - Connection lost
2025-06-06 19:19:06,695 [INFO] WebApp:191 - Connection restablished
2025-06-06 19:20:02,219 [INFO] WebApp:194 - Connection lost
2025-06-06 19:20:02,319 [INFO] WebApp:191 - Connection restablished
2025-06-06 19:20:09,214 [INFO] WebApp:194 - Connection lost
2025-06-06 19:20:09,318 [INFO] WebApp:191 - Connection restablished
2025-06-06 19:20:23,204 [INFO] WebApp:194 - Connection lost
2025-06-06 19:20:23,309 [INFO] WebApp:191 - Connection restablished
2025-06-06 19:20:41,198 [INFO] WebApp:194 - Connection lost
2025-06-06 19:20:41,710 [INFO] WebApp:191 - Connection restablished
2025-06-06 19:22:06,199 [INFO] WebApp:194 - Connection lost
2025-06-06 19:22:06,341 [INFO] WebApp:191 - Connection restablished
2025-06-06 19:23:25,700 [INFO] WebApp:194 - Connection lost
2025-06-06 19:23:25,827 [INFO] WebApp:191 - Connection restablished
2025-06-06 19:23:36,372 [INFO] McuFinderGlobals:63 - Set McuFinder mode to 2 (CubeIDE integrated)
2025-06-06 19:23:36,410 [INFO] MainUpdater:2872 - connection check result : 10
2025-06-06 19:23:36,422 [INFO] MainUpdater:2872 - connection check result : 10
2025-06-06 19:23:36,641 [INFO] MicroXplorer:468 - Change Database Path : 
2025-06-06 19:23:36,641 [INFO] MicroXplorer:498 - Change Database Version : DB.6.0.141
2025-06-06 19:23:36,655 [WARN] ThirdParty:871 - waiting for thirdparty lock release [close project]
2025-06-06 19:23:36,655 [INFO] ThirdParty:873 - entering critical section [close project]
2025-06-06 19:23:36,658 [INFO] ThirdParty:883 - exiting critical section [close project]
2025-06-06 19:23:36,669 [INFO] PinOutPanel:1589 - setPackage(No Configuration,No Configuration)
2025-06-06 19:23:36,696 [INFO] UtilMem:75 - Begin LoadConfig() Used Memory: 561763760 Bytes (688914432)
2025-06-06 19:23:36,701 [INFO] MicroXplorer:468 - Change Database Path : 
2025-06-06 19:23:36,701 [INFO] MicroXplorer:498 - Change Database Version : DB.6.0.141
2025-06-06 19:23:36,702 [INFO] OpenFileManager:354 - Change cursor
2025-06-06 19:23:36,880 [INFO] Mcu:2011 - Initializing MCU STM32F446R(C-E)Tx STM32F446RCTx STM32F446RCT7
2025-06-06 19:23:40,091 [INFO] Context:756 - Trying to add GPIOservice into a context  which must be forbidden
2025-06-06 19:23:40,874 [INFO] ImportTextPane:218 - (OptionalMessage_ERROR) Pin42 (VP_RIF_VS_RIF1) cannot be retrieved for this MCU
2025-06-06 19:23:41,164 [INFO] RtosManager:558 - Registered RTOS mode: class=CMSIS, group=RTOS, mode=CMSIS_V1, owner=FREERTOS
2025-06-06 19:23:41,164 [INFO] RtosManager:558 - Registered RTOS mode: class=CMSIS, group=RTOS2, mode=CMSIS_V2, owner=FREERTOS
2025-06-06 19:23:41,164 [INFO] RtosManager:558 - Registered RTOS mode: class=RTOS, group=Core, mode=CMSIS_V1, owner=FREERTOS
2025-06-06 19:23:41,165 [INFO] RtosManager:558 - Registered RTOS mode: class=RTOS, group=Core, mode=CMSIS_V2, owner=FREERTOS
2025-06-06 19:23:41,165 [WARN] ModelIntegratedComponent:184 - Missing modes for component STMicroelectronics:FreeRTOS:0.0.1:STMicroelectronics:RTOS:FreeRTOS:Core:::10.2.0:
2025-06-06 19:23:41,174 [WARN] ModelIntegratedComponent:63 - No mode defined for component null
2025-06-06 19:23:41,174 [WARN] ModelIntegratedComponent:63 - No mode defined for component null
2025-06-06 19:23:41,175 [WARN] ModelIntegratedComponent:63 - No mode defined for component null
2025-06-06 19:23:41,175 [WARN] ModelIntegratedComponent:63 - No mode defined for component null
2025-06-06 19:23:41,175 [WARN] ModelIntegratedComponent:63 - No mode defined for component null
2025-06-06 19:23:41,175 [WARN] ModelIntegratedComponent:63 - No mode defined for component null
2025-06-06 19:23:41,175 [WARN] ModelIntegratedComponent:63 - No mode defined for component null
2025-06-06 19:23:41,175 [WARN] ModelIntegratedComponent:63 - No mode defined for component null
2025-06-06 19:23:41,176 [WARN] ModelIntegratedComponent:63 - No mode defined for component null
2025-06-06 19:23:41,176 [WARN] ModelIntegratedComponent:63 - No mode defined for component null
2025-06-06 19:23:41,176 [WARN] ModelIntegratedComponent:63 - No mode defined for component null
2025-06-06 19:23:41,176 [WARN] ModelIntegratedComponent:63 - No mode defined for component null
2025-06-06 19:23:41,176 [WARN] ModelIntegratedComponent:63 - No mode defined for component null
2025-06-06 19:23:41,176 [WARN] ModelIntegratedComponent:63 - No mode defined for component null
2025-06-06 19:23:41,176 [WARN] ModelIntegratedComponent:63 - No mode defined for component null
2025-06-06 19:23:41,176 [WARN] ModelIntegratedComponent:63 - No mode defined for component null
2025-06-06 19:23:41,176 [WARN] ModelIntegratedComponent:63 - No mode defined for component null
2025-06-06 19:23:41,176 [WARN] ModelIntegratedComponent:63 - No mode defined for component null
2025-06-06 19:23:41,177 [WARN] ModelIntegratedComponent:63 - No mode defined for component null
2025-06-06 19:23:41,177 [WARN] ModelIntegratedComponent:63 - No mode defined for component null
2025-06-06 19:23:41,177 [WARN] ModelIntegratedComponent:63 - No mode defined for component null
2025-06-06 19:23:41,177 [WARN] ModelIntegratedComponent:63 - No mode defined for component null
2025-06-06 19:23:41,177 [WARN] ModelIntegratedComponent:63 - No mode defined for component null
2025-06-06 19:23:41,177 [WARN] ModelIntegratedComponent:63 - No mode defined for component null
2025-06-06 19:23:41,177 [WARN] ModelIntegratedComponent:63 - No mode defined for component null
2025-06-06 19:23:41,177 [WARN] ModelIntegratedComponent:63 - No mode defined for component null
2025-06-06 19:23:41,177 [WARN] ModelIntegratedComponent:63 - No mode defined for component null
2025-06-06 19:23:41,177 [WARN] ModelIntegratedComponent:63 - No mode defined for component null
2025-06-06 19:23:41,177 [WARN] ModelIntegratedComponent:63 - No mode defined for component null
2025-06-06 19:23:41,178 [WARN] ModelIntegratedComponent:63 - No mode defined for component null
2025-06-06 19:23:41,178 [WARN] ModelIntegratedComponent:63 - No mode defined for component null
2025-06-06 19:23:41,178 [WARN] ModelIntegratedComponent:63 - No mode defined for component null
2025-06-06 19:23:41,178 [WARN] ModelIntegratedComponent:63 - No mode defined for component null
2025-06-06 19:23:41,178 [WARN] ModelIntegratedComponent:63 - No mode defined for component null
2025-06-06 19:23:41,178 [WARN] ModelIntegratedComponent:63 - No mode defined for component null
2025-06-06 19:23:41,178 [WARN] ModelPack:524 - Component already loaded: STMicroelectronics:HAL Drivers:0.0.0:STMicroelectronics:Device:STMicro_Driver:XSPI:HAL::0.0.1:HAL_XSPI
2025-06-06 19:23:41,554 [INFO] ThirdPartyModel:298 - Start build external matchings
2025-06-06 19:23:43,177 [INFO] ThirdPartyModel:316 - End build external matchings
2025-06-06 19:23:43,233 [INFO] ImportTextPane:218 - (OptionalMessage_ERROR) IP (RCC) : Invalid parameter (FamilyName)
2025-06-06 19:23:43,235 [INFO] ImportTextPane:218 - (OptionalMessage_ERROR) IP (RCC) : Parameter (SDIOFreq_Value) has invalid value (100000000)
2025-06-06 19:23:43,235 [INFO] ImportTextPane:218 - (OptionalMessage_ERROR) IP (RCC) : Parameter (USBFreq_Value) has invalid value (100000000)
2025-06-06 19:23:43,821 [INFO] ApiDb:581 - Connected to CubeFinder SQLite database (C:\Users\amozd\.stmcufinder\plugins\mcufinder\mcu\cube-finder-db.db)
2025-06-06 19:23:43,904 [INFO] ApiDb:668 - CubeFinder database Data Model version=2.1
2025-06-06 19:23:43,904 [INFO] ApiDb:669 - CubeFinder database Configuration version=3.0.39
2025-06-06 19:23:43,904 [INFO] ApiDb:670 - CubeFinder database generation date=2025-04-23 (1745419778)
2025-06-06 19:23:43,904 [INFO] ApiDb:671 - CubeFinder database FW Pack versions=[FP-ATR-ASTRA1_V2.0.0, FP-SNS-FLIGHT1_V5.1.0, FP-SNS-MOTENV1_V5.0.0, FP-SNS-MOTENVWB1_V1.4.0, FP-SNS-SMARTAG2_V1.2.0, FP-SNS-STBOX1_V2.0.0, STM32Cube_FW_C0_V1.4.0, STM32Cube_FW_F4_V1.28.1, STM32Cube_FW_F7_V1.17.2, STM32Cube_FW_G0_V1.6.2, STM32Cube_FW_G4_V1.6.1, STM32Cube_FW_H5_V1.5.0, STM32Cube_FW_H7RS_V1.2.0, STM32Cube_FW_H7_V1.12.1, STM32Cube_FW_L0_V1.12.2, STM32Cube_FW_L4_V1.18.1, STM32Cube_FW_L5_V1.5.1, STM32Cube_FW_N6_V1.1.1, STM32Cube_FW_U0_V1.2.0, STM32Cube_FW_U3_V1.1.0, STM32Cube_FW_U5_V1.7.0, STM32Cube_FW_WB0_V1.2.0, STM32Cube_FW_WBA_V1.6.0, STM32Cube_FW_WB_V1.22.0, STM32Cube_FW_WL3_V1.1.0, STM32Cube_FW_WL_V1.3.1, X-CUBE-ALGOBUILD_V1.4.0, X-CUBE-ALS_V1.0.2, X-CUBE-AZRTOS-F4_V1.1.0, X-CUBE-AZRTOS-F7_V1.1.0, X-CUBE-AZRTOS-G0_V1.1.0, X-CUBE-AZRTOS-G4_V2.0.0, X-CUBE-AZRTOS-H7RS_V1.1.0, X-CUBE-AZRTOS-H7_V3.3.0, X-CUBE-AZRTOS-L4_V2.0.0, X-CUBE-AZRTOS-L5_V2.0.0, X-CUBE-AZRTOS-WB_V2.0.0, X-CUBE-AZRTOS-WL_V2.0.0, X-CUBE-BLE1_V7.1.0, X-CUBE-BLE2_V3.3.0, X-CUBE-BLEMGR_V4.0.0, X-CUBE-EEPRMA1_V5.1.0, X-CUBE-FREERTOS_V1.3.0, X-CUBE-GNSS1_V6.0.0, X-CUBE-MEMS1_V11.2.0, X-CUBE-NFC4_V3.0.0, X-CUBE-NFC7_V1.0.1, X-CUBE-SFXS2LP1_V4.0.0, X-CUBE-SUBG2_V5.0.0, X-CUBE-TOF1_V3.4.3]
2025-06-06 19:23:44,038 [INFO] DbBoardsSqlite:226 - include board P-NUCLEO-WB55-NUCLEO as a kit item of type 'Nucleo-64'
2025-06-06 19:23:44,038 [INFO] DbBoardsSqlite:226 - include board P-NUCLEO-WB55-USBDONGLE as a kit item of type 'Nucleo USB Dongle'
2025-06-06 19:23:44,040 [INFO] DbBoardsSqlite:226 - include board STEVAL-IDP005V1 as a kit item of type 'Evaluation Board'
2025-06-06 19:23:44,041 [INFO] DbBoardsSqlite:226 - include board STEVAL-IDP005V2 as a kit item of type 'Evaluation Board'
2025-06-06 19:23:44,365 [INFO] ApiDb:240 - Found 895 in-development CPN: [B-G473E-ZEST1S, B-WB1M-WPAN1, B-WBA5M-WPAN, B-WL5M-SUBG1, NUCLEO-C031C6, NUCLEO-C051C8, NUCLEO-C071RB, NUCLEO-C092RC, NUCLEO-H503RB, NUCLEO-H533RE, NUCLEO-H563ZI, NUCLEO-H7S3L8, NUCLEO-N657X0-Q, NUCLEO-U031R8, NUCLEO-U083RC, NUCLEO-U385RG-Q, NUCLEO-U545RE-Q, NUCLEO-U5A5ZJ-Q, NUCLEO-WB05KZ, NUCLEO-WB07CC, NUCLEO-WB09KE, NUCLEO-WBA52CG, NUCLEO-WBA55CG, NUCLEO-WBA65RI, NUCLEO-WL33CC1, NUCLEO-WL33CC2, STEVAL-PROTEUS1, STEVAL-SMARTAG2, STEVAL-STWINBX1, STM320518-EVAL, STM32C0116-DK, STM32C011D6Y3TR, STM32C011D6Y6TR, STM32C011F4P3, STM32C011F4P6, STM32C011F4U3, STM32C011F4U6TR, STM32C011F6P3, STM32C011F6P6, STM32C011F6U3, STM32C011F6U6TR, STM32C011J4M3, STM32C011J4M6, STM32C011J6M3, STM32C011J6M6, STM32C0316-DK, STM32C031C4T3, STM32C031C4T6, STM32C031C4U3, STM32C031C4U6, STM32C031C6T3, STM32C031C6T6, STM32C031C6U3, STM32C031C6U6, STM32C031F4P3, STM32C031F4P6, STM32C031F6P3, STM32C031F6P6, STM32C031G4U3, STM32C031G4U6, STM32C031G6U3, STM32C031G6U6, STM32C031K4T3, STM32C031K4T6, STM32C031K4U3, STM32C031K4U6, STM32C031K6T3, STM32C031K6T6, STM32C031K6U3, STM32C031K6U6, STM32C051C6T6, STM32C051C6U6, STM32C051C8T6, STM32C051C8U6, STM32C051D8Y6TR, STM32C051F6P6, STM32C051F8P6, STM32C051G6U6, STM32C051G8U6, STM32C051K6T6, STM32C051K6U6, STM32C051K8T6, STM32C071C8T6, STM32C071C8T6N, STM32C071C8U6, STM32C071C8U6N, STM32C071CBT6, STM32C071CBT6N, STM32C071CBU6, STM32C071CBU6N, STM32C071F8P6, STM32C071F8P6N, STM32C071FBP6, STM32C071FBP6N, STM32C071FBY6TR, STM32C071G8U6, STM32C071G8U6N, STM32C071GBU6, STM32C071GBU6N, STM32C071K8T6, STM32C071K8T6N, STM32C071K8U6, STM32C071K8U6N, STM32C071KBT6, STM32C071KBT6N, STM32C071KBU6, STM32C071KBU6N, STM32C071R8T6, STM32C071R8T6N, STM32C071RBI6N, STM32C071RBT6, STM32C071RBT6N, STM32C091CBT6, STM32C091CBU6, STM32C091CCT6, STM32C091CCU6, STM32C091ECY6TR, STM32C091FBP6, STM32C091FCP6, STM32C091GBU6, STM32C091GCU6, STM32C091KBT6, STM32C091KBU6, STM32C091KCT6, STM32C091KCU6, STM32C091RBT6, STM32C091RCI6, STM32C091RCT6, STM32C092CBT6, STM32C092CBU6, STM32C092CCT6, STM32C092CCU6, STM32C092ECY6TR, STM32C092FBP6, STM32C092FCP6, STM32C092GBU6, STM32C092GCU6, STM32C092KBT6, STM32C092KBU6, STM32C092KCT6, STM32C092KCU6, STM32C092RBT6, STM32C092RCI6, STM32C092RCT6, STM32G071K8TXN, STM32G071K8UXN, STM32G081GBU6N, STM32G081KBT6N, STM32G081KBUXN, STM32G0B1CCT6N, STM32G0B1KCT6, STM32G0B1NEY6TR, STM32G0B1RCT6N, STM32G0C1CCT6, STM32G0C1CCT6N, STM32G0C1CCU6N, STM32G0C1CET6N, STM32G0C1CEU6N, STM32G0C1KCT6, STM32G0C1NEY6TR, STM32G0C1RCI6N, STM32G0C1RCT6N, STM32G0C1REI6N, STM32G0C1RET6N, STM32G0C1VCI6, STM32G0C1VEI6, STM32G411C6T3, STM32G411C6T6, STM32G411C6U3, STM32G411C6U6, STM32G411C8T3, STM32G411C8T6, STM32G411C8U3, STM32G411C8U6, STM32G411CBT3, STM32G411CBT6, STM32G411CBU3, STM32G411CBU6, STM32G411CCT3, STM32G411CCT6, STM32G411CCU3, STM32G411CCU6, STM32G411K6T3, STM32G411K6T6, STM32G411K6U3, STM32G411K6U6, STM32G411K8T3, STM32G411K8T6, STM32G411K8U3, STM32G411K8U6, STM32G411KBT3, STM32G411KBT6, STM32G411KBU3, STM32G411KBU6, STM32G411M6T3, STM32G411M6T6, STM32G411M8T3, STM32G411M8T6, STM32G411MBT3, STM32G411MBT6, STM32G411MCT3, STM32G411MCT6, STM32G411R6T3, STM32G411R6T6, STM32G411R8T3, STM32G411R8T6, STM32G411RBT3, STM32G411RBT6, STM32G411RCT3, STM32G411RCT6, STM32G414CBT3, STM32G414CBT6, STM32G414CBU3, STM32G414CBU6, STM32G414CCT3, STM32G414CCT6, STM32G414CCU3, STM32G414CCU6, STM32G414MBT3, STM32G414MBT6, STM32G414MCT3, STM32G414MCT6, STM32G414RBT3, STM32G414RBT6, STM32G414RCT3, STM32G414RCT6, STM32G414VBT3, STM32G414VBT6, STM32G414VCT3, STM32G414VCT6, STM32G431CBT3Z, STM32G431RBT3Z, STM32G471CCT6, STM32G471CCU6, STM32G471CET3, STM32G471CET6, STM32G471CEU3, STM32G471CEU6, STM32G471MCT6, STM32G471MET3, STM32G471MET6, STM32G471MEY6TR, STM32G471QCT6, STM32G471QET3, STM32G471RCT6, STM32G471RET3, STM32G471RET6, STM32G471VCH6, STM32G471VCI6, STM32G471VCT6, STM32G471VEH3, STM32G471VEH6, STM32G471VEI3, STM32G471VEI6, STM32G471VET3, STM32G471VET6, STM32G473QET3Z, STM32G473RET3Z, STM32G474CCT6, STM32G491RET3Z, STM32H503CBT6, STM32H503CBU6, STM32H503EBY6TR, STM32H503KBU6, STM32H503RBT6, STM32H523CCT6, STM32H523CCU6, STM32H523CET6, STM32H523CEU6, STM32H523HEY6TR, STM32H523RCT6, STM32H523RET6, STM32H523VCI6, STM32H523VCT6, STM32H523VEI6, STM32H523VET6, STM32H523ZCJ6, STM32H523ZCT6, STM32H523ZEJ6, STM32H523ZET6, STM32H533CET6, STM32H533CEU6, STM32H533HEY6TR, STM32H533RET6, STM32H533VEI6, STM32H533VET6, STM32H533ZEJ6, STM32H533ZET6, STM32H562AGI6, STM32H562AII6, STM32H562IGK6, STM32H562IGT6, STM32H562IIK6, STM32H562IIT6, STM32H562RGT6, STM32H562RGV6, STM32H562RIT6, STM32H562RIV6, STM32H562VGT6, STM32H562VIT6, STM32H562ZGT6, STM32H562ZIT6, STM32H563AGI6, STM32H563AII3Q, STM32H563AII6, STM32H563IGK6, STM32H563IGT6, STM32H563IIK3Q, STM32H563IIK6, STM32H563IIT3Q, STM32H563IIT6, STM32H563MIY3QTR, STM32H563RGT6, STM32H563RGV6, STM32H563RIT6, STM32H563RIV6, STM32H563VGT6, STM32H563VIT3Q, STM32H563VIT6, STM32H563ZGT6, STM32H563ZIT3Q, STM32H563ZIT6, STM32H573AII3Q, STM32H573AII6, STM32H573I-DK, STM32H573IIK3Q, STM32H573IIK6, STM32H573IIT3Q, STM32H573IIT6, STM32H573MIY3QTR, STM32H573RIT6, STM32H573RIV6, STM32H573VIT3Q, STM32H573VIT6, STM32H573ZIT3Q, STM32H573ZIT6, STM32H7R3A8I6, STM32H7R3I8K6, STM32H7R3I8T6, STM32H7R3L8H6, STM32H7R3L8H6H, STM32H7R3R8V6, STM32H7R3V8H6, STM32H7R3V8T6, STM32H7R3V8Y6TR, STM32H7R3Z8J6, STM32H7R3Z8T6, STM32H7R7A8I6, STM32H7R7I8K6, STM32H7R7I8T6, STM32H7R7L8H6, STM32H7R7L8H6H, STM32H7R7Z8J6, STM32H7S3A8I6, STM32H7S3I8K6, STM32H7S3I8T6, STM32H7S3L8H6, STM32H7S3L8H6H, STM32H7S3R8V6, STM32H7S3V8H6, STM32H7S3V8T6, STM32H7S3V8Y6TR, STM32H7S3Z8J6, STM32H7S3Z8T6, STM32H7S78-DK, STM32H7S7A8I6, STM32H7S7I8K6, STM32H7S7I8T6, STM32H7S7L8H6, STM32H7S7L8H6H, STM32H7S7Z8J6, STM32L4R5QGI6STR, STM32MP131AAE3, STM32MP131AAF3, STM32MP131AAG3, STM32MP131CAE3, STM32MP131CAF3, STM32MP131CAG3, STM32MP131DAE7, STM32MP131DAF7, STM32MP131DAG7, STM32MP131FAE7, STM32MP131FAF7, STM32MP131FAG7, STM32MP133AAE3, STM32MP133AAF3, STM32MP133AAG3, STM32MP133CAE3, STM32MP133CAF3, STM32MP133CAG3, STM32MP133DAE7, STM32MP133DAF7, STM32MP133DAG7, STM32MP133FAE7, STM32MP133FAF7, STM32MP133FAG7, STM32MP135AAE3, STM32MP135AAF3, STM32MP135AAG3, STM32MP135CAE3, STM32MP135CAF3, STM32MP135CAG3, STM32MP135DAE7, STM32MP135DAF7, STM32MP135DAG7, STM32MP135F-DK, STM32MP135FAE7, STM32MP135FAF7, STM32MP135FAF7T, STM32MP135FAF7U, STM32MP135FAG7, STM32MP231AAJ3, STM32MP231AAK3, STM32MP231AAL3, STM32MP231CAJ3, STM32MP231CAK3, STM32MP231CAL3, STM32MP231DAJ3, STM32MP231DAK3, STM32MP231DAL3, STM32MP231FAJ3, STM32MP231FAK3, STM32MP231FAL3, STM32MP233AAJ3, STM32MP233AAK3, STM32MP233AAL3, STM32MP233CAJ3, STM32MP233CAK3, STM32MP233CAL3, STM32MP233DAJ3, STM32MP233DAK3, STM32MP233DAL3, STM32MP233FAJ3, STM32MP233FAK3, STM32MP233FAL3, STM32MP235AAJ3, STM32MP235AAK3, STM32MP235AAL3, STM32MP235CAJ3, STM32MP235CAK3, STM32MP235CAL3, STM32MP235DAJ3, STM32MP235DAK3, STM32MP235DAL3, STM32MP235FAJ3, STM32MP235FAK3, STM32MP235FAL3, STM32MP251AAI3, STM32MP251AAJ3, STM32MP251AAK3, STM32MP251AAL3, STM32MP251CAI3, STM32MP251CAJ3, STM32MP251CAK3, STM32MP251CAL3, STM32MP251DAI3, STM32MP251DAJ3, STM32MP251DAK3, STM32MP251DAL3, STM32MP251FAI3, STM32MP251FAJ3, STM32MP251FAK3, STM32MP251FAL3, STM32MP253AAI3, STM32MP253AAJ3, STM32MP253AAK3, STM32MP253AAL3, STM32MP253CAI3, STM32MP253CAJ3, STM32MP253CAK3, STM32MP253CAL3, STM32MP253DAI3, STM32MP253DAJ3, STM32MP253DAK3, STM32MP253DAL3, STM32MP253FAI3, STM32MP253FAJ3, STM32MP253FAK3, STM32MP253FAL3, STM32MP255AAI3, STM32MP255AAJ3, STM32MP255AAK3, STM32MP255AAL3, STM32MP255CAI3, STM32MP255CAJ3, STM32MP255CAK3, STM32MP255CAL3, STM32MP255DAI3, STM32MP255DAJ3, STM32MP255DAK3, STM32MP255DAL3, STM32MP255FAI3, STM32MP255FAJ3, STM32MP255FAK3, STM32MP255FAL3, STM32MP257AAI3, STM32MP257AAJ3, STM32MP257AAK3, STM32MP257AAL3, STM32MP257CAI3, STM32MP257CAJ3, STM32MP257CAK3, STM32MP257CAL3, STM32MP257DAI3, STM32MP257DAJ3, STM32MP257DAK3, STM32MP257DAL3, STM32MP257F-DK, STM32MP257F-EV1, STM32MP257FAI3, STM32MP257FAJ3, STM32MP257FAK3, STM32MP257FAL3, STM32N645A0H3Q, STM32N645B0H3Q, STM32N645I0H3Q, STM32N645L0H3Q, STM32N645X0H3Q, STM32N645Z0H3Q, STM32N647A0H3Q, STM32N647B0H3Q, STM32N647I0H3Q, STM32N647L0H3Q, STM32N647X0H3Q, STM32N647Z0H3Q, STM32N655A0H3Q, STM32N655B0H3Q, STM32N655I0H3Q, STM32N655L0H3Q, STM32N655X0H3Q, STM32N655Z0H3Q, STM32N6570-DK, STM32N657A0H3Q, STM32N657B0H3Q, STM32N657I0H3Q, STM32N657L0H3Q, STM32N657X0H3Q, STM32N657Z0H3Q, STM32U031C6T6, STM32U031C6U6, STM32U031C8T6, STM32U031C8U6, STM32U031F4P6, STM32U031F6P6, STM32U031F8P6, STM32U031G6Y6TR, STM32U031G8Y6TR, STM32U031K4U6, STM32U031K6U6, STM32U031K8U6, STM32U031R6I6, STM32U031R6T6, STM32U031R8I6, STM32U031R8T6, STM32U073C8T6, STM32U073C8U6, STM32U073CBT6, STM32U073CBU6, STM32U073CCT6, STM32U073CCU6, STM32U073H8Y6TR, STM32U073HBY6TR, STM32U073HCY6TR, STM32U073K8U6, STM32U073KBU6, STM32U073KCU6, STM32U073M8I6, STM32U073M8T6, STM32U073MBI6, STM32U073MBT6, STM32U073MCI6, STM32U073MCT6, STM32U073R8I6, STM32U073R8T6, STM32U073RBI6, STM32U073RBT6, STM32U073RCI6, STM32U073RCT6, STM32U083C-DK, STM32U083CCT6, STM32U083CCU6, STM32U083HCY6TR, STM32U083KCU6, STM32U083MCI6, STM32U083MCT6, STM32U083RCI6, STM32U083RCT6, STM32U375CET6, STM32U375CET6Q, STM32U375CEU6, STM32U375CEU6Q, STM32U375CEY6QTR, STM32U375CGT6, STM32U375CGT6Q, STM32U375CGU6, STM32U375CGU6Q, STM32U375CGY6QTR, STM32U375KEU6, STM32U375KGU6, STM32U375REI6, STM32U375REI6Q, STM32U375RET6, STM32U375RET6Q, STM32U375REY6GTR, STM32U375REY6QTR, STM32U375RGI6, STM32U375RGI6Q, STM32U375RGT6, STM32U375RGT6Q, STM32U375RGY6GTR, STM32U375RGY6QTR, STM32U375VEI6, STM32U375VEI6Q, STM32U375VET6, STM32U375VET6Q, STM32U375VGI6, STM32U375VGI6Q, STM32U375VGT6, STM32U375VGT6Q, STM32U385CGT6, STM32U385CGT6Q, STM32U385CGU6, STM32U385CGU6Q, STM32U385CGY6QTR, STM32U385KGU6, STM32U385RGI6, STM32U385RGI6Q, STM32U385RGT6, STM32U385RGT6Q, STM32U385RGY6GTR, STM32U385RGY6QTR, STM32U385VGI6, STM32U385VGI6Q, STM32U385VGT6, STM32U385VGT6Q, STM32U535CBT6, STM32U535CBT6Q, STM32U535CBU6, STM32U535CBU6Q, STM32U535CCT6, STM32U535CCT6Q, STM32U535CCU6, STM32U535CCU6Q, STM32U535CET6, STM32U535CET6Q, STM32U535CEU6, STM32U535CEU6Q, STM32U535JEY6QTR, STM32U535NCY6QTR, STM32U535NEY6QTR, STM32U535RBI6, STM32U535RBI6Q, STM32U535RBT6, STM32U535RBT6Q, STM32U535RCI6, STM32U535RCI6Q, STM32U535RCT6, STM32U535RCT6Q, STM32U535REI6, STM32U535REI6Q, STM32U535RET6, STM32U535RET6Q, STM32U535VCI6, STM32U535VCI6Q, STM32U535VCT6, STM32U535VCT6Q, STM32U535VEI6, STM32U535VEI6Q, STM32U535VET6, STM32U535VET6Q, STM32U545CET6, STM32U545CET6Q, STM32U545CEU6, STM32U545CEU6Q, STM32U545JEY6QTR, STM32U545NEY6QTR, STM32U545REI6, STM32U545REI6Q, STM32U545RET6, STM32U545RET6Q, STM32U545VEI6, STM32U545VEI6Q, STM32U545VET6, STM32U545VET6Q, STM32U595AIH6, STM32U595AIH6Q, STM32U595AJH6, STM32U595AJH6Q, STM32U595QII6, STM32U595QII6Q, STM32U595QJI6, STM32U595QJI6Q, STM32U595RIT6, STM32U595RIT6Q, STM32U595RJT6, STM32U595RJT6Q, STM32U595VIT6, STM32U595VIT6Q, STM32U595VJT6, STM32U595VJT6Q, STM32U595ZIT6, STM32U595ZIT6Q, STM32U595ZIY6QTR, STM32U595ZJT6, STM32U595ZJT6Q, STM32U595ZJY6QTR, STM32U599BJY6QTR, STM32U599NIH6Q, STM32U599NJH6Q, STM32U599VIT6Q, STM32U599VJT6, STM32U599VJT6Q, STM32U599ZIT6Q, STM32U599ZIY6QTR, STM32U599ZJT6Q, STM32U599ZJY6QTR, STM32U5A5AJH6, STM32U5A5AJH6Q, STM32U5A5QII3Q , STM32U5A5QJI6, STM32U5A5QJI6Q, STM32U5A5RJT6, STM32U5A5RJT6Q, STM32U5A5VJT6, STM32U5A5VJT6Q, STM32U5A5ZJT6, STM32U5A5ZJT6Q, STM32U5A5ZJY6QTR, STM32U5A9BJY6QTR, STM32U5A9J-DK, STM32U5A9NJH6Q, STM32U5A9VJT6Q, STM32U5A9ZJT6Q, STM32U5A9ZJY6QTR, STM32U5F7VIT6, STM32U5F7VIT6Q, STM32U5F7VJT6, STM32U5F7VJT6Q, STM32U5F9BJY6QTR, STM32U5F9NJH6Q, STM32U5F9VIT6Q, STM32U5F9VJT6Q, STM32U5F9ZIJ6QTR, STM32U5F9ZIT6Q, STM32U5F9ZJJ6QTR, STM32U5F9ZJT6Q, STM32U5G7VJT6, STM32U5G7VJT6Q, STM32U5G9BJY6QTR, STM32U5G9J-DK1, STM32U5G9J-DK2, STM32U5G9NJH6Q, STM32U5G9VJT6Q, STM32U5G9ZJJ6QTR, STM32U5G9ZJT6Q, STM32WB05KZV6TR, STM32WB05KZV7TR, STM32WB05TZF6TR, STM32WB05TZF7TR, STM32WB06CCF6TR, STM32WB06CCF7TR, STM32WB06CCV6TR, STM32WB06CCV7TR, STM32WB06KCV6TR, STM32WB06KCV7TR, STM32WB07CCF6TR, STM32WB07CCF7TR, STM32WB07CCV6TR, STM32WB07CCV7TR, STM32WB07KCV6TR, STM32WB07KCV7TR, STM32WB09KEV6TR, STM32WB09KEV7TR, STM32WB09TEF6TR, STM32WB09TEF7TR, STM32WB1MMCH6, STM32WBA50KGU6, STM32WBA50KGU6TR, STM32WBA52CEU6, STM32WBA52CEU6TR, STM32WBA52CEU7, STM32WBA52CEU7TR, STM32WBA52CGU6, STM32WBA52CGU6TR, STM32WBA52CGU6U, STM32WBA52CGU7, STM32WBA52CGU7TR, STM32WBA52KEU6, STM32WBA52KEU6TR, STM32WBA52KGU6, STM32WBA52KGU6TR, STM32WBA54CEU6, STM32WBA54CEU6TR, STM32WBA54CEU7, STM32WBA54CEU7TR, STM32WBA54CGU6, STM32WBA54CGU6TR, STM32WBA54CGU7, STM32WBA54CGU7TR, STM32WBA54KEU6, STM32WBA54KEU6TR, STM32WBA54KEU7, STM32WBA54KEU7TR, STM32WBA54KGU6, STM32WBA54KGU6TR, STM32WBA54KGU7, STM32WBA54KGU7TR, STM32WBA55CEU6, STM32WBA55CEU6TR, STM32WBA55CEU7, STM32WBA55CEU7TR, STM32WBA55CGU6, STM32WBA55CGU6TR, STM32WBA55CGU6U, STM32WBA55CGU7, STM32WBA55CGU7TR, STM32WBA55G-DK1, STM32WBA55HEF6, STM32WBA55HEF7, STM32WBA55HGF6, STM32WBA55HGF7, STM32WBA55UEI6, STM32WBA55UEI6TR, STM32WBA55UEI7, STM32WBA55UEI7TR, STM32WBA55UGI6, STM32WBA55UGI6TR, STM32WBA55UGI7, STM32WBA55UGI7TR, STM32WBA5MJGH6TR, STM32WBA62CGU6, STM32WBA62CIU6, STM32WBA62MGF6, STM32WBA62MIF6, STM32WBA62PGI6, STM32WBA62PII6, STM32WBA63CGU6, STM32WBA63CGU7, STM32WBA63CIU6, STM32WBA63CIU7, STM32WBA64CGU6, STM32WBA64CGU7, STM32WBA64CIU6, STM32WBA64CIU7, STM32WBA65CGU6, STM32WBA65CGU7, STM32WBA65CIU6, STM32WBA65CIU7, STM32WBA65I-DK1, STM32WBA65MGF6, STM32WBA65MGF7, STM32WBA65MIF6, STM32WBA65MIF7, STM32WBA65PGI6, STM32WBA65PGI7, STM32WBA65PII6, STM32WBA65PII7, STM32WBA65RGV6, STM32WBA65RGV7, STM32WBA65RIV6, STM32WBA65RIV7, STM32WL30K8V6, STM32WL30KBV6, STM32WL31C8V6, STM32WL31CBV6, STM32WL31K8V6, STM32WL31KBV6, STM32WL33C8V6, STM32WL33C8V6TR, STM32WL33C8V7, STM32WL33C8V7TR, STM32WL33CBV6, STM32WL33CBV6TR, STM32WL33CBV7, STM32WL33CBV7TR, STM32WL33CCV6, STM32WL33CCV6TR, STM32WL33CCV7, STM32WL33CCV7A, STM32WL33CCV7ATR, STM32WL33CCV7TR, STM32WL33K8V6, STM32WL33K8V6TR, STM32WL33K8V7, STM32WL33K8V7TR, STM32WL33KBV6, STM32WL33KBV6TR, STM32WL33KBV7, STM32WL33KBV7TR, STM32WL33KCV6, STM32WL33KCV6TR, STM32WL33KCV7, STM32WL33KCV7TR, STM32WL5MOCH6, STM32WL5MOCH6TR]
2025-06-06 19:23:44,638 [INFO] BoardInfo:889 - No configuration file found for board P-NUCLEO-WB55
2025-06-06 19:23:44,639 [INFO] DbBoards:161 - Kit is not supported: P-NUCLEO-WB55
2025-06-06 19:23:44,648 [INFO] BoardInfo:889 - No configuration file found for board STEVAL-BFA001V1B
2025-06-06 19:23:44,650 [INFO] DbBoards:161 - Kit is not supported: STEVAL-BFA001V1B
2025-06-06 19:23:44,651 [INFO] BoardInfo:889 - No configuration file found for board STEVAL-BFA001V2B
2025-06-06 19:23:44,652 [INFO] DbBoards:161 - Kit is not supported: STEVAL-BFA001V2B
2025-06-06 19:23:44,983 [INFO] DbBoards:168 - Found 211 boards, 208 are supported
2025-06-06 19:23:44,984 [INFO] DbBoards:169 - Found 211 boards, 43 of them is supported for  Bsp
2025-06-06 19:23:44,988 [INFO] ApiDb:668 - CubeFinder database Data Model version=2.1
2025-06-06 19:23:44,988 [INFO] ApiDb:669 - CubeFinder database Configuration version=3.0.39
2025-06-06 19:23:44,988 [INFO] ApiDb:670 - CubeFinder database generation date=2025-04-23 (1745419778)
2025-06-06 19:23:44,988 [INFO] ApiDb:671 - CubeFinder database FW Pack versions=[FP-ATR-ASTRA1_V2.0.0, FP-SNS-FLIGHT1_V5.1.0, FP-SNS-MOTENV1_V5.0.0, FP-SNS-MOTENVWB1_V1.4.0, FP-SNS-SMARTAG2_V1.2.0, FP-SNS-STBOX1_V2.0.0, STM32Cube_FW_C0_V1.4.0, STM32Cube_FW_F4_V1.28.1, STM32Cube_FW_F7_V1.17.2, STM32Cube_FW_G0_V1.6.2, STM32Cube_FW_G4_V1.6.1, STM32Cube_FW_H5_V1.5.0, STM32Cube_FW_H7RS_V1.2.0, STM32Cube_FW_H7_V1.12.1, STM32Cube_FW_L0_V1.12.2, STM32Cube_FW_L4_V1.18.1, STM32Cube_FW_L5_V1.5.1, STM32Cube_FW_N6_V1.1.1, STM32Cube_FW_U0_V1.2.0, STM32Cube_FW_U3_V1.1.0, STM32Cube_FW_U5_V1.7.0, STM32Cube_FW_WB0_V1.2.0, STM32Cube_FW_WBA_V1.6.0, STM32Cube_FW_WB_V1.22.0, STM32Cube_FW_WL3_V1.1.0, STM32Cube_FW_WL_V1.3.1, X-CUBE-ALGOBUILD_V1.4.0, X-CUBE-ALS_V1.0.2, X-CUBE-AZRTOS-F4_V1.1.0, X-CUBE-AZRTOS-F7_V1.1.0, X-CUBE-AZRTOS-G0_V1.1.0, X-CUBE-AZRTOS-G4_V2.0.0, X-CUBE-AZRTOS-H7RS_V1.1.0, X-CUBE-AZRTOS-H7_V3.3.0, X-CUBE-AZRTOS-L4_V2.0.0, X-CUBE-AZRTOS-L5_V2.0.0, X-CUBE-AZRTOS-WB_V2.0.0, X-CUBE-AZRTOS-WL_V2.0.0, X-CUBE-BLE1_V7.1.0, X-CUBE-BLE2_V3.3.0, X-CUBE-BLEMGR_V4.0.0, X-CUBE-EEPRMA1_V5.1.0, X-CUBE-FREERTOS_V1.3.0, X-CUBE-GNSS1_V6.0.0, X-CUBE-MEMS1_V11.2.0, X-CUBE-NFC4_V3.0.0, X-CUBE-NFC7_V1.0.1, X-CUBE-SFXS2LP1_V4.0.0, X-CUBE-SUBG2_V5.0.0, X-CUBE-TOF1_V3.4.3]
2025-06-06 19:23:47,237 [INFO] ApiDb:240 - Found 895 in-development CPN: [B-G473E-ZEST1S, B-WB1M-WPAN1, B-WBA5M-WPAN, B-WL5M-SUBG1, NUCLEO-C031C6, NUCLEO-C051C8, NUCLEO-C071RB, NUCLEO-C092RC, NUCLEO-H503RB, NUCLEO-H533RE, NUCLEO-H563ZI, NUCLEO-H7S3L8, NUCLEO-N657X0-Q, NUCLEO-U031R8, NUCLEO-U083RC, NUCLEO-U385RG-Q, NUCLEO-U545RE-Q, NUCLEO-U5A5ZJ-Q, NUCLEO-WB05KZ, NUCLEO-WB07CC, NUCLEO-WB09KE, NUCLEO-WBA52CG, NUCLEO-WBA55CG, NUCLEO-WBA65RI, NUCLEO-WL33CC1, NUCLEO-WL33CC2, STEVAL-PROTEUS1, STEVAL-SMARTAG2, STEVAL-STWINBX1, STM320518-EVAL, STM32C0116-DK, STM32C011D6Y3TR, STM32C011D6Y6TR, STM32C011F4P3, STM32C011F4P6, STM32C011F4U3, STM32C011F4U6TR, STM32C011F6P3, STM32C011F6P6, STM32C011F6U3, STM32C011F6U6TR, STM32C011J4M3, STM32C011J4M6, STM32C011J6M3, STM32C011J6M6, STM32C0316-DK, STM32C031C4T3, STM32C031C4T6, STM32C031C4U3, STM32C031C4U6, STM32C031C6T3, STM32C031C6T6, STM32C031C6U3, STM32C031C6U6, STM32C031F4P3, STM32C031F4P6, STM32C031F6P3, STM32C031F6P6, STM32C031G4U3, STM32C031G4U6, STM32C031G6U3, STM32C031G6U6, STM32C031K4T3, STM32C031K4T6, STM32C031K4U3, STM32C031K4U6, STM32C031K6T3, STM32C031K6T6, STM32C031K6U3, STM32C031K6U6, STM32C051C6T6, STM32C051C6U6, STM32C051C8T6, STM32C051C8U6, STM32C051D8Y6TR, STM32C051F6P6, STM32C051F8P6, STM32C051G6U6, STM32C051G8U6, STM32C051K6T6, STM32C051K6U6, STM32C051K8T6, STM32C071C8T6, STM32C071C8T6N, STM32C071C8U6, STM32C071C8U6N, STM32C071CBT6, STM32C071CBT6N, STM32C071CBU6, STM32C071CBU6N, STM32C071F8P6, STM32C071F8P6N, STM32C071FBP6, STM32C071FBP6N, STM32C071FBY6TR, STM32C071G8U6, STM32C071G8U6N, STM32C071GBU6, STM32C071GBU6N, STM32C071K8T6, STM32C071K8T6N, STM32C071K8U6, STM32C071K8U6N, STM32C071KBT6, STM32C071KBT6N, STM32C071KBU6, STM32C071KBU6N, STM32C071R8T6, STM32C071R8T6N, STM32C071RBI6N, STM32C071RBT6, STM32C071RBT6N, STM32C091CBT6, STM32C091CBU6, STM32C091CCT6, STM32C091CCU6, STM32C091ECY6TR, STM32C091FBP6, STM32C091FCP6, STM32C091GBU6, STM32C091GCU6, STM32C091KBT6, STM32C091KBU6, STM32C091KCT6, STM32C091KCU6, STM32C091RBT6, STM32C091RCI6, STM32C091RCT6, STM32C092CBT6, STM32C092CBU6, STM32C092CCT6, STM32C092CCU6, STM32C092ECY6TR, STM32C092FBP6, STM32C092FCP6, STM32C092GBU6, STM32C092GCU6, STM32C092KBT6, STM32C092KBU6, STM32C092KCT6, STM32C092KCU6, STM32C092RBT6, STM32C092RCI6, STM32C092RCT6, STM32G071K8TXN, STM32G071K8UXN, STM32G081GBU6N, STM32G081KBT6N, STM32G081KBUXN, STM32G0B1CCT6N, STM32G0B1KCT6, STM32G0B1NEY6TR, STM32G0B1RCT6N, STM32G0C1CCT6, STM32G0C1CCT6N, STM32G0C1CCU6N, STM32G0C1CET6N, STM32G0C1CEU6N, STM32G0C1KCT6, STM32G0C1NEY6TR, STM32G0C1RCI6N, STM32G0C1RCT6N, STM32G0C1REI6N, STM32G0C1RET6N, STM32G0C1VCI6, STM32G0C1VEI6, STM32G411C6T3, STM32G411C6T6, STM32G411C6U3, STM32G411C6U6, STM32G411C8T3, STM32G411C8T6, STM32G411C8U3, STM32G411C8U6, STM32G411CBT3, STM32G411CBT6, STM32G411CBU3, STM32G411CBU6, STM32G411CCT3, STM32G411CCT6, STM32G411CCU3, STM32G411CCU6, STM32G411K6T3, STM32G411K6T6, STM32G411K6U3, STM32G411K6U6, STM32G411K8T3, STM32G411K8T6, STM32G411K8U3, STM32G411K8U6, STM32G411KBT3, STM32G411KBT6, STM32G411KBU3, STM32G411KBU6, STM32G411M6T3, STM32G411M6T6, STM32G411M8T3, STM32G411M8T6, STM32G411MBT3, STM32G411MBT6, STM32G411MCT3, STM32G411MCT6, STM32G411R6T3, STM32G411R6T6, STM32G411R8T3, STM32G411R8T6, STM32G411RBT3, STM32G411RBT6, STM32G411RCT3, STM32G411RCT6, STM32G414CBT3, STM32G414CBT6, STM32G414CBU3, STM32G414CBU6, STM32G414CCT3, STM32G414CCT6, STM32G414CCU3, STM32G414CCU6, STM32G414MBT3, STM32G414MBT6, STM32G414MCT3, STM32G414MCT6, STM32G414RBT3, STM32G414RBT6, STM32G414RCT3, STM32G414RCT6, STM32G414VBT3, STM32G414VBT6, STM32G414VCT3, STM32G414VCT6, STM32G431CBT3Z, STM32G431RBT3Z, STM32G471CCT6, STM32G471CCU6, STM32G471CET3, STM32G471CET6, STM32G471CEU3, STM32G471CEU6, STM32G471MCT6, STM32G471MET3, STM32G471MET6, STM32G471MEY6TR, STM32G471QCT6, STM32G471QET3, STM32G471RCT6, STM32G471RET3, STM32G471RET6, STM32G471VCH6, STM32G471VCI6, STM32G471VCT6, STM32G471VEH3, STM32G471VEH6, STM32G471VEI3, STM32G471VEI6, STM32G471VET3, STM32G471VET6, STM32G473QET3Z, STM32G473RET3Z, STM32G474CCT6, STM32G491RET3Z, STM32H503CBT6, STM32H503CBU6, STM32H503EBY6TR, STM32H503KBU6, STM32H503RBT6, STM32H523CCT6, STM32H523CCU6, STM32H523CET6, STM32H523CEU6, STM32H523HEY6TR, STM32H523RCT6, STM32H523RET6, STM32H523VCI6, STM32H523VCT6, STM32H523VEI6, STM32H523VET6, STM32H523ZCJ6, STM32H523ZCT6, STM32H523ZEJ6, STM32H523ZET6, STM32H533CET6, STM32H533CEU6, STM32H533HEY6TR, STM32H533RET6, STM32H533VEI6, STM32H533VET6, STM32H533ZEJ6, STM32H533ZET6, STM32H562AGI6, STM32H562AII6, STM32H562IGK6, STM32H562IGT6, STM32H562IIK6, STM32H562IIT6, STM32H562RGT6, STM32H562RGV6, STM32H562RIT6, STM32H562RIV6, STM32H562VGT6, STM32H562VIT6, STM32H562ZGT6, STM32H562ZIT6, STM32H563AGI6, STM32H563AII3Q, STM32H563AII6, STM32H563IGK6, STM32H563IGT6, STM32H563IIK3Q, STM32H563IIK6, STM32H563IIT3Q, STM32H563IIT6, STM32H563MIY3QTR, STM32H563RGT6, STM32H563RGV6, STM32H563RIT6, STM32H563RIV6, STM32H563VGT6, STM32H563VIT3Q, STM32H563VIT6, STM32H563ZGT6, STM32H563ZIT3Q, STM32H563ZIT6, STM32H573AII3Q, STM32H573AII6, STM32H573I-DK, STM32H573IIK3Q, STM32H573IIK6, STM32H573IIT3Q, STM32H573IIT6, STM32H573MIY3QTR, STM32H573RIT6, STM32H573RIV6, STM32H573VIT3Q, STM32H573VIT6, STM32H573ZIT3Q, STM32H573ZIT6, STM32H7R3A8I6, STM32H7R3I8K6, STM32H7R3I8T6, STM32H7R3L8H6, STM32H7R3L8H6H, STM32H7R3R8V6, STM32H7R3V8H6, STM32H7R3V8T6, STM32H7R3V8Y6TR, STM32H7R3Z8J6, STM32H7R3Z8T6, STM32H7R7A8I6, STM32H7R7I8K6, STM32H7R7I8T6, STM32H7R7L8H6, STM32H7R7L8H6H, STM32H7R7Z8J6, STM32H7S3A8I6, STM32H7S3I8K6, STM32H7S3I8T6, STM32H7S3L8H6, STM32H7S3L8H6H, STM32H7S3R8V6, STM32H7S3V8H6, STM32H7S3V8T6, STM32H7S3V8Y6TR, STM32H7S3Z8J6, STM32H7S3Z8T6, STM32H7S78-DK, STM32H7S7A8I6, STM32H7S7I8K6, STM32H7S7I8T6, STM32H7S7L8H6, STM32H7S7L8H6H, STM32H7S7Z8J6, STM32L4R5QGI6STR, STM32MP131AAE3, STM32MP131AAF3, STM32MP131AAG3, STM32MP131CAE3, STM32MP131CAF3, STM32MP131CAG3, STM32MP131DAE7, STM32MP131DAF7, STM32MP131DAG7, STM32MP131FAE7, STM32MP131FAF7, STM32MP131FAG7, STM32MP133AAE3, STM32MP133AAF3, STM32MP133AAG3, STM32MP133CAE3, STM32MP133CAF3, STM32MP133CAG3, STM32MP133DAE7, STM32MP133DAF7, STM32MP133DAG7, STM32MP133FAE7, STM32MP133FAF7, STM32MP133FAG7, STM32MP135AAE3, STM32MP135AAF3, STM32MP135AAG3, STM32MP135CAE3, STM32MP135CAF3, STM32MP135CAG3, STM32MP135DAE7, STM32MP135DAF7, STM32MP135DAG7, STM32MP135F-DK, STM32MP135FAE7, STM32MP135FAF7, STM32MP135FAF7T, STM32MP135FAF7U, STM32MP135FAG7, STM32MP231AAJ3, STM32MP231AAK3, STM32MP231AAL3, STM32MP231CAJ3, STM32MP231CAK3, STM32MP231CAL3, STM32MP231DAJ3, STM32MP231DAK3, STM32MP231DAL3, STM32MP231FAJ3, STM32MP231FAK3, STM32MP231FAL3, STM32MP233AAJ3, STM32MP233AAK3, STM32MP233AAL3, STM32MP233CAJ3, STM32MP233CAK3, STM32MP233CAL3, STM32MP233DAJ3, STM32MP233DAK3, STM32MP233DAL3, STM32MP233FAJ3, STM32MP233FAK3, STM32MP233FAL3, STM32MP235AAJ3, STM32MP235AAK3, STM32MP235AAL3, STM32MP235CAJ3, STM32MP235CAK3, STM32MP235CAL3, STM32MP235DAJ3, STM32MP235DAK3, STM32MP235DAL3, STM32MP235FAJ3, STM32MP235FAK3, STM32MP235FAL3, STM32MP251AAI3, STM32MP251AAJ3, STM32MP251AAK3, STM32MP251AAL3, STM32MP251CAI3, STM32MP251CAJ3, STM32MP251CAK3, STM32MP251CAL3, STM32MP251DAI3, STM32MP251DAJ3, STM32MP251DAK3, STM32MP251DAL3, STM32MP251FAI3, STM32MP251FAJ3, STM32MP251FAK3, STM32MP251FAL3, STM32MP253AAI3, STM32MP253AAJ3, STM32MP253AAK3, STM32MP253AAL3, STM32MP253CAI3, STM32MP253CAJ3, STM32MP253CAK3, STM32MP253CAL3, STM32MP253DAI3, STM32MP253DAJ3, STM32MP253DAK3, STM32MP253DAL3, STM32MP253FAI3, STM32MP253FAJ3, STM32MP253FAK3, STM32MP253FAL3, STM32MP255AAI3, STM32MP255AAJ3, STM32MP255AAK3, STM32MP255AAL3, STM32MP255CAI3, STM32MP255CAJ3, STM32MP255CAK3, STM32MP255CAL3, STM32MP255DAI3, STM32MP255DAJ3, STM32MP255DAK3, STM32MP255DAL3, STM32MP255FAI3, STM32MP255FAJ3, STM32MP255FAK3, STM32MP255FAL3, STM32MP257AAI3, STM32MP257AAJ3, STM32MP257AAK3, STM32MP257AAL3, STM32MP257CAI3, STM32MP257CAJ3, STM32MP257CAK3, STM32MP257CAL3, STM32MP257DAI3, STM32MP257DAJ3, STM32MP257DAK3, STM32MP257DAL3, STM32MP257F-DK, STM32MP257F-EV1, STM32MP257FAI3, STM32MP257FAJ3, STM32MP257FAK3, STM32MP257FAL3, STM32N645A0H3Q, STM32N645B0H3Q, STM32N645I0H3Q, STM32N645L0H3Q, STM32N645X0H3Q, STM32N645Z0H3Q, STM32N647A0H3Q, STM32N647B0H3Q, STM32N647I0H3Q, STM32N647L0H3Q, STM32N647X0H3Q, STM32N647Z0H3Q, STM32N655A0H3Q, STM32N655B0H3Q, STM32N655I0H3Q, STM32N655L0H3Q, STM32N655X0H3Q, STM32N655Z0H3Q, STM32N6570-DK, STM32N657A0H3Q, STM32N657B0H3Q, STM32N657I0H3Q, STM32N657L0H3Q, STM32N657X0H3Q, STM32N657Z0H3Q, STM32U031C6T6, STM32U031C6U6, STM32U031C8T6, STM32U031C8U6, STM32U031F4P6, STM32U031F6P6, STM32U031F8P6, STM32U031G6Y6TR, STM32U031G8Y6TR, STM32U031K4U6, STM32U031K6U6, STM32U031K8U6, STM32U031R6I6, STM32U031R6T6, STM32U031R8I6, STM32U031R8T6, STM32U073C8T6, STM32U073C8U6, STM32U073CBT6, STM32U073CBU6, STM32U073CCT6, STM32U073CCU6, STM32U073H8Y6TR, STM32U073HBY6TR, STM32U073HCY6TR, STM32U073K8U6, STM32U073KBU6, STM32U073KCU6, STM32U073M8I6, STM32U073M8T6, STM32U073MBI6, STM32U073MBT6, STM32U073MCI6, STM32U073MCT6, STM32U073R8I6, STM32U073R8T6, STM32U073RBI6, STM32U073RBT6, STM32U073RCI6, STM32U073RCT6, STM32U083C-DK, STM32U083CCT6, STM32U083CCU6, STM32U083HCY6TR, STM32U083KCU6, STM32U083MCI6, STM32U083MCT6, STM32U083RCI6, STM32U083RCT6, STM32U375CET6, STM32U375CET6Q, STM32U375CEU6, STM32U375CEU6Q, STM32U375CEY6QTR, STM32U375CGT6, STM32U375CGT6Q, STM32U375CGU6, STM32U375CGU6Q, STM32U375CGY6QTR, STM32U375KEU6, STM32U375KGU6, STM32U375REI6, STM32U375REI6Q, STM32U375RET6, STM32U375RET6Q, STM32U375REY6GTR, STM32U375REY6QTR, STM32U375RGI6, STM32U375RGI6Q, STM32U375RGT6, STM32U375RGT6Q, STM32U375RGY6GTR, STM32U375RGY6QTR, STM32U375VEI6, STM32U375VEI6Q, STM32U375VET6, STM32U375VET6Q, STM32U375VGI6, STM32U375VGI6Q, STM32U375VGT6, STM32U375VGT6Q, STM32U385CGT6, STM32U385CGT6Q, STM32U385CGU6, STM32U385CGU6Q, STM32U385CGY6QTR, STM32U385KGU6, STM32U385RGI6, STM32U385RGI6Q, STM32U385RGT6, STM32U385RGT6Q, STM32U385RGY6GTR, STM32U385RGY6QTR, STM32U385VGI6, STM32U385VGI6Q, STM32U385VGT6, STM32U385VGT6Q, STM32U535CBT6, STM32U535CBT6Q, STM32U535CBU6, STM32U535CBU6Q, STM32U535CCT6, STM32U535CCT6Q, STM32U535CCU6, STM32U535CCU6Q, STM32U535CET6, STM32U535CET6Q, STM32U535CEU6, STM32U535CEU6Q, STM32U535JEY6QTR, STM32U535NCY6QTR, STM32U535NEY6QTR, STM32U535RBI6, STM32U535RBI6Q, STM32U535RBT6, STM32U535RBT6Q, STM32U535RCI6, STM32U535RCI6Q, STM32U535RCT6, STM32U535RCT6Q, STM32U535REI6, STM32U535REI6Q, STM32U535RET6, STM32U535RET6Q, STM32U535VCI6, STM32U535VCI6Q, STM32U535VCT6, STM32U535VCT6Q, STM32U535VEI6, STM32U535VEI6Q, STM32U535VET6, STM32U535VET6Q, STM32U545CET6, STM32U545CET6Q, STM32U545CEU6, STM32U545CEU6Q, STM32U545JEY6QTR, STM32U545NEY6QTR, STM32U545REI6, STM32U545REI6Q, STM32U545RET6, STM32U545RET6Q, STM32U545VEI6, STM32U545VEI6Q, STM32U545VET6, STM32U545VET6Q, STM32U595AIH6, STM32U595AIH6Q, STM32U595AJH6, STM32U595AJH6Q, STM32U595QII6, STM32U595QII6Q, STM32U595QJI6, STM32U595QJI6Q, STM32U595RIT6, STM32U595RIT6Q, STM32U595RJT6, STM32U595RJT6Q, STM32U595VIT6, STM32U595VIT6Q, STM32U595VJT6, STM32U595VJT6Q, STM32U595ZIT6, STM32U595ZIT6Q, STM32U595ZIY6QTR, STM32U595ZJT6, STM32U595ZJT6Q, STM32U595ZJY6QTR, STM32U599BJY6QTR, STM32U599NIH6Q, STM32U599NJH6Q, STM32U599VIT6Q, STM32U599VJT6, STM32U599VJT6Q, STM32U599ZIT6Q, STM32U599ZIY6QTR, STM32U599ZJT6Q, STM32U599ZJY6QTR, STM32U5A5AJH6, STM32U5A5AJH6Q, STM32U5A5QII3Q , STM32U5A5QJI6, STM32U5A5QJI6Q, STM32U5A5RJT6, STM32U5A5RJT6Q, STM32U5A5VJT6, STM32U5A5VJT6Q, STM32U5A5ZJT6, STM32U5A5ZJT6Q, STM32U5A5ZJY6QTR, STM32U5A9BJY6QTR, STM32U5A9J-DK, STM32U5A9NJH6Q, STM32U5A9VJT6Q, STM32U5A9ZJT6Q, STM32U5A9ZJY6QTR, STM32U5F7VIT6, STM32U5F7VIT6Q, STM32U5F7VJT6, STM32U5F7VJT6Q, STM32U5F9BJY6QTR, STM32U5F9NJH6Q, STM32U5F9VIT6Q, STM32U5F9VJT6Q, STM32U5F9ZIJ6QTR, STM32U5F9ZIT6Q, STM32U5F9ZJJ6QTR, STM32U5F9ZJT6Q, STM32U5G7VJT6, STM32U5G7VJT6Q, STM32U5G9BJY6QTR, STM32U5G9J-DK1, STM32U5G9J-DK2, STM32U5G9NJH6Q, STM32U5G9VJT6Q, STM32U5G9ZJJ6QTR, STM32U5G9ZJT6Q, STM32WB05KZV6TR, STM32WB05KZV7TR, STM32WB05TZF6TR, STM32WB05TZF7TR, STM32WB06CCF6TR, STM32WB06CCF7TR, STM32WB06CCV6TR, STM32WB06CCV7TR, STM32WB06KCV6TR, STM32WB06KCV7TR, STM32WB07CCF6TR, STM32WB07CCF7TR, STM32WB07CCV6TR, STM32WB07CCV7TR, STM32WB07KCV6TR, STM32WB07KCV7TR, STM32WB09KEV6TR, STM32WB09KEV7TR, STM32WB09TEF6TR, STM32WB09TEF7TR, STM32WB1MMCH6, STM32WBA50KGU6, STM32WBA50KGU6TR, STM32WBA52CEU6, STM32WBA52CEU6TR, STM32WBA52CEU7, STM32WBA52CEU7TR, STM32WBA52CGU6, STM32WBA52CGU6TR, STM32WBA52CGU6U, STM32WBA52CGU7, STM32WBA52CGU7TR, STM32WBA52KEU6, STM32WBA52KEU6TR, STM32WBA52KGU6, STM32WBA52KGU6TR, STM32WBA54CEU6, STM32WBA54CEU6TR, STM32WBA54CEU7, STM32WBA54CEU7TR, STM32WBA54CGU6, STM32WBA54CGU6TR, STM32WBA54CGU7, STM32WBA54CGU7TR, STM32WBA54KEU6, STM32WBA54KEU6TR, STM32WBA54KEU7, STM32WBA54KEU7TR, STM32WBA54KGU6, STM32WBA54KGU6TR, STM32WBA54KGU7, STM32WBA54KGU7TR, STM32WBA55CEU6, STM32WBA55CEU6TR, STM32WBA55CEU7, STM32WBA55CEU7TR, STM32WBA55CGU6, STM32WBA55CGU6TR, STM32WBA55CGU6U, STM32WBA55CGU7, STM32WBA55CGU7TR, STM32WBA55G-DK1, STM32WBA55HEF6, STM32WBA55HEF7, STM32WBA55HGF6, STM32WBA55HGF7, STM32WBA55UEI6, STM32WBA55UEI6TR, STM32WBA55UEI7, STM32WBA55UEI7TR, STM32WBA55UGI6, STM32WBA55UGI6TR, STM32WBA55UGI7, STM32WBA55UGI7TR, STM32WBA5MJGH6TR, STM32WBA62CGU6, STM32WBA62CIU6, STM32WBA62MGF6, STM32WBA62MIF6, STM32WBA62PGI6, STM32WBA62PII6, STM32WBA63CGU6, STM32WBA63CGU7, STM32WBA63CIU6, STM32WBA63CIU7, STM32WBA64CGU6, STM32WBA64CGU7, STM32WBA64CIU6, STM32WBA64CIU7, STM32WBA65CGU6, STM32WBA65CGU7, STM32WBA65CIU6, STM32WBA65CIU7, STM32WBA65I-DK1, STM32WBA65MGF6, STM32WBA65MGF7, STM32WBA65MIF6, STM32WBA65MIF7, STM32WBA65PGI6, STM32WBA65PGI7, STM32WBA65PII6, STM32WBA65PII7, STM32WBA65RGV6, STM32WBA65RGV7, STM32WBA65RIV6, STM32WBA65RIV7, STM32WL30K8V6, STM32WL30KBV6, STM32WL31C8V6, STM32WL31CBV6, STM32WL31K8V6, STM32WL31KBV6, STM32WL33C8V6, STM32WL33C8V6TR, STM32WL33C8V7, STM32WL33C8V7TR, STM32WL33CBV6, STM32WL33CBV6TR, STM32WL33CBV7, STM32WL33CBV7TR, STM32WL33CCV6, STM32WL33CCV6TR, STM32WL33CCV7, STM32WL33CCV7A, STM32WL33CCV7ATR, STM32WL33CCV7TR, STM32WL33K8V6, STM32WL33K8V6TR, STM32WL33K8V7, STM32WL33K8V7TR, STM32WL33KBV6, STM32WL33KBV6TR, STM32WL33KBV7, STM32WL33KBV7TR, STM32WL33KCV6, STM32WL33KCV6TR, STM32WL33KCV7, STM32WL33KCV7TR, STM32WL5MOCH6, STM32WL5MOCH6TR]
2025-06-06 19:23:47,242 [INFO] DbMcus:218 - Found 4686 MCUs, 4686 are supported
2025-06-06 19:23:47,243 [INFO] ApiDb:423 - Load user favorites file C:\Users\amozd/.stm32cubeide/favorites.mcus.txt: 0 item(s)
2025-06-06 19:23:47,243 [INFO] ApiDb:427 - User favorites MCUs=[]
2025-06-06 19:23:47,243 [INFO] DbMcus:224 - Set 0 / 0 favorites MCUs
2025-06-06 19:23:47,909 [INFO] ApiDb:423 - Load user favorites file C:\Users\amozd/.stm32cubeide/favorites.boards.txt: 2 item(s)
2025-06-06 19:23:47,909 [INFO] ApiDb:427 - User favorites Boards=[NUCLEO-F103RB, NUCLEO-F446RE]
2025-06-06 19:23:47,909 [INFO] DbBoards:198 - Set 2 / 2 favorites Boards
2025-06-06 19:23:48,012 [INFO] UtilMem:75 - End LoadConfig() Used Memory: 404157696 Bytes (688914432)
2025-06-06 19:23:48,215 [WARN] ThirdParty:833 - waiting for thirdparty lock release [change project]
2025-06-06 19:23:48,215 [INFO] ThirdParty:835 - entering critical section [change project]
2025-06-06 19:23:48,216 [INFO] ThirdParty:1030 - CMSIS Pack Vendor :STMicroelectronics USBPD 4.1
2025-06-06 19:23:48,216 [INFO] ThirdParty:1030 - CMSIS Pack Vendor :STMicroelectronics X-CUBE-GNSS1 6.0.0
2025-06-06 19:23:48,216 [INFO] ThirdParty:1030 - CMSIS Pack Vendor :STMicroelectronics USB_HOST 2.0.0
2025-06-06 19:23:48,216 [INFO] ThirdParty:1030 - CMSIS Pack Vendor :STMicroelectronics FP-SNS-MOTENVWB1 1.4.0
2025-06-06 19:23:48,216 [INFO] ThirdParty:1030 - CMSIS Pack Vendor :STMicroelectronics X-CUBE-AZRTOS-F4 1.1.0
2025-06-06 19:23:48,216 [INFO] ThirdParty:1030 - CMSIS Pack Vendor :STMicroelectronics LIBJPEG 8.0.0
2025-06-06 19:23:48,216 [INFO] ThirdParty:1030 - CMSIS Pack Vendor :STMicroelectronics FP-ATR-ASTRA1 2.0.2
2025-06-06 19:23:48,216 [INFO] ThirdParty:1030 - CMSIS Pack Vendor :STMicroelectronics FP-ATR-ASTRA1 2.0.1
2025-06-06 19:23:48,216 [INFO] ThirdParty:1030 - CMSIS Pack Vendor :wolfSSL I-CUBE-wolfSSL 5.6.3
2025-06-06 19:23:48,216 [INFO] ThirdParty:1030 - CMSIS Pack Vendor :Avnet-IotConnect X-CUBE-IoTC-DA16k-PMOD 1.0.0
2025-06-06 19:23:48,216 [INFO] ThirdParty:1030 - CMSIS Pack Vendor :STMicroelectronics X-CUBE-SMBUS 2.1.0
2025-06-06 19:23:48,216 [INFO] ThirdParty:1030 - CMSIS Pack Vendor :STMicroelectronics X-CUBE-WB05N 1.1.0
2025-06-06 19:23:48,216 [INFO] ThirdParty:1030 - CMSIS Pack Vendor :STMicroelectronics X-CUBE-ISPU 2.1.0
2025-06-06 19:23:48,216 [INFO] ThirdParty:1030 - CMSIS Pack Vendor :STMicroelectronics X-CUBE-ST60 1.0.0
2025-06-06 19:23:48,216 [INFO] ThirdParty:1030 - CMSIS Pack Vendor :STMicroelectronics X-CUBE-TOUCHGFX 4.23.0
2025-06-06 19:23:48,216 [INFO] ThirdParty:1030 - CMSIS Pack Vendor :STMicroelectronics X-CUBE-AZRTOS-F7 1.1.0
2025-06-06 19:23:48,216 [INFO] ThirdParty:1030 - CMSIS Pack Vendor :STMicroelectronics X-CUBE-AZRTOS-L5 2.0.0
2025-06-06 19:23:48,217 [INFO] ThirdParty:1030 - CMSIS Pack Vendor :STMicroelectronics USB_DEVICE 2.0.0
2025-06-06 19:23:48,217 [INFO] ThirdParty:1030 - CMSIS Pack Vendor :STMicroelectronics X-CUBE-MEMS1 9.6.0
2025-06-06 19:23:48,217 [INFO] ThirdParty:1030 - CMSIS Pack Vendor :STMicroelectronics X-CUBE-EEPRMA1 4.2.0
2025-06-06 19:23:48,217 [INFO] ThirdParty:1030 - CMSIS Pack Vendor :STMicroelectronics X-CUBE-NFC6 3.1.0
2025-06-06 19:23:48,217 [INFO] ThirdParty:1030 - CMSIS Pack Vendor :ITTIA_DB I-CUBE-ITTIADB 8.8.0
2025-06-06 19:23:48,217 [INFO] ThirdParty:1030 - CMSIS Pack Vendor :STMicroelectronics FP-SNS-MOTENV1 4.3.2
2025-06-06 19:23:48,217 [INFO] ThirdParty:1030 - CMSIS Pack Vendor :STMicroelectronics FreeRTOS 0.0.1
2025-06-06 19:23:48,217 [INFO] ThirdParty:1030 - CMSIS Pack Vendor :STMicroelectronics X-CUBE-BLEMGR 2.0.0
2025-06-06 19:23:48,217 [INFO] ThirdParty:1030 - CMSIS Pack Vendor :STMicroelectronics X-CUBE-DPower 1.2.0
2025-06-06 19:23:48,217 [INFO] ThirdParty:1030 - CMSIS Pack Vendor :STMicroelectronics FP-SNS-FLIGHT1 5.0.2
2025-06-06 19:23:48,217 [INFO] ThirdParty:1030 - CMSIS Pack Vendor :STMicroelectronics X-CUBE-AZRTOS-H7 3.1.0
2025-06-06 19:23:48,217 [INFO] ThirdParty:1030 - CMSIS Pack Vendor :STMicroelectronics PDM2PCM 3.3.0
2025-06-06 19:23:48,217 [INFO] ThirdParty:1030 - CMSIS Pack Vendor :STMicroelectronics X-CUBE-DISPLAY 3.0.0
2025-06-06 19:23:48,217 [INFO] ThirdParty:1030 - CMSIS Pack Vendor :STMicroelectronics X-CUBE-BLE1 7.0.0
2025-06-06 19:23:48,217 [INFO] ThirdParty:1030 - CMSIS Pack Vendor :STMicroelectronics X-CUBE-NFC10 1.0.0
2025-06-06 19:23:48,217 [INFO] ThirdParty:1030 - CMSIS Pack Vendor :STMicroelectronics X-CUBE-BLEMGR 4.0.0
2025-06-06 19:23:48,217 [INFO] ThirdParty:1030 - CMSIS Pack Vendor :STMicroelectronics X-CUBE-FREERTOS 1.3.1
2025-06-06 19:23:48,217 [INFO] ThirdParty:1030 - CMSIS Pack Vendor :STMicroelectronics HAL Drivers 0.0.0
2025-06-06 19:23:48,218 [INFO] ThirdParty:1030 - CMSIS Pack Vendor :emotas I-CUBE-CANOPEN 1.3.0
2025-06-06 19:23:48,218 [INFO] ThirdParty:1030 - CMSIS Pack Vendor :STMicroelectronics X-CUBE-FREERTOS 1.3.0
2025-06-06 19:23:48,218 [INFO] ThirdParty:1030 - CMSIS Pack Vendor :STMicroelectronics X-CUBE-TOUCHGFX 4.22.0
2025-06-06 19:23:48,218 [INFO] ThirdParty:1030 - CMSIS Pack Vendor :STMicroelectronics X-CUBE-NFC7 1.0.1
2025-06-06 19:23:48,218 [INFO] ThirdParty:1030 - CMSIS Pack Vendor :STMicroelectronics MBEDTLS 2.14.1
2025-06-06 19:23:48,218 [INFO] ThirdParty:1030 - CMSIS Pack Vendor :STMicroelectronics X-CUBE-TOUCHGFX 4.22.1
2025-06-06 19:23:48,218 [INFO] ThirdParty:1030 - CMSIS Pack Vendor :STMicroelectronics X-CUBE-NFC6 3.0.0
2025-06-06 19:23:48,218 [INFO] ThirdParty:1030 - CMSIS Pack Vendor :STMicroelectronics X-CUBE-EEPRMA1 4.1.0
2025-06-06 19:23:48,218 [INFO] ThirdParty:1030 - CMSIS Pack Vendor :STMicroelectronics X-CUBE-BLEMGR 3.1.0
2025-06-06 19:23:48,218 [INFO] ThirdParty:1030 - CMSIS Pack Vendor :STMicroelectronics X-CUBE-AI 10.0.0
2025-06-06 19:23:48,218 [INFO] ThirdParty:1030 - CMSIS Pack Vendor :STMicroelectronics FP-SNS-SMARTAG2 1.2.0
2025-06-06 19:23:48,218 [INFO] ThirdParty:1030 - CMSIS Pack Vendor :STMicroelectronics FP-SNS-FLIGHT1 5.1.0
2025-06-06 19:23:48,218 [INFO] ThirdParty:1030 - CMSIS Pack Vendor :STMicroelectronics X-CUBE-MEMS1 11.1.0
2025-06-06 19:23:48,218 [INFO] ThirdParty:1030 - CMSIS Pack Vendor :STMicroelectronics X-CUBE-AZRTOS-WL 2.0.0
2025-06-06 19:23:48,218 [INFO] ThirdParty:1030 - CMSIS Pack Vendor :STMicroelectronics X-CUBE-DPower 1.3.0
2025-06-06 19:23:48,219 [INFO] ThirdParty:1030 - CMSIS Pack Vendor :STMicroelectronics FP-SNS-MOTENV1 5.0.0
2025-06-06 19:23:48,219 [INFO] ThirdParty:1030 - CMSIS Pack Vendor :STMicroelectronics USB_DEVICE 1.0.0
2025-06-06 19:23:48,219 [INFO] ThirdParty:1030 - CMSIS Pack Vendor :STMicroelectronics X-CUBE-AI 8.1.0
2025-06-06 19:23:48,219 [INFO] ThirdParty:1030 - CMSIS Pack Vendor :wolfSSL I-CUBE-wolfMQTT 1.19.0
2025-06-06 19:23:48,219 [INFO] ThirdParty:1030 - CMSIS Pack Vendor :STMicroelectronics X-CUBE-AZRTOS-L4 2.0.0
2025-06-06 19:23:48,219 [INFO] ThirdParty:1030 - CMSIS Pack Vendor :STMicroelectronics ThreadX 0.0.2
2025-06-06 19:23:48,219 [INFO] ThirdParty:1030 - CMSIS Pack Vendor :WES I-CUBE-Cesium 1.3.0
2025-06-06 19:23:48,219 [INFO] ThirdParty:1030 - CMSIS Pack Vendor :STMicroelectronics lwIP 2.1.2
2025-06-06 19:23:48,219 [INFO] ThirdParty:1030 - CMSIS Pack Vendor :STMicroelectronics X-CUBE-SFXS2LP1 4.0.0
2025-06-06 19:23:48,220 [INFO] ThirdParty:1030 - CMSIS Pack Vendor :STMicroelectronics X-CUBE-BLE2 3.3.0
2025-06-06 19:23:48,220 [INFO] ThirdParty:1030 - CMSIS Pack Vendor :STMicroelectronics PDM2PCM 3.2.0
2025-06-06 19:23:48,220 [INFO] ThirdParty:1030 - CMSIS Pack Vendor :STMicroelectronics X-CUBE-ISPU 1.1.0
2025-06-06 19:23:48,220 [INFO] ThirdParty:1030 - CMSIS Pack Vendor :STMicroelectronics X-CUBE-AZRTOS-H7 3.3.0
2025-06-06 19:23:48,220 [INFO] ThirdParty:1030 - CMSIS Pack Vendor :STMicroelectronics X-CUBE-NFC9 1.0.0
2025-06-06 19:23:48,220 [INFO] ThirdParty:1030 - CMSIS Pack Vendor :STMicroelectronics X-CUBE-BLE1 7.1.0
2025-06-06 19:23:48,220 [INFO] ThirdParty:1030 - CMSIS Pack Vendor :STMicroelectronics USB_DEVICE 3.0.0
2025-06-06 19:23:48,221 [INFO] ThirdParty:1030 - CMSIS Pack Vendor :STMicroelectronics X-CUBE-AZRTOS-WB 2.0.0
2025-06-06 19:23:48,221 [INFO] ThirdParty:1030 - CMSIS Pack Vendor :STMicroelectronics X-CUBE-GNSS1 7.0.1
2025-06-06 19:23:48,221 [INFO] ThirdParty:1030 - CMSIS Pack Vendor :STMicroelectronics X-CUBE-TOUCHGFX 4.25.0
2025-06-06 19:23:48,221 [INFO] ThirdParty:1030 - CMSIS Pack Vendor :STMicroelectronics X-CUBE-AI 10.1.0
2025-06-06 19:23:48,221 [INFO] ThirdParty:1030 - CMSIS Pack Vendor :STMicroelectronics FP-SNS-STBOX1 2.0.0
2025-06-06 19:23:48,221 [INFO] ThirdParty:1030 - CMSIS Pack Vendor :STMicroelectronics X-CUBE-ALGOBUILD 1.3.0
2025-06-06 19:23:48,221 [INFO] ThirdParty:1030 - CMSIS Pack Vendor :STMicroelectronics X-CUBE-MEMS1 11.2.0
2025-06-06 19:23:48,221 [INFO] ThirdParty:1030 - CMSIS Pack Vendor :STMicroelectronics X-CUBE-AZRTOS-G0 1.1.0
2025-06-06 19:23:48,221 [INFO] ThirdParty:1030 - CMSIS Pack Vendor :STMicroelectronics X-CUBE-SAFEA1 1.2.2
2025-06-06 19:23:48,221 [INFO] ThirdParty:1030 - CMSIS Pack Vendor :STMicroelectronics X-CUBE-NFC4 3.0.0
2025-06-06 19:23:48,221 [INFO] ThirdParty:1030 - CMSIS Pack Vendor :STMicroelectronics X-CUBE-SUBG2 5.0.0
2025-06-06 19:23:48,221 [INFO] ThirdParty:1030 - CMSIS Pack Vendor :STMicroelectronics X-CUBE-AZRTOS-H7RS 1.1.0
2025-06-06 19:23:48,222 [INFO] ThirdParty:1030 - CMSIS Pack Vendor :STMicroelectronics STM32_WPAN 1.0.0
2025-06-06 19:23:48,222 [INFO] ThirdParty:1030 - CMSIS Pack Vendor :EmbeddedOffice I-CUBE-FS-RTOS 1.0.1
2025-06-06 19:23:48,222 [INFO] ThirdParty:1030 - CMSIS Pack Vendor :STMicroelectronics lwIP 2.0.3
2025-06-06 19:23:48,222 [INFO] ThirdParty:1030 - CMSIS Pack Vendor :Cesanta I-CUBE-Mongoose 7.13.0
2025-06-06 19:23:48,222 [INFO] ThirdParty:1030 - CMSIS Pack Vendor :STMicroelectronics USB_HOST 1.0.0
2025-06-06 19:23:48,222 [INFO] ThirdParty:1030 - CMSIS Pack Vendor :STMicroelectronics X-CUBE-TOF1 3.3.1
2025-06-06 19:23:48,222 [INFO] ThirdParty:1030 - CMSIS Pack Vendor :STMicroelectronics X-CUBE-AZRTOS-G4 2.0.0
2025-06-06 19:23:48,222 [INFO] ThirdParty:1030 - CMSIS Pack Vendor :STMicroelectronics X-CUBE-WB05N 2.0.0
2025-06-06 19:23:48,222 [INFO] ThirdParty:1030 - CMSIS Pack Vendor :STMicroelectronics PDM2PCM 3.1.0
2025-06-06 19:23:48,222 [INFO] ThirdParty:1030 - CMSIS Pack Vendor :Infineon AIROC-Wi-Fi-Bluetooth-STM32 1.5.1
2025-06-06 19:23:48,222 [INFO] ThirdParty:1030 - CMSIS Pack Vendor :STMicroelectronics X-CUBE-BLEMGR 3.0.0
2025-06-06 19:23:48,222 [INFO] ThirdParty:1030 - CMSIS Pack Vendor :STMicroelectronics FP-SNS-MOTENVWB1 1.3.0
2025-06-06 19:23:48,222 [INFO] ThirdParty:1030 - CMSIS Pack Vendor :STMicroelectronics X-CUBE-NFC7 2.0.0
2025-06-06 19:23:48,222 [INFO] ThirdParty:1030 - CMSIS Pack Vendor :STMicroelectronics X-CUBE-TCPP 4.2.0
2025-06-06 19:23:48,223 [INFO] ThirdParty:1030 - CMSIS Pack Vendor :RealThread X-CUBE-RT-Thread_Nano 4.1.1
2025-06-06 19:23:48,223 [INFO] ThirdParty:1030 - CMSIS Pack Vendor :STMicroelectronics FP-SNS-MOTENVWB1 1.3.1
2025-06-06 19:23:48,223 [INFO] ThirdParty:1030 - CMSIS Pack Vendor :STMicroelectronics FP-ATR-SIGFOX1 3.2.0
2025-06-06 19:23:48,223 [INFO] ThirdParty:1030 - CMSIS Pack Vendor :quantropi X-CUBE-qispace-sdk-base 1.9.3
2025-06-06 19:23:48,223 [INFO] ThirdParty:1030 - CMSIS Pack Vendor :STMicroelectronics X-CUBE-ISPU 2.0.0
2025-06-06 19:23:48,223 [INFO] ThirdParty:1030 - CMSIS Pack Vendor :STMicroelectronics X-CUBE-EEPRMA1 5.1.0
2025-06-06 19:23:48,223 [INFO] ThirdParty:1030 - CMSIS Pack Vendor :STMicroelectronics MBEDTLS 2.16.2
2025-06-06 19:23:48,223 [INFO] ThirdParty:1030 - CMSIS Pack Vendor :STMicroelectronics X-CUBE-IPS 3.1.0
2025-06-06 19:23:48,223 [INFO] ThirdParty:1030 - CMSIS Pack Vendor :STMicroelectronics X-CUBE-ALS 1.0.2
2025-06-06 19:23:48,223 [INFO] ThirdParty:1030 - CMSIS Pack Vendor :STMicroelectronics X-CUBE-MEMS1 10.0.0
2025-06-06 19:23:48,223 [INFO] ThirdParty:1030 - CMSIS Pack Vendor :STMicroelectronics X-CUBE-FREERTOS 1.1.0
2025-06-06 19:23:48,223 [INFO] ThirdParty:1030 - CMSIS Pack Vendor :STMicroelectronics X-CUBE-TOUCHGFX 4.24.2
2025-06-06 19:23:48,223 [INFO] ThirdParty:1030 - CMSIS Pack Vendor :wolfSSL I-CUBE-wolfTPM 3.4.0
2025-06-06 19:23:48,223 [INFO] ThirdParty:1030 - CMSIS Pack Vendor :portGmbH I-Cube-SoM-uGOAL 1.1.0
2025-06-06 19:23:48,223 [INFO] ThirdParty:1030 - CMSIS Pack Vendor :STMicroelectronics X-CUBE-ALS 1.0.1
2025-06-06 19:23:48,223 [INFO] ThirdParty:1030 - CMSIS Pack Vendor :STMicroelectronics X-CUBE-ST67W61 1.0.0
2025-06-06 19:23:48,223 [INFO] ThirdParty:1030 - CMSIS Pack Vendor :STMicroelectronics ThreadX 1.0.0
2025-06-06 19:23:48,224 [INFO] ThirdParty:1030 - CMSIS Pack Vendor :SEGGER I-CUBE-embOS 1.3.1
2025-06-06 19:23:48,224 [INFO] ThirdParty:1030 - CMSIS Pack Vendor :STMicroelectronics X-CUBE-ALGOBUILD 1.4.0
2025-06-06 19:23:48,224 [INFO] ThirdParty:1030 - CMSIS Pack Vendor :STMicroelectronics X-CUBE-AZRTOS-H7RS 1.0.0
2025-06-06 19:23:48,224 [INFO] ThirdParty:1030 - CMSIS Pack Vendor :STMicroelectronics FP-ATR-ASTRA1 2.0.0
2025-06-06 19:23:48,224 [INFO] ThirdParty:1030 - CMSIS Pack Vendor :STMicroelectronics X-CUBE-TOF1 3.4.2
2025-06-06 19:23:48,224 [INFO] ThirdParty:1030 - CMSIS Pack Vendor :STMicroelectronics X-CUBE-TOF1 3.4.3
2025-06-06 19:23:48,224 [INFO] ThirdParty:1030 - CMSIS Pack Vendor :STMicroelectronics X-CUBE-TOF1 3.4.0
2025-06-06 19:23:48,224 [INFO] ThirdParty:1030 - CMSIS Pack Vendor :STMicroelectronics X-CUBE-AZRTOS-H7 3.2.0
2025-06-06 19:23:48,224 [INFO] ThirdParty:1030 - CMSIS Pack Vendor :wolfSSL I-CUBE-wolfSSH 1.4.17
2025-06-06 19:23:48,224 [INFO] ThirdParty:841 - exiting critical section [change project]
2025-06-06 19:23:49,513 [INFO] PinOutPanel:1589 - setPackage(No Configuration,No Configuration)
2025-06-06 19:23:49,533 [INFO] PinOutPanel:1589 - setPackage(STM32F446RCTx,LQFP64)
2025-06-06 19:23:50,808 [INFO] UtilMem:75 - Before build in PCC Used Memory: 320446200 Bytes (688914432)
2025-06-06 19:23:52,041 [INFO] UtilMem:75 - After build in PCC Used Memory: 409792664 Bytes (688914432)
2025-06-06 19:23:52,110 [INFO] IPUIPlugin:80 - create IPUIPlugin
2025-06-06 19:23:52,111 [INFO] IPUIPlugin:80 - create IPUIPlugin
2025-06-06 19:23:52,112 [INFO] IPUIPlugin:80 - create IPUIPlugin
2025-06-06 19:23:52,112 [INFO] IPUIPlugin:80 - create IPUIPlugin
2025-06-06 19:23:52,113 [INFO] IPUIPlugin:80 - create IPUIPlugin
2025-06-06 19:23:52,114 [INFO] IPUIPlugin:80 - create IPUIPlugin
2025-06-06 19:23:52,115 [INFO] IPUIPlugin:80 - create IPUIPlugin
2025-06-06 19:23:52,116 [INFO] IPUIPlugin:80 - create IPUIPlugin
2025-06-06 19:23:52,116 [INFO] IPUIPlugin:80 - create IPUIPlugin
2025-06-06 19:23:52,116 [INFO] IPUIPlugin:80 - create IPUIPlugin
2025-06-06 19:23:52,116 [INFO] IPUIPlugin:80 - create IPUIPlugin
2025-06-06 19:23:52,117 [INFO] IPUIPlugin:80 - create IPUIPlugin
2025-06-06 19:23:52,117 [INFO] IPUIPlugin:80 - create IPUIPlugin
2025-06-06 19:23:52,117 [INFO] IPUIPlugin:80 - create IPUIPlugin
2025-06-06 19:23:52,118 [INFO] IPUIPlugin:80 - create IPUIPlugin
2025-06-06 19:23:52,118 [INFO] IPUIPlugin:80 - create IPUIPlugin
2025-06-06 19:23:52,118 [INFO] IPUIPlugin:80 - create IPUIPlugin
2025-06-06 19:23:52,118 [INFO] IPUIPlugin:80 - create IPUIPlugin
2025-06-06 19:23:52,118 [INFO] IPUIPlugin:80 - create IPUIPlugin
2025-06-06 19:23:52,119 [INFO] IPUIPlugin:80 - create IPUIPlugin
2025-06-06 19:23:52,119 [INFO] IPUIPlugin:80 - create IPUIPlugin
2025-06-06 19:23:52,119 [INFO] IPUIPlugin:80 - create IPUIPlugin
2025-06-06 19:23:52,120 [INFO] IPUIPlugin:80 - create IPUIPlugin
2025-06-06 19:23:52,120 [INFO] IPUIPlugin:80 - create IPUIPlugin
2025-06-06 19:23:52,120 [INFO] IPUIPlugin:80 - create IPUIPlugin
2025-06-06 19:23:52,121 [INFO] IPUIPlugin:80 - create IPUIPlugin
2025-06-06 19:23:52,121 [INFO] IPUIPlugin:80 - create IPUIPlugin
2025-06-06 19:23:52,122 [INFO] IPUIPlugin:80 - create IPUIPlugin
2025-06-06 19:23:52,122 [INFO] IPUIPlugin:80 - create IPUIPlugin
2025-06-06 19:23:52,122 [INFO] IPUIPlugin:80 - create IPUIPlugin
2025-06-06 19:23:52,123 [INFO] IPUIPlugin:80 - create IPUIPlugin
2025-06-06 19:23:52,123 [INFO] IPUIPlugin:80 - create IPUIPlugin
2025-06-06 19:23:52,123 [INFO] IPUIPlugin:80 - create IPUIPlugin
2025-06-06 19:23:52,124 [INFO] IPUIPlugin:80 - create IPUIPlugin
2025-06-06 19:23:52,124 [INFO] IPUIPlugin:80 - create IPUIPlugin
2025-06-06 19:23:52,124 [INFO] IPUIPlugin:80 - create IPUIPlugin
2025-06-06 19:23:52,125 [INFO] IPUIPlugin:80 - create IPUIPlugin
2025-06-06 19:23:52,125 [INFO] IPUIPlugin:80 - create IPUIPlugin
2025-06-06 19:23:52,125 [INFO] IPUIPlugin:80 - create IPUIPlugin
2025-06-06 19:23:52,126 [INFO] IPUIPlugin:80 - create IPUIPlugin
2025-06-06 19:23:52,126 [INFO] IPUIPlugin:80 - create IPUIPlugin
2025-06-06 19:23:52,126 [INFO] IPUIPlugin:80 - create IPUIPlugin
2025-06-06 19:23:52,127 [INFO] IPUIPlugin:80 - create IPUIPlugin
2025-06-06 19:23:52,127 [INFO] IPUIPlugin:80 - create IPUIPlugin
2025-06-06 19:23:52,128 [INFO] IPUIPlugin:80 - create IPUIPlugin
2025-06-06 19:23:52,129 [INFO] IPUIPlugin:80 - create IPUIPlugin
2025-06-06 19:23:52,130 [INFO] IPUIPlugin:80 - create IPUIPlugin
2025-06-06 19:23:52,131 [INFO] IPUIPlugin:80 - create IPUIPlugin
2025-06-06 19:23:52,131 [INFO] IPUIPlugin:80 - create IPUIPlugin
2025-06-06 19:23:52,132 [INFO] IPUIPlugin:80 - create IPUIPlugin
2025-06-06 19:23:52,133 [INFO] IPUIPlugin:80 - create IPUIPlugin
2025-06-06 19:23:52,133 [INFO] IPUIPlugin:80 - create IPUIPlugin
2025-06-06 19:23:52,134 [INFO] IPUIPlugin:80 - create IPUIPlugin
2025-06-06 19:23:52,134 [INFO] IPUIPlugin:80 - create IPUIPlugin
2025-06-06 19:23:52,134 [INFO] IPUIPlugin:80 - create IPUIPlugin
2025-06-06 19:23:52,135 [INFO] IPUIPlugin:80 - create IPUIPlugin
2025-06-06 19:23:52,136 [INFO] IPUIPlugin:80 - create IPUIPlugin
2025-06-06 19:23:52,136 [INFO] IPUIPlugin:80 - create IPUIPlugin
2025-06-06 19:23:52,137 [INFO] IPUIPlugin:80 - create IPUIPlugin
2025-06-06 19:23:52,137 [INFO] IPUIPlugin:80 - create IPUIPlugin
2025-06-06 19:23:52,277 [INFO] ApiDbMcu:508 - Load IP Config File for PDM2PCM
2025-06-06 19:23:52,297 [INFO] Can:71 - Can Add PropertyChangeListener com.st.microxplorer.plugins.ip.can.Can@39ed15a8
2025-06-06 19:23:52,299 [INFO] Can:71 - Can Add PropertyChangeListener com.st.microxplorer.plugins.ip.can.Can@1eedaaf7
2025-06-06 19:23:52,302 [WARN] IP:2250 - I2C_Coeff_DF not found: check if there is a RefParameter without a condition.
2025-06-06 19:23:52,303 [WARN] IP:2250 - Analog_Filter not found: check if there is a RefParameter without a condition.
2025-06-06 19:23:52,304 [WARN] IP:2250 - I2C_Coeff_DF not found: check if there is a RefParameter without a condition.
2025-06-06 19:23:52,304 [WARN] IP:2250 - Analog_Filter not found: check if there is a RefParameter without a condition.
2025-06-06 19:23:52,326 [INFO] I2sManager:658 - 9.6E7
2025-06-06 19:23:52,327 [INFO] I2sManager:195 - I2S Clock Value : 9.6E7
2025-06-06 19:23:52,332 [INFO] I2sManager:553 - AudioClock : 8000Divider : 187Odd : 1
2025-06-06 19:23:52,725 [INFO] CADModel:165 - CPN selected for project levelSTM32F446RCT7
2025-06-06 19:23:52,726 [INFO] CADModel:114 - Register for checkConnection events
2025-06-06 19:23:52,804 [INFO] OpenFileManager:385 - Restore cursor
2025-06-06 19:23:53,107 [WARN] IP:2250 - I2C_Coeff_DF not found: check if there is a RefParameter without a condition.
2025-06-06 19:23:53,107 [WARN] IP:2250 - Analog_Filter not found: check if there is a RefParameter without a condition.
2025-06-06 19:23:53,108 [WARN] IP:2250 - I2C_Coeff_DF not found: check if there is a RefParameter without a condition.
2025-06-06 19:23:53,108 [WARN] IP:2250 - Analog_Filter not found: check if there is a RefParameter without a condition.
2025-06-06 19:23:53,116 [WARN] IP:2250 - I2C_Coeff_DF not found: check if there is a RefParameter without a condition.
2025-06-06 19:23:53,116 [WARN] IP:2250 - Analog_Filter not found: check if there is a RefParameter without a condition.
2025-06-06 19:23:53,117 [WARN] IP:2250 - I2C_Coeff_DF not found: check if there is a RefParameter without a condition.
2025-06-06 19:23:53,117 [WARN] IP:2250 - Analog_Filter not found: check if there is a RefParameter without a condition.
2025-06-06 19:33:07,212 [INFO] WebApp:194 - Connection lost
2025-06-06 19:33:07,341 [INFO] WebApp:191 - Connection restablished
2025-06-06 23:51:31,242 [INFO] WebApp:194 - Connection lost
2025-06-06 23:51:31,395 [INFO] WebApp:191 - Connection restablished
