2025-06-09 08:48:47,649 [INFO] Activator:176 - 


2025-06-09 08:48:47,672 [INFO] Activator:177 - !SESSION log4j initialized
2025-06-09 08:49:15,381 [INFO] LogOutputStream:77 - [STDOUT_REDIRECT] 
2025-06-09 08:49:24,365 [INFO] ApplicationProperties:184 - Using Application install path: C:\ST\STM32CubeIDE_1.13.1\STM32CubeIDE\plugins\com.st.stm32cube.common.mx_6.14.1.202504091515
2025-06-09 08:49:24,445 [INFO] DbMcusXml:78 - Set database path to: C:\ST\STM32CubeIDE_1.13.1\STM32CubeIDE\plugins\com.st.stm32cube.common.mx_6.14.1.202504091515\\db\/mcu/
2025-06-09 08:49:24,446 [INFO] ApiDb:274 - Set plugin database path to: C:\ST\STM32CubeIDE_1.13.1\STM32CubeIDE\plugins\com.st.stm32cube.common.mx_6.14.1.202504091515\\db\/plugins/boardmanager/
2025-06-09 08:49:24,448 [WARN] ApiDb:259 - Overriding images path with different value:  => C:\ST\STM32CubeIDE_1.13.1\STM32CubeIDE\plugins\com.st.stm32cube.common.mx_6.14.1.202504091515\\db\/plugins/mcufinder/images/
2025-06-09 08:49:24,495 [INFO] ApiDb:250 - Set database path to: C:\Users\amozd\.stmcufinder\plugins\mcufinder//mcu/
2025-06-09 08:49:24,500 [INFO] DbMcusAds:125 - Set database path to: C:\Users\amozd\.stmcufinder\plugins\mcufinder//mcu/
2025-06-09 08:49:24,509 [INFO] CrossReferenceDbSqlite:203 - Set database path to: C:\Users\amozd\.stmcufinder\plugins\mcufinder//mcu/cs/
2025-06-09 08:49:25,373 [INFO] RulesReader:64 - Compatibility file has been processed (302 Rules)
2025-06-09 08:49:25,903 [INFO] DbMcusXml:78 - Set database path to: C:\ST\STM32CubeIDE_1.13.1\STM32CubeIDE\plugins\com.st.stm32cube.common.mx_6.14.1.202504091515\\db\/mcu/
2025-06-09 08:49:25,904 [INFO] ApiDb:274 - Set plugin database path to: C:\ST\STM32CubeIDE_1.13.1\STM32CubeIDE\plugins\com.st.stm32cube.common.mx_6.14.1.202504091515\\db\/plugins/boardmanager/
2025-06-09 08:49:25,905 [INFO] ApiDb:261 - Set plugin images path to: C:\ST\STM32CubeIDE_1.13.1\STM32CubeIDE\plugins\com.st.stm32cube.common.mx_6.14.1.202504091515\\db\/plugins/mcufinder/images/
2025-06-09 08:49:25,906 [WARN] DbFile:41 - Overriding database path with different value: C:\Users\amozd\.stmcufinder\plugins\mcufinder/ => C:\Users\amozd\.stmcufinder\plugins\mcufinder
2025-06-09 08:49:25,906 [INFO] ApiDb:250 - Set database path to: C:\Users\amozd\.stmcufinder\plugins\mcufinder//mcu/
2025-06-09 08:49:25,909 [WARN] DbFile:41 - Overriding database path with different value: C:\Users\amozd\.stmcufinder\plugins\mcufinder/ => C:\Users\amozd\.stmcufinder\plugins\mcufinder
2025-06-09 08:49:25,910 [INFO] DbMcusAds:125 - Set database path to: C:\Users\amozd\.stmcufinder\plugins\mcufinder//mcu/
2025-06-09 08:49:25,910 [WARN] DbFile:41 - Overriding database path with different value: C:\Users\amozd\.stmcufinder\plugins\mcufinder/ => C:\Users\amozd\.stmcufinder\plugins\mcufinder
2025-06-09 08:49:25,910 [WARN] DbFile:41 - Overriding database path with different value: C:\Users\amozd\.stmcufinder\plugins\mcufinder/ => C:\Users\amozd\.stmcufinder\plugins\mcufinder
2025-06-09 08:49:25,910 [INFO] CrossReferenceDbSqlite:203 - Set database path to: C:\Users\amozd\.stmcufinder\plugins\mcufinder//mcu/cs/
2025-06-09 08:49:26,267 [INFO] MainPanel:272 - HeapMemory: 268435456
2025-06-09 08:49:26,875 [INFO] DbMcusXml:78 - Set database path to: C:\ST\STM32CubeIDE_1.13.1\STM32CubeIDE\plugins\com.st.stm32cube.common.mx_6.14.1.202504091515\\db\/mcu/
2025-06-09 08:49:26,877 [INFO] ApiDb:274 - Set plugin database path to: C:\ST\STM32CubeIDE_1.13.1\STM32CubeIDE\plugins\com.st.stm32cube.common.mx_6.14.1.202504091515\\db\/plugins/boardmanager/
2025-06-09 08:49:26,877 [INFO] ApiDb:261 - Set plugin images path to: C:\ST\STM32CubeIDE_1.13.1\STM32CubeIDE\plugins\com.st.stm32cube.common.mx_6.14.1.202504091515\\db\/plugins/mcufinder/images/
2025-06-09 08:49:26,879 [WARN] DbFile:41 - Overriding database path with different value: C:\Users\amozd\.stmcufinder\plugins\mcufinder/ => C:\Users\amozd\.stmcufinder\plugins\mcufinder
2025-06-09 08:49:26,879 [INFO] ApiDb:250 - Set database path to: C:\Users\amozd\.stmcufinder\plugins\mcufinder//mcu/
2025-06-09 08:49:26,880 [WARN] DbFile:41 - Overriding database path with different value: C:\Users\amozd\.stmcufinder\plugins\mcufinder/ => C:\Users\amozd\.stmcufinder\plugins\mcufinder
2025-06-09 08:49:26,881 [INFO] DbMcusAds:125 - Set database path to: C:\Users\amozd\.stmcufinder\plugins\mcufinder//mcu/
2025-06-09 08:49:26,882 [WARN] DbFile:41 - Overriding database path with different value: C:\Users\amozd\.stmcufinder\plugins\mcufinder/ => C:\Users\amozd\.stmcufinder\plugins\mcufinder
2025-06-09 08:49:26,882 [WARN] DbFile:41 - Overriding database path with different value: C:\Users\amozd\.stmcufinder\plugins\mcufinder/ => C:\Users\amozd\.stmcufinder\plugins\mcufinder
2025-06-09 08:49:26,883 [INFO] CrossReferenceDbSqlite:203 - Set database path to: C:\Users\amozd\.stmcufinder\plugins\mcufinder//mcu/cs/
2025-06-09 08:49:26,961 [INFO] ApplicationProperties:184 - Using Application install path: C:\ST\STM32CubeIDE_1.13.1\STM32CubeIDE\plugins\com.st.stm32cube.common.mx_6.14.1.202504091515
2025-06-09 08:49:26,968 [INFO] PluginManage:196 - Search for loadable plugins [exclusion list=, ]
2025-06-09 08:49:26,973 [INFO] PluginManage:310 - Check plugin analytics
2025-06-09 08:49:27,849 [INFO] AnalyticsPlugin:253 - Accepted Software Licenses: 
2025-06-09 08:49:27,850 [INFO] AnalyticsPlugin:255 - Accepted CMSIS Pack Licenses: 
2025-06-09 08:49:27,851 [INFO] AnalyticsPlugin:257 - Accepted Firmware Licenses: FW.F4.1.27.0
2025-06-09 08:49:27,872 [INFO] PluginManage:359 - Loaded plugin analytics (category:tool,tabindex:-1)
2025-06-09 08:49:27,874 [INFO] PluginManage:310 - Check plugin cadmodel
2025-06-09 08:49:27,915 [INFO] CADModel:105 - Init CAD model plugin
2025-06-09 08:49:27,916 [INFO] PluginManage:359 - Loaded plugin cadmodel (category:power,tabindex:5)
2025-06-09 08:49:27,917 [INFO] PluginManage:310 - Check plugin clock
2025-06-09 08:49:27,975 [INFO] PluginManage:359 - Loaded plugin clock (category:base,tabindex:2)
2025-06-09 08:49:27,976 [INFO] PluginManage:310 - Check plugin ddr
2025-06-09 08:49:27,986 [INFO] PluginManage:359 - Loaded plugin ddr (category:tool,tabindex:6)
2025-06-09 08:49:27,987 [INFO] PluginManage:310 - Check plugin filemanager
2025-06-09 08:49:28,608 [INFO] PluginManage:359 - Loaded plugin filemanager (category:base,tabindex:10)
2025-06-09 08:49:28,608 [INFO] PluginManage:310 - Check plugin ipmanager
2025-06-09 08:49:28,634 [INFO] PluginManage:359 - Loaded plugin ipmanager (category:base,tabindex:5)
2025-06-09 08:49:28,635 [INFO] PluginManage:310 - Check plugin lpbam
2025-06-09 08:49:28,691 [INFO] PluginManage:359 - Loaded plugin lpbam (category:base,tabindex:0)
2025-06-09 08:49:28,692 [INFO] PluginManage:310 - Check plugin memorymap
2025-06-09 08:49:28,768 [INFO] PluginManage:359 - Loaded plugin memorymap (category:base,tabindex:4)
2025-06-09 08:49:28,769 [INFO] PluginManage:310 - Check plugin pinoutandconfiguration
2025-06-09 08:49:28,825 [INFO] PluginManage:359 - Loaded plugin pinoutandconfiguration (category:base,tabindex:1)
2025-06-09 08:49:28,826 [INFO] PluginManage:310 - Check plugin pinoutconfig
2025-06-09 08:49:29,247 [WARN] SupportedApi:132 - Cannot load RTOS API schema: s4s-elt-must-match.1: The content of 'definitions' must match (annotation?, (simpleType | complexType)?, (unique | key | keyref)*)). A problem was found starting at: attribute.
2025-06-09 08:49:29,910 [INFO] PluginManage:359 - Loaded plugin pinoutconfig (category:base,tabindex:0)
2025-06-09 08:49:29,911 [INFO] PluginManage:310 - Check plugin power
2025-06-09 08:49:30,007 [INFO] PluginManage:359 - Loaded plugin power (category:power,tabindex:4)
2025-06-09 08:49:30,008 [INFO] PluginManage:310 - Check plugin projectmanager
2025-06-09 08:49:30,082 [INFO] PluginManage:359 - Loaded plugin projectmanager (category:projectmanager,tabindex:4)
2025-06-09 08:49:30,082 [INFO] PluginManage:310 - Check plugin rif
2025-06-09 08:49:30,129 [INFO] PluginManage:359 - Loaded plugin rif (category:base,tabindex:3)
2025-06-09 08:49:30,130 [INFO] PluginManage:310 - Check plugin thirdparty
2025-06-09 08:49:31,090 [INFO] PluginManage:359 - Loaded plugin thirdparty (category:base,tabindex:-1)
2025-06-09 08:49:31,091 [INFO] PluginManage:310 - Check plugin tools
2025-06-09 08:49:31,091 [WARN] IntegrityCheckThread:84 - waiting for thirdparty lock release [integrity check]
2025-06-09 08:49:31,097 [INFO] IntegrityCheckThread:86 - entering critical section [integrity check]
2025-06-09 08:49:31,097 [INFO] ThirdPartyUpdaterWithRetryManager:70 - Updater plugin not ready yet. [1/15]
2025-06-09 08:49:31,260 [INFO] PluginManage:359 - Loaded plugin tools (category:base,tabindex:7)
2025-06-09 08:49:31,261 [INFO] PluginManage:310 - Check plugin tutovideos
2025-06-09 08:49:32,163 [INFO] PluginManage:359 - Loaded plugin tutovideos (category:base,tabindex:-1)
2025-06-09 08:49:32,163 [INFO] PluginManage:310 - Check plugin updater
2025-06-09 08:49:32,267 [INFO] PluginManage:359 - Loaded plugin updater (category:base,tabindex:12)
2025-06-09 08:49:32,268 [INFO] PluginManage:310 - Check plugin userauth
2025-06-09 08:49:32,291 [INFO] UserAuth:118 - Init User Auth plugin
2025-06-09 08:49:32,294 [INFO] PluginManage:359 - Loaded plugin userauth (category:base,tabindex:14)
2025-06-09 08:49:32,297 [INFO] PluginManage:283 - PluginManage : Loaded plugins [18]
2025-06-09 08:49:33,285 [INFO] PinOutPanel:1589 - setPackage(No Configuration,No Configuration)
2025-06-09 08:49:33,641 [INFO] CADModel:165 - CPN selected for project level
2025-06-09 08:49:33,643 [INFO] CADModel:114 - Register for checkConnection events
2025-06-09 08:49:33,725 [INFO] IPUIPlugin:80 - create IPUIPlugin
2025-06-09 08:49:33,726 [INFO] PluginManager:220 - loadIPPluginJar : add adc
2025-06-09 08:49:33,841 [INFO] IPUIPlugin:80 - create IPUIPlugin
2025-06-09 08:49:33,842 [INFO] PluginManager:220 - loadIPPluginJar : add aes
2025-06-09 08:49:34,024 [INFO] IPUIPlugin:80 - create IPUIPlugin
2025-06-09 08:49:34,025 [INFO] PluginManager:220 - loadIPPluginJar : add can
2025-06-09 08:49:34,098 [INFO] IPUIPlugin:80 - create IPUIPlugin
2025-06-09 08:49:34,099 [INFO] PluginManager:220 - loadIPPluginJar : add comp
2025-06-09 08:49:34,101 [INFO] ThirdPartyUpdaterWithRetryManager:70 - Updater plugin not ready yet. [2/15]
2025-06-09 08:49:34,245 [INFO] IPUIPlugin:80 - create IPUIPlugin
2025-06-09 08:49:34,245 [INFO] PluginManager:220 - loadIPPluginJar : add cryp
2025-06-09 08:49:34,274 [INFO] IPUIPlugin:80 - create IPUIPlugin
2025-06-09 08:49:34,275 [INFO] PluginManager:220 - loadIPPluginJar : add ddr_ctrl_phy
2025-06-09 08:49:34,433 [INFO] IPUIPlugin:80 - create IPUIPlugin
2025-06-09 08:49:34,434 [INFO] PluginManager:220 - loadIPPluginJar : add dfsdm
2025-06-09 08:49:34,473 [INFO] IPUIPlugin:80 - create IPUIPlugin
2025-06-09 08:49:34,475 [INFO] PluginManager:220 - loadIPPluginJar : add dma
2025-06-09 08:49:34,657 [INFO] IPUIPlugin:80 - create IPUIPlugin
2025-06-09 08:49:34,658 [INFO] PluginManager:220 - loadIPPluginJar : add dma3
2025-06-09 08:49:34,880 [INFO] IPUIPlugin:80 - create IPUIPlugin
2025-06-09 08:49:34,881 [INFO] PluginManager:220 - loadIPPluginJar : add extmemmanager
2025-06-09 08:49:34,960 [INFO] IPUIPlugin:80 - create IPUIPlugin
2025-06-09 08:49:34,961 [INFO] PluginManager:220 - loadIPPluginJar : add fatfs
2025-06-09 08:49:35,203 [INFO] IPUIPlugin:80 - create IPUIPlugin
2025-06-09 08:49:35,204 [INFO] PluginManager:220 - loadIPPluginJar : add fmc
2025-06-09 08:49:35,247 [INFO] IPUIPlugin:80 - create IPUIPlugin
2025-06-09 08:49:35,248 [INFO] PluginManager:220 - loadIPPluginJar : add freertos
2025-06-09 08:49:35,326 [INFO] IPUIPlugin:80 - create IPUIPlugin
2025-06-09 08:49:35,326 [INFO] PluginManager:220 - loadIPPluginJar : add genericplugin
2025-06-09 08:49:35,846 [INFO] IPUIPlugin:80 - create IPUIPlugin
2025-06-09 08:49:35,847 [INFO] PluginManager:220 - loadIPPluginJar : add gfxmmu
2025-06-09 08:49:36,614 [INFO] IPUIPlugin:80 - create IPUIPlugin
2025-06-09 08:49:36,615 [INFO] PluginManager:220 - loadIPPluginJar : add gic
2025-06-09 08:49:36,651 [INFO] IPUIPlugin:80 - create IPUIPlugin
2025-06-09 08:49:36,654 [INFO] PluginManager:220 - loadIPPluginJar : add gpio
2025-06-09 08:49:37,102 [INFO] ThirdPartyUpdaterWithRetryManager:70 - Updater plugin not ready yet. [3/15]
2025-06-09 08:49:37,163 [INFO] IPUIPlugin:80 - create IPUIPlugin
2025-06-09 08:49:37,164 [INFO] PluginManager:220 - loadIPPluginJar : add gtzc
2025-06-09 08:49:37,300 [INFO] IPUIPlugin:80 - create IPUIPlugin
2025-06-09 08:49:37,300 [INFO] PluginManager:220 - loadIPPluginJar : add hash
2025-06-09 08:49:37,554 [INFO] IPUIPlugin:80 - create IPUIPlugin
2025-06-09 08:49:37,555 [INFO] PluginManager:220 - loadIPPluginJar : add i2c
2025-06-09 08:49:37,729 [INFO] IPUIPlugin:80 - create IPUIPlugin
2025-06-09 08:49:37,730 [INFO] PluginManager:220 - loadIPPluginJar : add i2s
2025-06-09 08:49:37,924 [INFO] IPUIPlugin:80 - create IPUIPlugin
2025-06-09 08:49:37,925 [INFO] PluginManager:220 - loadIPPluginJar : add i3c
2025-06-09 08:49:38,458 [INFO] IPUIPlugin:80 - create IPUIPlugin
2025-06-09 08:49:38,459 [INFO] PluginManager:220 - loadIPPluginJar : add ipddr
2025-06-09 08:49:38,998 [INFO] IPUIPlugin:80 - create IPUIPlugin
2025-06-09 08:49:38,999 [INFO] PluginManager:220 - loadIPPluginJar : add linkedlist
2025-06-09 08:49:39,153 [INFO] IPUIPlugin:80 - create IPUIPlugin
2025-06-09 08:49:39,153 [INFO] PluginManager:220 - loadIPPluginJar : add lorawan
2025-06-09 08:49:39,329 [INFO] IPUIPlugin:80 - create IPUIPlugin
2025-06-09 08:49:39,329 [INFO] PluginManager:220 - loadIPPluginJar : add ltdc
2025-06-09 08:49:39,374 [INFO] IPUIPlugin:80 - create IPUIPlugin
2025-06-09 08:49:39,375 [INFO] PluginManager:220 - loadIPPluginJar : add mdma
2025-06-09 08:49:39,407 [INFO] IPUIPlugin:80 - create IPUIPlugin
2025-06-09 08:49:39,408 [INFO] PluginManager:220 - loadIPPluginJar : add nvic
2025-06-09 08:49:39,595 [INFO] IPUIPlugin:80 - create IPUIPlugin
2025-06-09 08:49:39,595 [INFO] PluginManager:220 - loadIPPluginJar : add opamp
2025-06-09 08:49:39,918 [INFO] IPUIPlugin:80 - create IPUIPlugin
2025-06-09 08:49:39,919 [INFO] PluginManager:220 - loadIPPluginJar : add openamp
2025-06-09 08:49:40,105 [INFO] ThirdPartyUpdaterWithRetryManager:70 - Updater plugin not ready yet. [4/15]
2025-06-09 08:49:40,132 [INFO] IPUIPlugin:80 - create IPUIPlugin
2025-06-09 08:49:40,133 [INFO] PluginManager:220 - loadIPPluginJar : add pdm2pcm
2025-06-09 08:49:40,180 [INFO] IPUIPlugin:80 - create IPUIPlugin
2025-06-09 08:49:40,192 [INFO] PluginManager:220 - loadIPPluginJar : add plateformsettings
2025-06-09 08:49:40,274 [INFO] IPUIPlugin:80 - create IPUIPlugin
2025-06-09 08:49:40,274 [INFO] PluginManager:220 - loadIPPluginJar : add quadspi
2025-06-09 08:49:40,426 [INFO] IPUIPlugin:80 - create IPUIPlugin
2025-06-09 08:49:40,433 [INFO] PluginManager:220 - loadIPPluginJar : add radio
2025-06-09 08:49:40,470 [INFO] IPUIPlugin:80 - create IPUIPlugin
2025-06-09 08:49:40,470 [INFO] PluginManager:220 - loadIPPluginJar : add resmgrutility
2025-06-09 08:49:40,638 [INFO] IPUIPlugin:80 - create IPUIPlugin
2025-06-09 08:49:40,639 [INFO] PluginManager:220 - loadIPPluginJar : add sai
2025-06-09 08:49:40,768 [INFO] IPUIPlugin:80 - create IPUIPlugin
2025-06-09 08:49:40,769 [INFO] PluginManager:220 - loadIPPluginJar : add spi
2025-06-09 08:49:41,078 [INFO] IPUIPlugin:80 - create IPUIPlugin
2025-06-09 08:49:41,078 [INFO] PluginManager:220 - loadIPPluginJar : add stm32_wpan
2025-06-09 08:49:41,137 [INFO] IPUIPlugin:80 - create IPUIPlugin
2025-06-09 08:49:41,137 [INFO] PluginManager:220 - loadIPPluginJar : add tim
2025-06-09 08:49:41,391 [INFO] IPUIPlugin:80 - create IPUIPlugin
2025-06-09 08:49:41,392 [INFO] PluginManager:220 - loadIPPluginJar : add touchsensing
2025-06-09 08:49:41,493 [INFO] IPUIPlugin:80 - create IPUIPlugin
2025-06-09 08:49:41,493 [INFO] PluginManager:220 - loadIPPluginJar : add tracer_emb
2025-06-09 08:49:41,584 [INFO] IPUIPlugin:80 - create IPUIPlugin
2025-06-09 08:49:41,584 [INFO] PluginManager:220 - loadIPPluginJar : add ts
2025-06-09 08:49:41,646 [INFO] IPUIPlugin:80 - create IPUIPlugin
2025-06-09 08:49:41,647 [INFO] PluginManager:220 - loadIPPluginJar : add tsc
2025-06-09 08:49:41,707 [INFO] IPUIPlugin:80 - create IPUIPlugin
2025-06-09 08:49:41,708 [INFO] PluginManager:220 - loadIPPluginJar : add ucpd
2025-06-09 08:49:41,871 [INFO] IPUIPlugin:80 - create IPUIPlugin
2025-06-09 08:49:41,871 [INFO] PluginManager:220 - loadIPPluginJar : add usart
2025-06-09 08:49:42,022 [INFO] IPUIPlugin:80 - create IPUIPlugin
2025-06-09 08:49:42,023 [INFO] PluginManager:220 - loadIPPluginJar : add usbx
2025-06-09 08:49:42,284 [FATAL] Updater:351 - Updater called before beeing initialized
2025-06-09 08:49:42,407 [INFO] RulesReader:64 - Compatibility file has been processed (302 Rules)
2025-06-09 08:49:42,468 [INFO] RulesReader:64 - Compatibility file has been processed (302 Rules)
2025-06-09 08:49:42,496 [INFO] CADModel:165 - CPN selected for project level
2025-06-09 08:49:42,497 [INFO] CADModel:114 - Register for checkConnection events
2025-06-09 08:49:42,497 [FATAL] Updater:351 - Updater called before beeing initialized
2025-06-09 08:49:42,498 [ERROR] CADModel:125 - Updater not yet initialized, retry later 
2025-06-09 08:49:43,096 [FATAL] Updater:351 - Updater called before beeing initialized
2025-06-09 08:49:43,103 [INFO] CADModel:165 - CPN selected for project level
2025-06-09 08:49:43,103 [INFO] CADModel:114 - Register for checkConnection events
2025-06-09 08:49:43,104 [FATAL] Updater:351 - Updater called before beeing initialized
2025-06-09 08:49:43,104 [ERROR] CADModel:125 - Updater not yet initialized, retry later 
2025-06-09 08:49:43,110 [INFO] ThirdPartyUpdaterWithRetryManager:70 - Updater plugin not ready yet. [5/15]
2025-06-09 08:49:43,122 [FATAL] Updater:351 - Updater called before beeing initialized
2025-06-09 08:49:43,904 [FATAL] Updater:351 - Updater called before beeing initialized
2025-06-09 08:49:43,951 [INFO] DbMcusAds:53 - JSON generation date=Wed May 07 11:07:55 CEST 2025 (1746608875679)
2025-06-09 08:49:43,952 [FATAL] Updater:351 - Updater called before beeing initialized
2025-06-09 08:49:44,111 [WARN] DetailPanel:346 - Failed to get advertising image, set to default
2025-06-09 08:49:45,286 [FATAL] Updater:351 - Updater called before beeing initialized
2025-06-09 08:49:45,293 [FATAL] Updater:351 - Updater called before beeing initialized
2025-06-09 08:49:45,294 [FATAL] Updater:351 - Updater called before beeing initialized
2025-06-09 08:49:45,294 [WARN] DetailPanel:346 - Failed to get advertising image, set to default
2025-06-09 08:49:45,297 [FATAL] Updater:351 - Updater called before beeing initialized
2025-06-09 08:49:45,535 [ERROR] Updater:1198 - MainUpdater not yet initialized. External WinMGr cannot be set.
2025-06-09 08:49:45,583 [INFO] Updater:1134 - Updater Version found : 6.14.1
2025-06-09 08:49:45,650 [INFO] ApplicationProperties:184 - Using Application install path: C:\ST\STM32CubeIDE_1.13.1\STM32CubeIDE\plugins\com.st.stm32cube.common.mx_6.14.1.202504091515
2025-06-09 08:49:46,116 [FATAL] Updater:351 - Updater called before beeing initialized
2025-06-09 08:49:46,118 [ERROR] IntegrityCheckThread:130 - Cannot retrieve database content from updater: error 21
2025-06-09 08:49:46,119 [INFO] ThirdParty:978 - Integrity check success = false
2025-06-09 08:49:46,119 [INFO] IntegrityCheckThread:100 - exiting critical section [integrity check]
2025-06-09 08:49:46,119 [INFO] IntegrityCheckThread:103 - End integrity checks thread
2025-06-09 08:49:47,278 [INFO] MainUpdater:2872 - connection check result : 10
2025-06-09 08:49:47,281 [INFO] MainUpdater:289 - Updater Check For Update Now.
2025-06-09 08:49:47,282 [INFO] MicroXplorer:498 - Change Database Version : DB.6.0.141
2025-06-09 08:49:47,379 [INFO] McuFinderGlobals:63 - Set McuFinder mode to 2 (CubeIDE integrated)
2025-06-09 08:49:47,412 [INFO] UserAuth:484 - Internet connection configuration mode: 1
2025-06-09 08:49:47,524 [INFO] JxBrowserEngine:152 - Initiate JxBrowser Engine with user profile folder
2025-06-09 08:49:48,248 [INFO] CheckServerUpdateThread:120 - End of CheckServer Thread
2025-06-09 08:49:52,359 [INFO] WebApp:169 - Instantiating new browser for Auth
2025-06-09 08:49:54,245 [INFO] WebApp:463 - Apply proxy settings
2025-06-09 08:49:54,245 [INFO] WebApp:548 - Chromium requires no authentication
2025-06-09 08:49:54,274 [INFO] WebApp:491 - Direct internet connection detected
2025-06-09 08:49:54,341 [INFO] WebApp:894 - Register for checkConnection events
2025-06-09 08:49:54,343 [INFO] WebApp:463 - Apply proxy settings
2025-06-09 08:49:54,344 [INFO] WebApp:548 - Chromium requires no authentication
2025-06-09 08:49:54,346 [INFO] WebApp:491 - Direct internet connection detected
2025-06-09 08:49:54,574 [INFO] WebApp:191 - Connection restablished
2025-06-09 08:49:55,141 [INFO] WebApp:225 - Starting web application
2025-06-09 08:49:55,141 [INFO] WebApp:593 - Web application path used C:\ST\STM32CubeIDE_1.13.1\STM32CubeIDE\plugins\com.st.stm32cube.common.mx_6.14.1.202504091515\db\plugins\mcufinder\reactClient1\index.html
2025-06-09 08:49:56,436 [INFO] UserAuth:484 - Internet connection configuration mode: 1
2025-06-09 08:55:41,272 [ERROR] LogOutputStream:75 - [STDERR_REDIRECT] 
2025-06-09 11:11:43,066 [INFO] Activator:176 - 


2025-06-09 11:11:43,069 [INFO] Activator:177 - !SESSION log4j initialized
2025-06-09 11:11:52,793 [INFO] LogOutputStream:77 - [STDOUT_REDIRECT] 
2025-06-09 11:11:57,556 [INFO] ApplicationProperties:184 - Using Application install path: C:\ST\STM32CubeIDE_1.13.1\STM32CubeIDE\plugins\com.st.stm32cube.common.mx_6.14.1.202504091515
2025-06-09 11:11:57,584 [INFO] DbMcusXml:78 - Set database path to: C:\ST\STM32CubeIDE_1.13.1\STM32CubeIDE\plugins\com.st.stm32cube.common.mx_6.14.1.202504091515\\db\/mcu/
2025-06-09 11:11:57,584 [INFO] ApiDb:274 - Set plugin database path to: C:\ST\STM32CubeIDE_1.13.1\STM32CubeIDE\plugins\com.st.stm32cube.common.mx_6.14.1.202504091515\\db\/plugins/boardmanager/
2025-06-09 11:11:57,584 [WARN] ApiDb:259 - Overriding images path with different value:  => C:\ST\STM32CubeIDE_1.13.1\STM32CubeIDE\plugins\com.st.stm32cube.common.mx_6.14.1.202504091515\\db\/plugins/mcufinder/images/
2025-06-09 11:11:57,601 [INFO] ApiDb:250 - Set database path to: C:\Users\amozd\.stmcufinder\plugins\mcufinder//mcu/
2025-06-09 11:11:57,603 [INFO] DbMcusAds:125 - Set database path to: C:\Users\amozd\.stmcufinder\plugins\mcufinder//mcu/
2025-06-09 11:11:57,607 [INFO] CrossReferenceDbSqlite:203 - Set database path to: C:\Users\amozd\.stmcufinder\plugins\mcufinder//mcu/cs/
2025-06-09 11:11:57,804 [INFO] RulesReader:64 - Compatibility file has been processed (302 Rules)
2025-06-09 11:11:57,947 [INFO] DbMcusXml:78 - Set database path to: C:\ST\STM32CubeIDE_1.13.1\STM32CubeIDE\plugins\com.st.stm32cube.common.mx_6.14.1.202504091515\\db\/mcu/
2025-06-09 11:11:57,947 [INFO] ApiDb:274 - Set plugin database path to: C:\ST\STM32CubeIDE_1.13.1\STM32CubeIDE\plugins\com.st.stm32cube.common.mx_6.14.1.202504091515\\db\/plugins/boardmanager/
2025-06-09 11:11:57,947 [INFO] ApiDb:261 - Set plugin images path to: C:\ST\STM32CubeIDE_1.13.1\STM32CubeIDE\plugins\com.st.stm32cube.common.mx_6.14.1.202504091515\\db\/plugins/mcufinder/images/
2025-06-09 11:11:57,948 [WARN] DbFile:41 - Overriding database path with different value: C:\Users\amozd\.stmcufinder\plugins\mcufinder/ => C:\Users\amozd\.stmcufinder\plugins\mcufinder
2025-06-09 11:11:57,948 [INFO] ApiDb:250 - Set database path to: C:\Users\amozd\.stmcufinder\plugins\mcufinder//mcu/
2025-06-09 11:11:57,948 [WARN] DbFile:41 - Overriding database path with different value: C:\Users\amozd\.stmcufinder\plugins\mcufinder/ => C:\Users\amozd\.stmcufinder\plugins\mcufinder
2025-06-09 11:11:57,948 [INFO] DbMcusAds:125 - Set database path to: C:\Users\amozd\.stmcufinder\plugins\mcufinder//mcu/
2025-06-09 11:11:57,948 [WARN] DbFile:41 - Overriding database path with different value: C:\Users\amozd\.stmcufinder\plugins\mcufinder/ => C:\Users\amozd\.stmcufinder\plugins\mcufinder
2025-06-09 11:11:57,949 [WARN] DbFile:41 - Overriding database path with different value: C:\Users\amozd\.stmcufinder\plugins\mcufinder/ => C:\Users\amozd\.stmcufinder\plugins\mcufinder
2025-06-09 11:11:57,949 [INFO] CrossReferenceDbSqlite:203 - Set database path to: C:\Users\amozd\.stmcufinder\plugins\mcufinder//mcu/cs/
2025-06-09 11:11:58,083 [INFO] MainPanel:272 - HeapMemory: 268435456
2025-06-09 11:11:58,337 [INFO] DbMcusXml:78 - Set database path to: C:\ST\STM32CubeIDE_1.13.1\STM32CubeIDE\plugins\com.st.stm32cube.common.mx_6.14.1.202504091515\\db\/mcu/
2025-06-09 11:11:58,337 [INFO] ApiDb:274 - Set plugin database path to: C:\ST\STM32CubeIDE_1.13.1\STM32CubeIDE\plugins\com.st.stm32cube.common.mx_6.14.1.202504091515\\db\/plugins/boardmanager/
2025-06-09 11:11:58,337 [INFO] ApiDb:261 - Set plugin images path to: C:\ST\STM32CubeIDE_1.13.1\STM32CubeIDE\plugins\com.st.stm32cube.common.mx_6.14.1.202504091515\\db\/plugins/mcufinder/images/
2025-06-09 11:11:58,338 [WARN] DbFile:41 - Overriding database path with different value: C:\Users\amozd\.stmcufinder\plugins\mcufinder/ => C:\Users\amozd\.stmcufinder\plugins\mcufinder
2025-06-09 11:11:58,338 [INFO] ApiDb:250 - Set database path to: C:\Users\amozd\.stmcufinder\plugins\mcufinder//mcu/
2025-06-09 11:11:58,339 [WARN] DbFile:41 - Overriding database path with different value: C:\Users\amozd\.stmcufinder\plugins\mcufinder/ => C:\Users\amozd\.stmcufinder\plugins\mcufinder
2025-06-09 11:11:58,339 [INFO] DbMcusAds:125 - Set database path to: C:\Users\amozd\.stmcufinder\plugins\mcufinder//mcu/
2025-06-09 11:11:58,339 [WARN] DbFile:41 - Overriding database path with different value: C:\Users\amozd\.stmcufinder\plugins\mcufinder/ => C:\Users\amozd\.stmcufinder\plugins\mcufinder
2025-06-09 11:11:58,339 [WARN] DbFile:41 - Overriding database path with different value: C:\Users\amozd\.stmcufinder\plugins\mcufinder/ => C:\Users\amozd\.stmcufinder\plugins\mcufinder
2025-06-09 11:11:58,339 [INFO] CrossReferenceDbSqlite:203 - Set database path to: C:\Users\amozd\.stmcufinder\plugins\mcufinder//mcu/cs/
2025-06-09 11:11:58,371 [INFO] ApplicationProperties:184 - Using Application install path: C:\ST\STM32CubeIDE_1.13.1\STM32CubeIDE\plugins\com.st.stm32cube.common.mx_6.14.1.202504091515
2025-06-09 11:11:58,373 [INFO] PluginManage:196 - Search for loadable plugins [exclusion list=, ]
2025-06-09 11:11:58,375 [INFO] PluginManage:310 - Check plugin analytics
2025-06-09 11:11:58,704 [INFO] AnalyticsPlugin:253 - Accepted Software Licenses: 
2025-06-09 11:11:58,704 [INFO] AnalyticsPlugin:255 - Accepted CMSIS Pack Licenses: 
2025-06-09 11:11:58,705 [INFO] AnalyticsPlugin:257 - Accepted Firmware Licenses: FW.F4.1.27.0
2025-06-09 11:11:58,710 [INFO] PluginManage:359 - Loaded plugin analytics (category:tool,tabindex:-1)
2025-06-09 11:11:58,710 [INFO] PluginManage:310 - Check plugin cadmodel
2025-06-09 11:11:58,743 [INFO] CADModel:105 - Init CAD model plugin
2025-06-09 11:11:58,743 [INFO] PluginManage:359 - Loaded plugin cadmodel (category:power,tabindex:5)
2025-06-09 11:11:58,743 [INFO] PluginManage:310 - Check plugin clock
2025-06-09 11:11:58,782 [INFO] PluginManage:359 - Loaded plugin clock (category:base,tabindex:2)
2025-06-09 11:11:58,782 [INFO] PluginManage:310 - Check plugin ddr
2025-06-09 11:11:58,786 [INFO] PluginManage:359 - Loaded plugin ddr (category:tool,tabindex:6)
2025-06-09 11:11:58,788 [INFO] PluginManage:310 - Check plugin filemanager
2025-06-09 11:11:59,033 [INFO] PluginManage:359 - Loaded plugin filemanager (category:base,tabindex:10)
2025-06-09 11:11:59,033 [INFO] PluginManage:310 - Check plugin ipmanager
2025-06-09 11:11:59,045 [INFO] PluginManage:359 - Loaded plugin ipmanager (category:base,tabindex:5)
2025-06-09 11:11:59,046 [INFO] PluginManage:310 - Check plugin lpbam
2025-06-09 11:11:59,080 [INFO] PluginManage:359 - Loaded plugin lpbam (category:base,tabindex:0)
2025-06-09 11:11:59,081 [INFO] PluginManage:310 - Check plugin memorymap
2025-06-09 11:11:59,124 [INFO] PluginManage:359 - Loaded plugin memorymap (category:base,tabindex:4)
2025-06-09 11:11:59,124 [INFO] PluginManage:310 - Check plugin pinoutandconfiguration
2025-06-09 11:11:59,162 [INFO] PluginManage:359 - Loaded plugin pinoutandconfiguration (category:base,tabindex:1)
2025-06-09 11:11:59,162 [INFO] PluginManage:310 - Check plugin pinoutconfig
2025-06-09 11:11:59,343 [WARN] SupportedApi:132 - Cannot load RTOS API schema: s4s-elt-must-match.1: The content of 'definitions' must match (annotation?, (simpleType | complexType)?, (unique | key | keyref)*)). A problem was found starting at: attribute.
2025-06-09 11:11:59,571 [INFO] PluginManage:359 - Loaded plugin pinoutconfig (category:base,tabindex:0)
2025-06-09 11:11:59,571 [INFO] PluginManage:310 - Check plugin power
2025-06-09 11:11:59,606 [INFO] PluginManage:359 - Loaded plugin power (category:power,tabindex:4)
2025-06-09 11:11:59,607 [INFO] PluginManage:310 - Check plugin projectmanager
2025-06-09 11:11:59,633 [INFO] PluginManage:359 - Loaded plugin projectmanager (category:projectmanager,tabindex:4)
2025-06-09 11:11:59,633 [INFO] PluginManage:310 - Check plugin rif
2025-06-09 11:11:59,666 [INFO] PluginManage:359 - Loaded plugin rif (category:base,tabindex:3)
2025-06-09 11:11:59,666 [INFO] PluginManage:310 - Check plugin thirdparty
2025-06-09 11:12:00,198 [WARN] IntegrityCheckThread:84 - waiting for thirdparty lock release [integrity check]
2025-06-09 11:12:00,198 [INFO] PluginManage:359 - Loaded plugin thirdparty (category:base,tabindex:-1)
2025-06-09 11:12:00,199 [INFO] IntegrityCheckThread:86 - entering critical section [integrity check]
2025-06-09 11:12:00,199 [INFO] PluginManage:310 - Check plugin tools
2025-06-09 11:12:00,200 [INFO] ThirdPartyUpdaterWithRetryManager:70 - Updater plugin not ready yet. [1/15]
2025-06-09 11:12:00,291 [INFO] PluginManage:359 - Loaded plugin tools (category:base,tabindex:7)
2025-06-09 11:12:00,291 [INFO] PluginManage:310 - Check plugin tutovideos
2025-06-09 11:12:00,649 [INFO] PluginManage:359 - Loaded plugin tutovideos (category:base,tabindex:-1)
2025-06-09 11:12:00,649 [INFO] PluginManage:310 - Check plugin updater
2025-06-09 11:12:00,686 [INFO] PluginManage:359 - Loaded plugin updater (category:base,tabindex:12)
2025-06-09 11:12:00,687 [INFO] PluginManage:310 - Check plugin userauth
2025-06-09 11:12:00,694 [INFO] UserAuth:118 - Init User Auth plugin
2025-06-09 11:12:00,695 [INFO] PluginManage:359 - Loaded plugin userauth (category:base,tabindex:14)
2025-06-09 11:12:00,696 [INFO] PluginManage:283 - PluginManage : Loaded plugins [18]
2025-06-09 11:12:01,112 [INFO] PinOutPanel:1589 - setPackage(No Configuration,No Configuration)
2025-06-09 11:12:01,260 [INFO] CADModel:165 - CPN selected for project level
2025-06-09 11:12:01,260 [INFO] CADModel:114 - Register for checkConnection events
2025-06-09 11:12:01,316 [INFO] IPUIPlugin:80 - create IPUIPlugin
2025-06-09 11:12:01,316 [INFO] PluginManager:220 - loadIPPluginJar : add adc
2025-06-09 11:12:01,402 [INFO] IPUIPlugin:80 - create IPUIPlugin
2025-06-09 11:12:01,402 [INFO] PluginManager:220 - loadIPPluginJar : add aes
2025-06-09 11:12:01,501 [INFO] IPUIPlugin:80 - create IPUIPlugin
2025-06-09 11:12:01,501 [INFO] PluginManager:220 - loadIPPluginJar : add can
2025-06-09 11:12:01,561 [INFO] IPUIPlugin:80 - create IPUIPlugin
2025-06-09 11:12:01,561 [INFO] PluginManager:220 - loadIPPluginJar : add comp
2025-06-09 11:12:01,644 [INFO] IPUIPlugin:80 - create IPUIPlugin
2025-06-09 11:12:01,645 [INFO] PluginManager:220 - loadIPPluginJar : add cryp
2025-06-09 11:12:01,667 [INFO] IPUIPlugin:80 - create IPUIPlugin
2025-06-09 11:12:01,667 [INFO] PluginManager:220 - loadIPPluginJar : add ddr_ctrl_phy
2025-06-09 11:12:01,732 [INFO] IPUIPlugin:80 - create IPUIPlugin
2025-06-09 11:12:01,732 [INFO] PluginManager:220 - loadIPPluginJar : add dfsdm
2025-06-09 11:12:01,759 [INFO] IPUIPlugin:80 - create IPUIPlugin
2025-06-09 11:12:01,760 [INFO] PluginManager:220 - loadIPPluginJar : add dma
2025-06-09 11:12:01,850 [INFO] IPUIPlugin:80 - create IPUIPlugin
2025-06-09 11:12:01,850 [INFO] PluginManager:220 - loadIPPluginJar : add dma3
2025-06-09 11:12:01,963 [INFO] IPUIPlugin:80 - create IPUIPlugin
2025-06-09 11:12:01,963 [INFO] PluginManager:220 - loadIPPluginJar : add extmemmanager
2025-06-09 11:12:02,018 [INFO] IPUIPlugin:80 - create IPUIPlugin
2025-06-09 11:12:02,018 [INFO] PluginManager:220 - loadIPPluginJar : add fatfs
2025-06-09 11:12:02,141 [INFO] IPUIPlugin:80 - create IPUIPlugin
2025-06-09 11:12:02,141 [INFO] PluginManager:220 - loadIPPluginJar : add fmc
2025-06-09 11:12:02,169 [INFO] IPUIPlugin:80 - create IPUIPlugin
2025-06-09 11:12:02,170 [INFO] PluginManager:220 - loadIPPluginJar : add freertos
2025-06-09 11:12:02,224 [INFO] IPUIPlugin:80 - create IPUIPlugin
2025-06-09 11:12:02,224 [INFO] PluginManager:220 - loadIPPluginJar : add genericplugin
2025-06-09 11:12:02,464 [INFO] IPUIPlugin:80 - create IPUIPlugin
2025-06-09 11:12:02,465 [INFO] PluginManager:220 - loadIPPluginJar : add gfxmmu
2025-06-09 11:12:02,780 [INFO] IPUIPlugin:80 - create IPUIPlugin
2025-06-09 11:12:02,780 [INFO] PluginManager:220 - loadIPPluginJar : add gic
2025-06-09 11:12:02,813 [INFO] IPUIPlugin:80 - create IPUIPlugin
2025-06-09 11:12:02,814 [INFO] PluginManager:220 - loadIPPluginJar : add gpio
2025-06-09 11:12:03,032 [INFO] IPUIPlugin:80 - create IPUIPlugin
2025-06-09 11:12:03,032 [INFO] PluginManager:220 - loadIPPluginJar : add gtzc
2025-06-09 11:12:03,105 [INFO] IPUIPlugin:80 - create IPUIPlugin
2025-06-09 11:12:03,106 [INFO] PluginManager:220 - loadIPPluginJar : add hash
2025-06-09 11:12:03,203 [INFO] ThirdPartyUpdaterWithRetryManager:70 - Updater plugin not ready yet. [2/15]
2025-06-09 11:12:03,230 [INFO] IPUIPlugin:80 - create IPUIPlugin
2025-06-09 11:12:03,231 [INFO] PluginManager:220 - loadIPPluginJar : add i2c
2025-06-09 11:12:03,342 [INFO] IPUIPlugin:80 - create IPUIPlugin
2025-06-09 11:12:03,343 [INFO] PluginManager:220 - loadIPPluginJar : add i2s
2025-06-09 11:12:03,437 [INFO] IPUIPlugin:80 - create IPUIPlugin
2025-06-09 11:12:03,438 [INFO] PluginManager:220 - loadIPPluginJar : add i3c
2025-06-09 11:12:03,657 [INFO] IPUIPlugin:80 - create IPUIPlugin
2025-06-09 11:12:03,657 [INFO] PluginManager:220 - loadIPPluginJar : add ipddr
2025-06-09 11:12:03,867 [INFO] IPUIPlugin:80 - create IPUIPlugin
2025-06-09 11:12:03,867 [INFO] PluginManager:220 - loadIPPluginJar : add linkedlist
2025-06-09 11:12:03,948 [INFO] IPUIPlugin:80 - create IPUIPlugin
2025-06-09 11:12:03,948 [INFO] PluginManager:220 - loadIPPluginJar : add lorawan
2025-06-09 11:12:04,032 [INFO] IPUIPlugin:80 - create IPUIPlugin
2025-06-09 11:12:04,033 [INFO] PluginManager:220 - loadIPPluginJar : add ltdc
2025-06-09 11:12:04,060 [INFO] IPUIPlugin:80 - create IPUIPlugin
2025-06-09 11:12:04,061 [INFO] PluginManager:220 - loadIPPluginJar : add mdma
2025-06-09 11:12:04,085 [INFO] IPUIPlugin:80 - create IPUIPlugin
2025-06-09 11:12:04,085 [INFO] PluginManager:220 - loadIPPluginJar : add nvic
2025-06-09 11:12:04,175 [INFO] IPUIPlugin:80 - create IPUIPlugin
2025-06-09 11:12:04,175 [INFO] PluginManager:220 - loadIPPluginJar : add opamp
2025-06-09 11:12:04,318 [INFO] IPUIPlugin:80 - create IPUIPlugin
2025-06-09 11:12:04,318 [INFO] PluginManager:220 - loadIPPluginJar : add openamp
2025-06-09 11:12:04,420 [INFO] IPUIPlugin:80 - create IPUIPlugin
2025-06-09 11:12:04,420 [INFO] PluginManager:220 - loadIPPluginJar : add pdm2pcm
2025-06-09 11:12:04,447 [INFO] IPUIPlugin:80 - create IPUIPlugin
2025-06-09 11:12:04,451 [INFO] PluginManager:220 - loadIPPluginJar : add plateformsettings
2025-06-09 11:12:04,503 [INFO] IPUIPlugin:80 - create IPUIPlugin
2025-06-09 11:12:04,503 [INFO] PluginManager:220 - loadIPPluginJar : add quadspi
2025-06-09 11:12:04,569 [INFO] IPUIPlugin:80 - create IPUIPlugin
2025-06-09 11:12:04,573 [INFO] PluginManager:220 - loadIPPluginJar : add radio
2025-06-09 11:12:04,599 [INFO] IPUIPlugin:80 - create IPUIPlugin
2025-06-09 11:12:04,599 [INFO] PluginManager:220 - loadIPPluginJar : add resmgrutility
2025-06-09 11:12:04,707 [INFO] IPUIPlugin:80 - create IPUIPlugin
2025-06-09 11:12:04,707 [INFO] PluginManager:220 - loadIPPluginJar : add sai
2025-06-09 11:12:04,798 [INFO] IPUIPlugin:80 - create IPUIPlugin
2025-06-09 11:12:04,799 [INFO] PluginManager:220 - loadIPPluginJar : add spi
2025-06-09 11:12:04,968 [INFO] IPUIPlugin:80 - create IPUIPlugin
2025-06-09 11:12:04,969 [INFO] PluginManager:220 - loadIPPluginJar : add stm32_wpan
2025-06-09 11:12:05,021 [INFO] IPUIPlugin:80 - create IPUIPlugin
2025-06-09 11:12:05,022 [INFO] PluginManager:220 - loadIPPluginJar : add tim
2025-06-09 11:12:05,156 [INFO] IPUIPlugin:80 - create IPUIPlugin
2025-06-09 11:12:05,156 [INFO] PluginManager:220 - loadIPPluginJar : add touchsensing
2025-06-09 11:12:05,209 [INFO] IPUIPlugin:80 - create IPUIPlugin
2025-06-09 11:12:05,210 [INFO] PluginManager:220 - loadIPPluginJar : add tracer_emb
2025-06-09 11:12:05,264 [INFO] IPUIPlugin:80 - create IPUIPlugin
2025-06-09 11:12:05,264 [INFO] PluginManager:220 - loadIPPluginJar : add ts
2025-06-09 11:12:05,314 [INFO] IPUIPlugin:80 - create IPUIPlugin
2025-06-09 11:12:05,314 [INFO] PluginManager:220 - loadIPPluginJar : add tsc
2025-06-09 11:12:05,362 [INFO] IPUIPlugin:80 - create IPUIPlugin
2025-06-09 11:12:05,363 [INFO] PluginManager:220 - loadIPPluginJar : add ucpd
2025-06-09 11:12:05,462 [INFO] IPUIPlugin:80 - create IPUIPlugin
2025-06-09 11:12:05,463 [INFO] PluginManager:220 - loadIPPluginJar : add usart
2025-06-09 11:12:05,560 [INFO] IPUIPlugin:80 - create IPUIPlugin
2025-06-09 11:12:05,561 [INFO] PluginManager:220 - loadIPPluginJar : add usbx
2025-06-09 11:12:05,728 [FATAL] Updater:351 - Updater called before beeing initialized
2025-06-09 11:12:05,771 [INFO] RulesReader:64 - Compatibility file has been processed (302 Rules)
2025-06-09 11:12:05,790 [INFO] RulesReader:64 - Compatibility file has been processed (302 Rules)
2025-06-09 11:12:05,803 [INFO] CADModel:165 - CPN selected for project level
2025-06-09 11:12:05,803 [INFO] CADModel:114 - Register for checkConnection events
2025-06-09 11:12:05,804 [FATAL] Updater:351 - Updater called before beeing initialized
2025-06-09 11:12:05,804 [ERROR] CADModel:125 - Updater not yet initialized, retry later 
2025-06-09 11:12:06,054 [FATAL] Updater:351 - Updater called before beeing initialized
2025-06-09 11:12:06,056 [INFO] CADModel:165 - CPN selected for project level
2025-06-09 11:12:06,057 [INFO] CADModel:114 - Register for checkConnection events
2025-06-09 11:12:06,057 [FATAL] Updater:351 - Updater called before beeing initialized
2025-06-09 11:12:06,057 [ERROR] CADModel:125 - Updater not yet initialized, retry later 
2025-06-09 11:12:06,063 [FATAL] Updater:351 - Updater called before beeing initialized
2025-06-09 11:12:06,204 [INFO] ThirdPartyUpdaterWithRetryManager:70 - Updater plugin not ready yet. [3/15]
2025-06-09 11:12:06,255 [FATAL] Updater:351 - Updater called before beeing initialized
2025-06-09 11:12:06,280 [INFO] DbMcusAds:53 - JSON generation date=Wed May 07 11:07:55 CEST 2025 (1746608875679)
2025-06-09 11:12:06,280 [FATAL] Updater:351 - Updater called before beeing initialized
2025-06-09 11:12:06,345 [WARN] DetailPanel:346 - Failed to get advertising image, set to default
2025-06-09 11:12:06,729 [FATAL] Updater:351 - Updater called before beeing initialized
2025-06-09 11:12:06,734 [FATAL] Updater:351 - Updater called before beeing initialized
2025-06-09 11:12:06,734 [FATAL] Updater:351 - Updater called before beeing initialized
2025-06-09 11:12:06,734 [WARN] DetailPanel:346 - Failed to get advertising image, set to default
2025-06-09 11:12:06,735 [FATAL] Updater:351 - Updater called before beeing initialized
2025-06-09 11:12:06,840 [ERROR] Updater:1198 - MainUpdater not yet initialized. External WinMGr cannot be set.
2025-06-09 11:12:06,860 [INFO] Updater:1134 - Updater Version found : 6.14.1
2025-06-09 11:12:06,895 [INFO] ApplicationProperties:184 - Using Application install path: C:\ST\STM32CubeIDE_1.13.1\STM32CubeIDE\plugins\com.st.stm32cube.common.mx_6.14.1.202504091515
2025-06-09 11:12:07,498 [INFO] MainUpdater:2872 - connection check result : 10
2025-06-09 11:12:07,500 [INFO] MainUpdater:289 - Updater Check For Update Now.
2025-06-09 11:12:07,500 [INFO] MicroXplorer:498 - Change Database Version : DB.6.0.141
2025-06-09 11:12:07,549 [INFO] McuFinderGlobals:63 - Set McuFinder mode to 2 (CubeIDE integrated)
2025-06-09 11:12:07,563 [INFO] UserAuth:484 - Internet connection configuration mode: 1
2025-06-09 11:12:07,630 [INFO] JxBrowserEngine:152 - Initiate JxBrowser Engine with user profile folder
2025-06-09 11:12:07,793 [INFO] CheckServerUpdateThread:120 - End of CheckServer Thread
2025-06-09 11:12:09,943 [WARN] PackLoader:240 - Cannot read IP mode file for STMicroelectronics.FP-SNS-MOTENVWB1.1.4.0
2025-06-09 11:12:09,975 [WARN] PackLoader:240 - Cannot read IP mode file for STMicroelectronics.FP-ATR-ASTRA1.2.0.2
2025-06-09 11:12:10,004 [WARN] PackLoader:240 - Cannot read IP mode file for STMicroelectronics.FP-ATR-ASTRA1.2.0.1
2025-06-09 11:12:10,032 [WARN] PackLoader:240 - Cannot read IP mode file for STMicroelectronics.X-CUBE-SMBUS.2.1.0
2025-06-09 11:12:10,061 [WARN] PackLoader:240 - Cannot read IP mode file for STMicroelectronics.X-CUBE-WB05N.1.1.0
2025-06-09 11:12:10,166 [WARN] PackLoader:240 - Cannot read IP mode file for STMicroelectronics.X-CUBE-ST60.1.0.0
2025-06-09 11:12:10,196 [WARN] PackLoader:240 - Cannot read IP mode file for STMicroelectronics.X-CUBE-TOUCHGFX.4.23.0
2025-06-09 11:12:10,299 [WARN] PackLoader:240 - Cannot read IP mode file for STMicroelectronics.X-CUBE-AZRTOS-F7.1.1.0
2025-06-09 11:12:10,330 [WARN] PackLoader:240 - Cannot read IP mode file for STMicroelectronics.FP-SNS-MOTENV1.4.3.2
2025-06-09 11:12:10,359 [WARN] PackLoader:240 - Cannot read IP mode file for STMicroelectronics.FP-SNS-FLIGHT1.5.0.2
2025-06-09 11:12:10,395 [WARN] PackLoader:240 - Cannot read IP mode file for STMicroelectronics.X-CUBE-DISPLAY.3.0.0
2025-06-09 11:12:10,446 [WARN] PackLoader:240 - Cannot read IP mode file for STMicroelectronics.X-CUBE-BLE1.7.0.0
2025-06-09 11:12:10,487 [WARN] PackLoader:240 - Cannot read IP mode file for STMicroelectronics.X-CUBE-NFC10.1.0.0
2025-06-09 11:12:10,529 [WARN] PackLoader:240 - Cannot read IP mode file for STMicroelectronics.X-CUBE-BLEMGR.4.0.0
2025-06-09 11:12:10,560 [WARN] PackLoader:240 - Cannot read IP mode file for emotas.I-CUBE-CANOPEN.1.3.0
2025-06-09 11:12:10,587 [WARN] PackLoader:240 - Cannot read IP mode file for STMicroelectronics.X-CUBE-TOUCHGFX.4.22.0
2025-06-09 11:12:10,605 [INFO] WebApp:169 - Instantiating new browser for Auth
2025-06-09 11:12:10,613 [WARN] PackLoader:240 - Cannot read IP mode file for STMicroelectronics.X-CUBE-TOUCHGFX.4.22.1
2025-06-09 11:12:10,645 [WARN] PackLoader:240 - Cannot read IP mode file for STMicroelectronics.X-CUBE-BLEMGR.3.1.0
2025-06-09 11:12:10,673 [WARN] PackLoader:240 - Cannot read IP mode file for STMicroelectronics.X-CUBE-AI.10.0.0
2025-06-09 11:12:10,710 [WARN] PackLoader:240 - Cannot read IP mode file for STMicroelectronics.FP-SNS-SMARTAG2.1.2.0
2025-06-09 11:12:10,741 [WARN] PackLoader:240 - Cannot read IP mode file for STMicroelectronics.FP-SNS-FLIGHT1.5.1.0
2025-06-09 11:12:10,889 [WARN] PackLoader:240 - Cannot read IP mode file for STMicroelectronics.X-CUBE-MEMS1.11.1.0
2025-06-09 11:12:11,391 [INFO] LogOutputStream:77 - [STDOUT_REDIRECT] 1 : Invalid condition id : UX_CORESTACK_Condition cause : null
2025-06-09 11:12:11,393 [INFO] LogOutputStream:77 - [STDOUT_REDIRECT] 1 : Invalid condition id : UX_CORESTACK_Condition cause : null
2025-06-09 11:12:11,394 [INFO] LogOutputStream:77 - [STDOUT_REDIRECT] 1 : Invalid condition id : UX_CORESTACK_Condition cause : null
2025-06-09 11:12:11,397 [INFO] LogOutputStream:77 - [STDOUT_REDIRECT] 1 : Invalid condition id : UX_CORESTACK_Condition cause : null
2025-06-09 11:12:11,399 [INFO] LogOutputStream:77 - [STDOUT_REDIRECT] 1 : Invalid condition id : UX_CORESTACK_Condition cause : null
2025-06-09 11:12:11,404 [WARN] PackLoader:240 - Cannot read IP mode file for STMicroelectronics.X-CUBE-AZRTOS-WL.2.0.0
2025-06-09 11:12:11,440 [WARN] PackLoader:240 - Cannot read IP mode file for STMicroelectronics.FP-SNS-MOTENV1.5.0.0
2025-06-09 11:12:11,470 [WARN] PackLoader:240 - Cannot read IP mode file for wolfSSL.I-CUBE-wolfMQTT.1.19.0
2025-06-09 11:12:11,503 [WARN] PackLoader:240 - Cannot read IP mode file for WES.I-CUBE-Cesium.1.3.0
2025-06-09 11:12:11,530 [WARN] PackLoader:240 - Cannot read IP mode file for STMicroelectronics.X-CUBE-BLE2.3.3.0
2025-06-09 11:12:11,565 [WARN] PackLoader:240 - Cannot read IP mode file for STMicroelectronics.X-CUBE-NFC9.1.0.0
2025-06-09 11:12:11,610 [WARN] PackLoader:240 - Cannot read IP mode file for STMicroelectronics.X-CUBE-BLE1.7.1.0
2025-06-09 11:12:11,639 [WARN] PackLoader:240 - Cannot read IP mode file for STMicroelectronics.X-CUBE-AI.10.1.0
2025-06-09 11:12:11,668 [WARN] PackLoader:240 - Cannot read IP mode file for STMicroelectronics.X-CUBE-ALGOBUILD.1.3.0
2025-06-09 11:12:11,798 [WARN] PackLoader:240 - Cannot read IP mode file for STMicroelectronics.X-CUBE-MEMS1.11.2.0
2025-06-09 11:12:12,009 [WARN] PackLoader:240 - Cannot read IP mode file for STMicroelectronics.X-CUBE-AZRTOS-G0.1.1.0
2025-06-09 11:12:12,040 [WARN] PackLoader:240 - Cannot read IP mode file for STMicroelectronics.X-CUBE-SAFEA1.1.2.2
2025-06-09 11:12:12,069 [WARN] PackLoader:240 - Cannot read IP mode file for STMicroelectronics.X-CUBE-NFC4.3.0.0
2025-06-09 11:12:12,100 [WARN] PackLoader:240 - Cannot read IP mode file for EmbeddedOffice.I-CUBE-FS-RTOS.1.0.1
2025-06-09 11:12:12,130 [WARN] PackLoader:240 - Cannot read IP mode file for STMicroelectronics.X-CUBE-WB05N.2.0.0
2025-06-09 11:12:12,161 [WARN] PackLoader:240 - Cannot read IP mode file for STMicroelectronics.X-CUBE-BLEMGR.3.0.0
2025-06-09 11:12:12,192 [WARN] PackLoader:240 - Cannot read IP mode file for STMicroelectronics.X-CUBE-TCPP.4.2.0
2025-06-09 11:12:12,221 [WARN] PackLoader:240 - Cannot read IP mode file for RealThread.X-CUBE-RT-Thread_Nano.4.1.1
2025-06-09 11:12:12,246 [WARN] PackLoader:240 - Cannot read IP mode file for STMicroelectronics.FP-ATR-SIGFOX1.3.2.0
2025-06-09 11:12:12,271 [WARN] ConditionMgr:438 - getConditionDescription Invalid condition id : Cortex-A Device cause : null
2025-06-09 11:12:12,310 [WARN] ConditionMgr:1044 - genDependencies : Invalid condition id : Cortex-A Device cause : null
2025-06-09 11:12:12,310 [WARN] ConditionMgr:1044 - genDependencies : Invalid condition id : Cortex-A Device cause : null
2025-06-09 11:12:12,311 [WARN] ConditionMgr:1044 - genDependencies : Invalid condition id : Cortex-A Device cause : null
2025-06-09 11:12:12,337 [WARN] PackLoader:240 - Cannot read IP mode file for STMicroelectronics.X-CUBE-EEPRMA1.5.1.0
2025-06-09 11:12:12,367 [WARN] PackLoader:240 - Cannot read IP mode file for STMicroelectronics.X-CUBE-ST67W61.1.0.0
2025-06-09 11:12:12,434 [WARN] PackLoader:240 - Cannot read IP mode file for SEGGER.I-CUBE-embOS.1.3.1
2025-06-09 11:12:12,504 [WARN] PackLoader:240 - Cannot read IP mode file for STMicroelectronics.X-CUBE-ALGOBUILD.1.4.0
2025-06-09 11:12:12,529 [WARN] PackLoader:240 - Cannot read IP mode file for STMicroelectronics.X-CUBE-GNSS1.6.0.0
2025-06-09 11:12:12,578 [WARN] PackLoader:240 - Cannot read IP mode file for STMicroelectronics.X-CUBE-AZRTOS-F4.1.1.0
2025-06-09 11:12:12,603 [WARN] PackLoader:240 - Cannot read IP mode file for wolfSSL.I-CUBE-wolfSSL.5.6.3
2025-06-09 11:12:12,627 [WARN] PackLoader:240 - Cannot read IP mode file for Avnet-IotConnect.X-CUBE-IoTC-DA16k-PMOD.1.0.0
2025-06-09 11:12:12,651 [WARN] PackLoader:240 - Cannot read IP mode file for STMicroelectronics.X-CUBE-ISPU.2.1.0
2025-06-09 11:12:12,700 [WARN] PackLoader:240 - Cannot read IP mode file for STMicroelectronics.X-CUBE-AZRTOS-L5.2.0.0
2025-06-09 11:12:12,779 [WARN] PackLoader:240 - Cannot read IP mode file for STMicroelectronics.X-CUBE-MEMS1.9.6.0
2025-06-09 11:12:13,475 [WARN] PackLoader:240 - Cannot read IP mode file for STMicroelectronics.X-CUBE-EEPRMA1.4.2.0
2025-06-09 11:12:13,532 [WARN] PackLoader:240 - Cannot read IP mode file for STMicroelectronics.X-CUBE-NFC6.3.1.0
2025-06-09 11:12:13,566 [WARN] PackLoader:240 - Cannot read IP mode file for ITTIA_DB.I-CUBE-ITTIADB.8.8.0
2025-06-09 11:12:13,598 [WARN] PackLoader:240 - Cannot read IP mode file for STMicroelectronics.X-CUBE-BLEMGR.2.0.0
2025-06-09 11:12:13,630 [WARN] PackLoader:240 - Cannot read IP mode file for STMicroelectronics.X-CUBE-DPower.1.2.0
2025-06-09 11:12:13,690 [WARN] ConditionMgr:438 - getConditionDescription Invalid condition id : UX DEVICE CLASS RTOS Condition cause : null
2025-06-09 11:12:13,690 [WARN] ConditionMgr:438 - getConditionDescription Invalid condition id : UX DEVICE CLASS RTOS Condition cause : null
2025-06-09 11:12:13,696 [WARN] PackLoader:240 - Cannot read IP mode file for STMicroelectronics.X-CUBE-AZRTOS-H7.3.1.0
2025-06-09 11:12:13,697 [WARN] ConditionMgr:1044 - genDependencies : Invalid condition id : UX DEVICE CLASS RTOS Condition cause : null
2025-06-09 11:12:13,697 [WARN] ConditionMgr:1044 - genDependencies : Invalid condition id : UX DEVICE CLASS RTOS Condition cause : null
2025-06-09 11:12:13,698 [WARN] ConditionMgr:1044 - genDependencies : Invalid condition id : UX DEVICE CLASS RTOS Condition cause : null
2025-06-09 11:12:13,698 [WARN] ConditionMgr:1044 - genDependencies : Invalid condition id : UX DEVICE CLASS RTOS Condition cause : null
2025-06-09 11:12:13,699 [WARN] ConditionMgr:1044 - genDependencies : Invalid condition id : UX DEVICE CLASS RTOS Condition cause : null
2025-06-09 11:12:13,733 [WARN] PackLoader:240 - Cannot read IP mode file for STMicroelectronics.X-CUBE-FREERTOS.1.3.1
2025-06-09 11:12:13,764 [WARN] PackLoader:240 - Cannot read IP mode file for STMicroelectronics.X-CUBE-FREERTOS.1.3.0
2025-06-09 11:12:13,792 [WARN] PackLoader:240 - Cannot read IP mode file for STMicroelectronics.X-CUBE-NFC7.1.0.1
2025-06-09 11:12:13,839 [WARN] PackLoader:240 - Cannot read IP mode file for STMicroelectronics.X-CUBE-NFC6.3.0.0
2025-06-09 11:12:13,865 [WARN] PackLoader:240 - Cannot read IP mode file for STMicroelectronics.X-CUBE-EEPRMA1.4.1.0
2025-06-09 11:12:13,892 [WARN] PackLoader:240 - Cannot read IP mode file for STMicroelectronics.X-CUBE-DPower.1.3.0
2025-06-09 11:12:13,923 [WARN] PackLoader:240 - Cannot read IP mode file for STMicroelectronics.X-CUBE-AI.8.1.0
2025-06-09 11:12:13,975 [WARN] ConditionMgr:438 - getConditionDescription Invalid condition id : LAN8742 Phy interface Condition cause : null
2025-06-09 11:12:13,977 [WARN] PackLoader:240 - Cannot read IP mode file for STMicroelectronics.X-CUBE-AZRTOS-L4.2.0.0
2025-06-09 11:12:13,978 [WARN] ConditionMgr:1044 - genDependencies : Invalid condition id : LAN8742 Phy interface Condition cause : null
2025-06-09 11:12:13,979 [WARN] ConditionMgr:1044 - genDependencies : Invalid condition id : LAN8742 Phy interface Condition cause : null
2025-06-09 11:12:13,980 [WARN] ConditionMgr:1044 - genDependencies : Invalid condition id : LAN8742 Phy interface Condition cause : null
2025-06-09 11:12:14,008 [WARN] PackLoader:240 - Cannot read IP mode file for STMicroelectronics.X-CUBE-SFXS2LP1.4.0.0
2025-06-09 11:12:14,032 [WARN] PackLoader:240 - Cannot read IP mode file for STMicroelectronics.X-CUBE-ISPU.1.1.0
2025-06-09 11:12:14,082 [WARN] PackLoader:240 - Cannot read IP mode file for STMicroelectronics.X-CUBE-AZRTOS-H7.3.3.0
2025-06-09 11:12:14,128 [WARN] ConditionMgr:438 - getConditionDescription Invalid condition id : UX DEVICE CLASS RTOS Condition cause : null
2025-06-09 11:12:14,129 [WARN] ConditionMgr:438 - getConditionDescription Invalid condition id : UX DEVICE CLASS RTOS Condition cause : null
2025-06-09 11:12:14,131 [WARN] PackLoader:240 - Cannot read IP mode file for STMicroelectronics.X-CUBE-AZRTOS-WB.2.0.0
2025-06-09 11:12:14,132 [WARN] ConditionMgr:1044 - genDependencies : Invalid condition id : UX DEVICE CLASS RTOS Condition cause : null
2025-06-09 11:12:14,133 [WARN] ConditionMgr:1044 - genDependencies : Invalid condition id : UX DEVICE CLASS RTOS Condition cause : null
2025-06-09 11:12:14,133 [WARN] ConditionMgr:1044 - genDependencies : Invalid condition id : UX DEVICE CLASS RTOS Condition cause : null
2025-06-09 11:12:14,134 [WARN] ConditionMgr:1044 - genDependencies : Invalid condition id : UX DEVICE CLASS RTOS Condition cause : null
2025-06-09 11:12:14,134 [WARN] ConditionMgr:1044 - genDependencies : Invalid condition id : UX DEVICE CLASS RTOS Condition cause : null
2025-06-09 11:12:14,168 [WARN] PackLoader:240 - Cannot read IP mode file for STMicroelectronics.X-CUBE-GNSS1.7.0.1
2025-06-09 11:12:14,192 [WARN] PackLoader:240 - Cannot read IP mode file for STMicroelectronics.X-CUBE-TOUCHGFX.4.25.0
2025-06-09 11:12:14,218 [WARN] PackLoader:240 - Cannot read IP mode file for STMicroelectronics.FP-SNS-STBOX1.2.0.0
2025-06-09 11:12:14,252 [WARN] PackLoader:240 - Cannot read IP mode file for STMicroelectronics.X-CUBE-SUBG2.5.0.0
2025-06-09 11:12:14,311 [WARN] PackLoader:240 - Cannot read IP mode file for STMicroelectronics.X-CUBE-AZRTOS-H7RS.1.1.0
2025-06-09 11:12:14,339 [WARN] PackLoader:240 - Cannot read IP mode file for Cesanta.I-CUBE-Mongoose.7.13.0
2025-06-09 11:12:14,372 [WARN] PackLoader:240 - Cannot read IP mode file for STMicroelectronics.X-CUBE-TOF1.3.3.1
2025-06-09 11:12:14,453 [WARN] PackLoader:240 - Cannot read IP mode file for STMicroelectronics.X-CUBE-AZRTOS-G4.2.0.0
2025-06-09 11:12:14,493 [WARN] PackLoader:240 - Cannot read IP mode file for Infineon.AIROC-Wi-Fi-Bluetooth-STM32.1.5.1
2025-06-09 11:12:14,521 [WARN] PackLoader:240 - Cannot read IP mode file for STMicroelectronics.FP-SNS-MOTENVWB1.1.3.0
2025-06-09 11:12:14,545 [WARN] PackLoader:240 - Cannot read IP mode file for STMicroelectronics.X-CUBE-NFC7.2.0.0
2025-06-09 11:12:14,569 [WARN] PackLoader:240 - Cannot read IP mode file for STMicroelectronics.FP-SNS-MOTENVWB1.1.3.1
2025-06-09 11:12:14,594 [WARN] PackLoader:240 - Cannot read IP mode file for STMicroelectronics.X-CUBE-ISPU.2.0.0
2025-06-09 11:12:14,628 [WARN] PackLoader:240 - Cannot read IP mode file for STMicroelectronics.X-CUBE-IPS.3.1.0
2025-06-09 11:12:14,661 [WARN] PackLoader:240 - Cannot read IP mode file for STMicroelectronics.X-CUBE-ALS.1.0.2
2025-06-09 11:12:14,846 [WARN] PackLoader:240 - Cannot read IP mode file for STMicroelectronics.X-CUBE-MEMS1.10.0.0
2025-06-09 11:12:15,007 [WARN] PackLoader:240 - Cannot read IP mode file for STMicroelectronics.X-CUBE-FREERTOS.1.1.0
2025-06-09 11:12:15,032 [WARN] PackLoader:240 - Cannot read IP mode file for STMicroelectronics.X-CUBE-TOUCHGFX.4.24.2
2025-06-09 11:12:15,064 [WARN] PackLoader:240 - Cannot read IP mode file for wolfSSL.I-CUBE-wolfTPM.3.4.0
2025-06-09 11:12:15,093 [WARN] PackLoader:240 - Cannot read IP mode file for portGmbH.I-Cube-SoM-uGOAL.1.1.0
2025-06-09 11:12:15,116 [WARN] PackLoader:240 - Cannot read IP mode file for STMicroelectronics.X-CUBE-ALS.1.0.1
2025-06-09 11:12:15,161 [WARN] PackLoader:240 - Cannot read IP mode file for STMicroelectronics.X-CUBE-AZRTOS-H7RS.1.0.0
2025-06-09 11:12:15,189 [WARN] PackLoader:240 - Cannot read IP mode file for STMicroelectronics.FP-ATR-ASTRA1.2.0.0
2025-06-09 11:12:15,220 [WARN] PackLoader:240 - Cannot read IP mode file for STMicroelectronics.X-CUBE-TOF1.3.4.2
2025-06-09 11:12:15,277 [WARN] PackLoader:240 - Cannot read IP mode file for STMicroelectronics.X-CUBE-TOF1.3.4.3
2025-06-09 11:12:15,374 [WARN] PackLoader:240 - Cannot read IP mode file for STMicroelectronics.X-CUBE-TOF1.3.4.0
2025-06-09 11:12:15,448 [WARN] PackLoader:240 - Cannot read IP mode file for STMicroelectronics.X-CUBE-AZRTOS-H7.3.2.0
2025-06-09 11:12:15,477 [WARN] PackLoader:240 - Cannot read IP mode file for wolfSSL.I-CUBE-wolfSSH.1.4.17
2025-06-09 11:12:15,478 [INFO] ThirdParty:978 - Integrity check success = true
2025-06-09 11:12:15,478 [INFO] IntegrityCheckThread:100 - exiting critical section [integrity check]
2025-06-09 11:12:15,478 [INFO] IntegrityCheckThread:103 - End integrity checks thread
2025-06-09 11:12:15,591 [INFO] WebApp:463 - Apply proxy settings
2025-06-09 11:12:15,592 [INFO] WebApp:548 - Chromium requires no authentication
2025-06-09 11:12:15,661 [INFO] WebApp:491 - Direct internet connection detected
2025-06-09 11:12:15,703 [INFO] WebApp:894 - Register for checkConnection events
2025-06-09 11:12:15,705 [INFO] WebApp:463 - Apply proxy settings
2025-06-09 11:12:15,705 [INFO] WebApp:548 - Chromium requires no authentication
2025-06-09 11:12:15,706 [INFO] WebApp:491 - Direct internet connection detected
2025-06-09 11:12:16,030 [INFO] WebApp:225 - Starting web application
2025-06-09 11:12:16,030 [INFO] WebApp:593 - Web application path used C:\ST\STM32CubeIDE_1.13.1\STM32CubeIDE\plugins\com.st.stm32cube.common.mx_6.14.1.202504091515\db\plugins\mcufinder\reactClient1\index.html
2025-06-09 11:12:16,080 [INFO] WebApp:191 - Connection restablished
2025-06-09 11:12:16,511 [INFO] UserAuth:484 - Internet connection configuration mode: 1
2025-06-09 11:34:45,053 [INFO] WebApp:194 - Connection lost
2025-06-09 11:34:45,217 [INFO] WebApp:191 - Connection restablished
2025-06-09 11:34:59,044 [INFO] WebApp:194 - Connection lost
2025-06-09 11:34:59,189 [INFO] WebApp:191 - Connection restablished
2025-06-09 12:10:31,315 [INFO] WebApp:194 - Connection lost
2025-06-09 12:10:31,423 [INFO] WebApp:191 - Connection restablished
2025-06-09 12:13:19,048 [INFO] WebApp:194 - Connection lost
2025-06-09 12:13:19,190 [INFO] WebApp:191 - Connection restablished
2025-06-09 12:17:21,056 [INFO] WebApp:194 - Connection lost
2025-06-09 12:17:21,206 [INFO] WebApp:191 - Connection restablished
2025-06-09 12:17:25,035 [INFO] WebApp:194 - Connection lost
2025-06-09 12:17:25,170 [INFO] WebApp:191 - Connection restablished
2025-06-09 12:20:59,044 [INFO] WebApp:194 - Connection lost
2025-06-09 12:20:59,169 [INFO] WebApp:191 - Connection restablished
2025-06-09 12:27:38,036 [INFO] WebApp:194 - Connection lost
2025-06-09 12:27:38,140 [INFO] WebApp:191 - Connection restablished
2025-06-09 12:29:39,014 [INFO] WebApp:194 - Connection lost
2025-06-09 12:29:39,119 [INFO] WebApp:191 - Connection restablished
2025-06-09 12:38:33,025 [INFO] WebApp:194 - Connection lost
2025-06-09 12:38:33,133 [INFO] WebApp:191 - Connection restablished
2025-06-09 12:42:15,025 [INFO] WebApp:194 - Connection lost
2025-06-09 12:42:15,126 [INFO] WebApp:191 - Connection restablished
2025-06-09 12:42:55,028 [INFO] WebApp:194 - Connection lost
2025-06-09 12:42:55,140 [INFO] WebApp:191 - Connection restablished
2025-06-09 12:43:17,029 [INFO] WebApp:194 - Connection lost
2025-06-09 12:43:17,140 [INFO] WebApp:191 - Connection restablished
2025-06-09 12:44:43,017 [INFO] WebApp:194 - Connection lost
2025-06-09 12:44:43,121 [INFO] WebApp:191 - Connection restablished
2025-06-09 12:45:43,022 [INFO] WebApp:194 - Connection lost
2025-06-09 12:45:43,148 [INFO] WebApp:191 - Connection restablished
2025-06-09 12:45:54,020 [INFO] WebApp:194 - Connection lost
2025-06-09 12:45:54,119 [INFO] WebApp:191 - Connection restablished
2025-06-09 12:46:08,015 [INFO] WebApp:194 - Connection lost
2025-06-09 12:46:08,140 [INFO] WebApp:191 - Connection restablished
2025-06-09 12:46:30,025 [INFO] WebApp:194 - Connection lost
2025-06-09 12:46:30,116 [INFO] WebApp:191 - Connection restablished
2025-06-09 12:46:52,011 [INFO] WebApp:194 - Connection lost
2025-06-09 12:46:52,110 [INFO] WebApp:191 - Connection restablished
2025-06-09 12:47:10,021 [INFO] WebApp:194 - Connection lost
2025-06-09 12:47:10,113 [INFO] WebApp:191 - Connection restablished
2025-06-09 12:47:36,015 [INFO] WebApp:194 - Connection lost
2025-06-09 12:47:36,105 [INFO] WebApp:191 - Connection restablished
2025-06-09 12:48:00,015 [INFO] WebApp:194 - Connection lost
2025-06-09 12:48:00,127 [INFO] WebApp:191 - Connection restablished
2025-06-09 12:48:18,011 [INFO] WebApp:194 - Connection lost
2025-06-09 12:48:18,109 [INFO] WebApp:191 - Connection restablished
2025-06-09 12:48:44,023 [INFO] WebApp:194 - Connection lost
2025-06-09 12:48:44,126 [INFO] WebApp:191 - Connection restablished
2025-06-09 12:49:32,015 [INFO] WebApp:194 - Connection lost
2025-06-09 12:49:32,123 [INFO] WebApp:191 - Connection restablished
2025-06-09 12:49:52,026 [INFO] WebApp:194 - Connection lost
2025-06-09 12:49:52,129 [INFO] WebApp:191 - Connection restablished
2025-06-09 12:50:16,020 [INFO] WebApp:194 - Connection lost
2025-06-09 12:50:16,121 [INFO] WebApp:191 - Connection restablished
2025-06-09 12:50:36,019 [INFO] WebApp:194 - Connection lost
2025-06-09 12:50:36,112 [INFO] WebApp:191 - Connection restablished
2025-06-09 12:50:58,021 [INFO] WebApp:194 - Connection lost
2025-06-09 12:50:58,121 [INFO] WebApp:191 - Connection restablished
2025-06-09 12:51:18,013 [INFO] WebApp:194 - Connection lost
2025-06-09 12:51:18,128 [INFO] WebApp:191 - Connection restablished
2025-06-09 12:51:38,010 [INFO] WebApp:194 - Connection lost
2025-06-09 12:51:38,118 [INFO] WebApp:191 - Connection restablished
2025-06-09 12:52:02,024 [INFO] WebApp:194 - Connection lost
2025-06-09 12:52:02,132 [INFO] WebApp:191 - Connection restablished
2025-06-09 12:52:21,020 [INFO] WebApp:194 - Connection lost
2025-06-09 12:52:21,114 [INFO] WebApp:191 - Connection restablished
2025-06-09 12:53:16,012 [INFO] WebApp:194 - Connection lost
2025-06-09 12:53:16,112 [INFO] WebApp:191 - Connection restablished
2025-06-09 12:54:09,019 [INFO] WebApp:194 - Connection lost
2025-06-09 12:54:09,129 [INFO] WebApp:191 - Connection restablished
2025-06-09 12:54:18,020 [INFO] WebApp:194 - Connection lost
2025-06-09 12:54:18,120 [INFO] WebApp:191 - Connection restablished
2025-06-09 12:54:31,000 [INFO] WebApp:194 - Connection lost
2025-06-09 12:54:31,103 [INFO] WebApp:191 - Connection restablished
2025-06-09 12:56:04,012 [INFO] WebApp:194 - Connection lost
2025-06-09 12:56:04,119 [INFO] WebApp:191 - Connection restablished
2025-06-09 12:56:30,027 [INFO] WebApp:194 - Connection lost
2025-06-09 12:56:30,124 [INFO] WebApp:191 - Connection restablished
2025-06-09 12:58:15,013 [INFO] WebApp:194 - Connection lost
2025-06-09 12:58:15,115 [INFO] WebApp:191 - Connection restablished
2025-06-09 12:58:38,010 [INFO] WebApp:194 - Connection lost
2025-06-09 12:58:38,127 [INFO] WebApp:191 - Connection restablished
2025-06-09 12:59:01,025 [INFO] WebApp:194 - Connection lost
2025-06-09 12:59:01,122 [INFO] WebApp:191 - Connection restablished
2025-06-09 12:59:10,013 [INFO] WebApp:194 - Connection lost
2025-06-09 12:59:10,124 [INFO] WebApp:191 - Connection restablished
2025-06-09 12:59:15,020 [INFO] WebApp:194 - Connection lost
2025-06-09 12:59:15,123 [INFO] WebApp:191 - Connection restablished
2025-06-09 12:59:26,022 [INFO] WebApp:194 - Connection lost
2025-06-09 12:59:26,130 [INFO] WebApp:191 - Connection restablished
2025-06-09 12:59:53,032 [INFO] WebApp:194 - Connection lost
2025-06-09 12:59:53,125 [INFO] WebApp:191 - Connection restablished
2025-06-09 13:00:13,005 [INFO] WebApp:194 - Connection lost
2025-06-09 13:00:13,122 [INFO] WebApp:191 - Connection restablished
2025-06-09 13:42:33,487 [INFO] WebApp:194 - Connection lost
2025-06-09 13:42:33,992 [INFO] WebApp:191 - Connection restablished
2025-06-09 13:51:45,028 [INFO] WebApp:194 - Connection lost
2025-06-09 13:51:45,193 [INFO] WebApp:191 - Connection restablished
2025-06-09 13:55:40,023 [INFO] WebApp:194 - Connection lost
2025-06-09 13:55:40,155 [INFO] WebApp:191 - Connection restablished
2025-06-09 13:57:09,016 [INFO] WebApp:194 - Connection lost
2025-06-09 13:57:09,137 [INFO] WebApp:191 - Connection restablished
2025-06-09 13:57:32,024 [INFO] WebApp:194 - Connection lost
2025-06-09 13:57:32,123 [INFO] WebApp:191 - Connection restablished
2025-06-09 13:57:43,023 [INFO] WebApp:194 - Connection lost
2025-06-09 13:57:43,118 [INFO] WebApp:191 - Connection restablished
2025-06-09 13:58:00,022 [INFO] WebApp:194 - Connection lost
2025-06-09 13:58:00,140 [INFO] WebApp:191 - Connection restablished
2025-06-09 13:58:14,019 [INFO] WebApp:194 - Connection lost
2025-06-09 13:58:14,214 [INFO] WebApp:191 - Connection restablished
2025-06-09 13:58:24,034 [INFO] WebApp:194 - Connection lost
2025-06-09 13:58:24,128 [INFO] WebApp:191 - Connection restablished
2025-06-09 13:58:38,015 [INFO] WebApp:194 - Connection lost
2025-06-09 13:58:38,121 [INFO] WebApp:191 - Connection restablished
2025-06-09 13:58:43,513 [INFO] WebApp:194 - Connection lost
2025-06-09 13:58:43,603 [INFO] WebApp:191 - Connection restablished
2025-06-09 13:58:47,028 [INFO] WebApp:194 - Connection lost
2025-06-09 13:58:47,115 [INFO] WebApp:191 - Connection restablished
2025-06-09 13:59:01,015 [INFO] WebApp:194 - Connection lost
2025-06-09 13:59:01,127 [INFO] WebApp:191 - Connection restablished
2025-06-09 13:59:22,025 [INFO] WebApp:194 - Connection lost
2025-06-09 13:59:22,126 [INFO] WebApp:191 - Connection restablished
2025-06-09 13:59:26,025 [INFO] WebApp:194 - Connection lost
2025-06-09 13:59:26,123 [INFO] WebApp:191 - Connection restablished
2025-06-09 13:59:36,005 [INFO] WebApp:194 - Connection lost
2025-06-09 13:59:36,099 [INFO] WebApp:191 - Connection restablished
2025-06-09 13:59:43,030 [INFO] WebApp:194 - Connection lost
2025-06-09 13:59:43,142 [INFO] WebApp:191 - Connection restablished
2025-06-09 13:59:51,020 [INFO] WebApp:194 - Connection lost
2025-06-09 13:59:51,110 [INFO] WebApp:191 - Connection restablished
2025-06-09 14:00:11,015 [INFO] WebApp:194 - Connection lost
2025-06-09 14:00:11,139 [INFO] WebApp:191 - Connection restablished
2025-06-09 14:00:45,024 [INFO] WebApp:194 - Connection lost
2025-06-09 14:00:45,134 [INFO] WebApp:191 - Connection restablished
2025-06-09 14:01:05,058 [INFO] WebApp:194 - Connection lost
2025-06-09 14:01:05,185 [INFO] WebApp:191 - Connection restablished
2025-06-09 14:34:59,032 [INFO] WebApp:194 - Connection lost
2025-06-09 14:34:59,304 [INFO] WebApp:191 - Connection restablished
2025-06-09 14:35:04,007 [INFO] WebApp:194 - Connection lost
2025-06-09 14:35:04,132 [INFO] WebApp:191 - Connection restablished
2025-06-09 14:35:34,025 [INFO] WebApp:194 - Connection lost
2025-06-09 14:35:34,120 [INFO] WebApp:191 - Connection restablished
2025-06-09 14:38:22,028 [INFO] WebApp:194 - Connection lost
2025-06-09 14:38:22,133 [INFO] WebApp:191 - Connection restablished
2025-06-09 14:39:59,004 [INFO] WebApp:194 - Connection lost
2025-06-09 14:39:59,122 [INFO] WebApp:191 - Connection restablished
2025-06-09 14:40:32,020 [INFO] WebApp:194 - Connection lost
2025-06-09 14:40:32,130 [INFO] WebApp:191 - Connection restablished
2025-06-09 14:40:53,509 [INFO] WebApp:194 - Connection lost
2025-06-09 14:40:53,601 [INFO] WebApp:191 - Connection restablished
2025-06-09 14:42:01,030 [INFO] WebApp:194 - Connection lost
2025-06-09 14:42:01,136 [INFO] WebApp:191 - Connection restablished
2025-06-09 14:43:01,018 [INFO] WebApp:194 - Connection lost
2025-06-09 14:43:01,136 [INFO] WebApp:191 - Connection restablished
2025-06-09 14:43:21,024 [INFO] WebApp:194 - Connection lost
2025-06-09 14:43:21,128 [INFO] WebApp:191 - Connection restablished
2025-06-09 14:43:41,003 [INFO] WebApp:194 - Connection lost
2025-06-09 14:43:41,111 [INFO] WebApp:191 - Connection restablished
2025-06-09 14:45:22,022 [INFO] WebApp:194 - Connection lost
2025-06-09 14:45:22,128 [INFO] WebApp:191 - Connection restablished
2025-06-09 14:45:47,022 [INFO] WebApp:194 - Connection lost
2025-06-09 14:45:47,141 [INFO] WebApp:191 - Connection restablished
2025-06-09 14:46:55,024 [INFO] WebApp:194 - Connection lost
2025-06-09 14:46:55,137 [INFO] WebApp:191 - Connection restablished
2025-06-09 14:47:50,020 [INFO] WebApp:194 - Connection lost
2025-06-09 14:47:50,127 [INFO] WebApp:191 - Connection restablished
2025-06-09 14:48:16,020 [INFO] WebApp:194 - Connection lost
2025-06-09 14:48:16,169 [INFO] WebApp:191 - Connection restablished
2025-06-09 14:49:04,024 [INFO] WebApp:194 - Connection lost
2025-06-09 14:49:04,134 [INFO] WebApp:191 - Connection restablished
2025-06-09 14:49:29,013 [INFO] WebApp:194 - Connection lost
2025-06-09 14:49:29,121 [INFO] WebApp:191 - Connection restablished
2025-06-09 14:49:53,014 [INFO] WebApp:194 - Connection lost
2025-06-09 14:49:53,130 [INFO] WebApp:191 - Connection restablished
2025-06-09 14:50:44,028 [INFO] WebApp:194 - Connection lost
2025-06-09 14:50:44,134 [INFO] WebApp:191 - Connection restablished
2025-06-09 14:51:11,018 [INFO] WebApp:194 - Connection lost
2025-06-09 14:51:11,123 [INFO] WebApp:191 - Connection restablished
2025-06-09 14:51:29,020 [INFO] WebApp:194 - Connection lost
2025-06-09 14:51:29,143 [INFO] WebApp:191 - Connection restablished
2025-06-09 14:51:53,017 [INFO] WebApp:194 - Connection lost
2025-06-09 14:51:53,118 [INFO] WebApp:191 - Connection restablished
2025-06-09 14:53:04,019 [INFO] WebApp:194 - Connection lost
2025-06-09 14:53:04,128 [INFO] WebApp:191 - Connection restablished
2025-06-09 14:54:19,018 [INFO] WebApp:194 - Connection lost
2025-06-09 14:54:19,134 [INFO] WebApp:191 - Connection restablished
2025-06-09 14:56:22,018 [INFO] WebApp:194 - Connection lost
2025-06-09 14:56:22,134 [INFO] WebApp:191 - Connection restablished
2025-06-09 14:58:10,018 [INFO] WebApp:194 - Connection lost
2025-06-09 14:58:10,153 [INFO] WebApp:191 - Connection restablished
2025-06-09 14:58:39,025 [INFO] WebApp:194 - Connection lost
2025-06-09 14:58:39,119 [INFO] WebApp:191 - Connection restablished
2025-06-09 14:59:05,020 [INFO] WebApp:194 - Connection lost
2025-06-09 14:59:05,117 [INFO] WebApp:191 - Connection restablished
2025-06-09 15:01:26,066 [INFO] WebApp:194 - Connection lost
2025-06-09 15:01:26,186 [INFO] WebApp:191 - Connection restablished
2025-06-09 15:01:32,021 [INFO] WebApp:194 - Connection lost
2025-06-09 15:01:32,122 [INFO] WebApp:191 - Connection restablished
2025-06-09 15:01:37,013 [INFO] WebApp:194 - Connection lost
2025-06-09 15:01:37,116 [INFO] WebApp:191 - Connection restablished
2025-06-09 15:01:48,013 [INFO] WebApp:194 - Connection lost
2025-06-09 15:01:48,113 [INFO] WebApp:191 - Connection restablished
2025-06-09 15:02:05,015 [INFO] WebApp:194 - Connection lost
2025-06-09 15:02:05,137 [INFO] WebApp:191 - Connection restablished
2025-06-09 15:02:21,037 [INFO] WebApp:194 - Connection lost
2025-06-09 15:02:21,541 [INFO] WebApp:191 - Connection restablished
2025-06-09 15:02:43,022 [INFO] WebApp:194 - Connection lost
2025-06-09 15:02:43,125 [INFO] WebApp:191 - Connection restablished
2025-06-09 15:04:27,022 [INFO] WebApp:194 - Connection lost
2025-06-09 15:04:27,138 [INFO] WebApp:191 - Connection restablished
2025-06-09 15:04:35,016 [INFO] WebApp:194 - Connection lost
2025-06-09 15:04:35,112 [INFO] WebApp:191 - Connection restablished
2025-06-09 15:04:45,018 [INFO] WebApp:194 - Connection lost
2025-06-09 15:04:45,115 [INFO] WebApp:191 - Connection restablished
2025-06-09 15:04:59,017 [INFO] WebApp:194 - Connection lost
2025-06-09 15:04:59,107 [INFO] WebApp:191 - Connection restablished
2025-06-09 15:05:37,004 [INFO] WebApp:194 - Connection lost
2025-06-09 15:05:37,312 [INFO] WebApp:191 - Connection restablished
2025-06-09 15:05:42,031 [INFO] WebApp:194 - Connection lost
2025-06-09 15:05:42,132 [INFO] WebApp:191 - Connection restablished
2025-06-09 15:05:53,023 [INFO] WebApp:194 - Connection lost
2025-06-09 15:05:53,110 [INFO] WebApp:191 - Connection restablished
2025-06-09 15:06:14,011 [INFO] WebApp:194 - Connection lost
2025-06-09 15:06:14,103 [INFO] WebApp:191 - Connection restablished
2025-06-09 15:06:53,047 [INFO] WebApp:194 - Connection lost
2025-06-09 15:06:53,177 [INFO] WebApp:191 - Connection restablished
2025-06-09 15:07:05,036 [INFO] WebApp:194 - Connection lost
2025-06-09 15:07:05,167 [INFO] WebApp:191 - Connection restablished
2025-06-09 15:08:46,036 [INFO] WebApp:194 - Connection lost
2025-06-09 15:08:46,180 [INFO] WebApp:191 - Connection restablished
2025-06-09 15:08:59,032 [INFO] WebApp:194 - Connection lost
2025-06-09 15:08:59,146 [INFO] WebApp:191 - Connection restablished
2025-06-09 15:09:10,059 [INFO] WebApp:194 - Connection lost
2025-06-09 15:09:10,208 [INFO] WebApp:191 - Connection restablished
2025-06-09 15:09:17,047 [INFO] WebApp:194 - Connection lost
2025-06-09 15:09:17,166 [INFO] WebApp:191 - Connection restablished
2025-06-09 15:09:33,053 [INFO] WebApp:194 - Connection lost
2025-06-09 15:09:33,234 [INFO] WebApp:191 - Connection restablished
2025-06-09 15:09:53,061 [INFO] WebApp:194 - Connection lost
2025-06-09 15:09:53,185 [INFO] WebApp:191 - Connection restablished
2025-06-09 15:10:16,046 [INFO] WebApp:194 - Connection lost
2025-06-09 15:10:16,162 [INFO] WebApp:191 - Connection restablished
2025-06-09 15:10:40,065 [INFO] WebApp:194 - Connection lost
2025-06-09 15:10:40,180 [INFO] WebApp:191 - Connection restablished
2025-06-09 15:12:13,043 [INFO] WebApp:194 - Connection lost
2025-06-09 15:12:13,187 [INFO] WebApp:191 - Connection restablished
2025-06-09 15:12:32,057 [INFO] WebApp:194 - Connection lost
2025-06-09 15:12:32,164 [INFO] WebApp:191 - Connection restablished
2025-06-09 15:12:39,057 [INFO] WebApp:194 - Connection lost
2025-06-09 15:12:39,192 [INFO] WebApp:191 - Connection restablished
2025-06-09 15:12:46,039 [INFO] WebApp:194 - Connection lost
2025-06-09 15:12:46,176 [INFO] WebApp:191 - Connection restablished
2025-06-09 15:12:51,056 [INFO] WebApp:194 - Connection lost
2025-06-09 15:12:51,180 [INFO] WebApp:191 - Connection restablished
2025-06-09 15:12:56,055 [INFO] WebApp:194 - Connection lost
2025-06-09 15:12:56,193 [INFO] WebApp:191 - Connection restablished
2025-06-09 15:13:15,068 [INFO] WebApp:194 - Connection lost
2025-06-09 15:13:15,201 [INFO] WebApp:191 - Connection restablished
2025-06-09 15:14:52,050 [INFO] WebApp:194 - Connection lost
2025-06-09 15:14:52,202 [INFO] WebApp:191 - Connection restablished
2025-06-09 15:15:04,065 [INFO] WebApp:194 - Connection lost
2025-06-09 15:15:04,204 [INFO] WebApp:191 - Connection restablished
2025-06-09 15:15:11,053 [INFO] WebApp:194 - Connection lost
2025-06-09 15:15:11,204 [INFO] WebApp:191 - Connection restablished
2025-06-09 15:15:23,047 [INFO] WebApp:194 - Connection lost
2025-06-09 15:15:23,183 [INFO] WebApp:191 - Connection restablished
2025-06-09 15:15:30,045 [INFO] WebApp:194 - Connection lost
2025-06-09 15:15:30,180 [INFO] WebApp:191 - Connection restablished
2025-06-09 15:17:27,063 [INFO] WebApp:194 - Connection lost
2025-06-09 15:17:27,211 [INFO] WebApp:191 - Connection restablished
2025-06-09 15:21:10,069 [INFO] WebApp:194 - Connection lost
2025-06-09 15:21:10,223 [INFO] WebApp:191 - Connection restablished
2025-06-09 15:24:43,050 [INFO] WebApp:194 - Connection lost
2025-06-09 15:24:43,196 [INFO] WebApp:191 - Connection restablished
2025-06-09 15:26:11,040 [INFO] WebApp:194 - Connection lost
2025-06-09 15:26:11,185 [INFO] WebApp:191 - Connection restablished
2025-06-09 16:30:55,145 [INFO] WebApp:194 - Connection lost
