2025-05-27 12:48:09,874 [INFO] Activator:176 - 


2025-05-27 12:48:09,885 [INFO] Activator:177 - !SESSION log4j initialized
2025-05-27 12:48:19,919 [INFO] LogOutputStream:77 - [STDOUT_REDIRECT] 
2025-05-27 12:48:24,848 [INFO] ApplicationProperties:184 - Using Application install path: C:\ST\STM32CubeIDE_1.13.1\STM32CubeIDE\plugins\com.st.stm32cube.common.mx_6.14.1.202504091515
2025-05-27 12:48:24,900 [INFO] DbMcusXml:78 - Set database path to: C:\ST\STM32CubeIDE_1.13.1\STM32CubeIDE\plugins\com.st.stm32cube.common.mx_6.14.1.202504091515\\db\/mcu/
2025-05-27 12:48:24,902 [INFO] ApiDb:274 - Set plugin database path to: C:\ST\STM32CubeIDE_1.13.1\STM32CubeIDE\plugins\com.st.stm32cube.common.mx_6.14.1.202504091515\\db\/plugins/boardmanager/
2025-05-27 12:48:24,906 [WARN] ApiDb:259 - Overriding images path with different value:  => C:\ST\STM32CubeIDE_1.13.1\STM32CubeIDE\plugins\com.st.stm32cube.common.mx_6.14.1.202504091515\\db\/plugins/mcufinder/images/
2025-05-27 12:48:24,936 [INFO] ApiDb:250 - Set database path to: C:\Users\amozd\.stmcufinder\plugins\mcufinder//mcu/
2025-05-27 12:48:24,938 [INFO] DbMcusAds:125 - Set database path to: C:\Users\amozd\.stmcufinder\plugins\mcufinder//mcu/
2025-05-27 12:48:24,941 [INFO] CrossReferenceDbSqlite:203 - Set database path to: C:\Users\amozd\.stmcufinder\plugins\mcufinder//mcu/cs/
2025-05-27 12:48:25,112 [INFO] RulesReader:64 - Compatibility file has been processed (302 Rules)
2025-05-27 12:48:25,353 [INFO] DbMcusXml:78 - Set database path to: C:\ST\STM32CubeIDE_1.13.1\STM32CubeIDE\plugins\com.st.stm32cube.common.mx_6.14.1.202504091515\\db\/mcu/
2025-05-27 12:48:25,353 [INFO] ApiDb:274 - Set plugin database path to: C:\ST\STM32CubeIDE_1.13.1\STM32CubeIDE\plugins\com.st.stm32cube.common.mx_6.14.1.202504091515\\db\/plugins/boardmanager/
2025-05-27 12:48:25,354 [INFO] ApiDb:261 - Set plugin images path to: C:\ST\STM32CubeIDE_1.13.1\STM32CubeIDE\plugins\com.st.stm32cube.common.mx_6.14.1.202504091515\\db\/plugins/mcufinder/images/
2025-05-27 12:48:25,354 [WARN] DbFile:41 - Overriding database path with different value: C:\Users\amozd\.stmcufinder\plugins\mcufinder/ => C:\Users\amozd\.stmcufinder\plugins\mcufinder
2025-05-27 12:48:25,355 [INFO] ApiDb:250 - Set database path to: C:\Users\amozd\.stmcufinder\plugins\mcufinder//mcu/
2025-05-27 12:48:25,355 [WARN] DbFile:41 - Overriding database path with different value: C:\Users\amozd\.stmcufinder\plugins\mcufinder/ => C:\Users\amozd\.stmcufinder\plugins\mcufinder
2025-05-27 12:48:25,356 [INFO] DbMcusAds:125 - Set database path to: C:\Users\amozd\.stmcufinder\plugins\mcufinder//mcu/
2025-05-27 12:48:25,356 [WARN] DbFile:41 - Overriding database path with different value: C:\Users\amozd\.stmcufinder\plugins\mcufinder/ => C:\Users\amozd\.stmcufinder\plugins\mcufinder
2025-05-27 12:48:25,356 [WARN] DbFile:41 - Overriding database path with different value: C:\Users\amozd\.stmcufinder\plugins\mcufinder/ => C:\Users\amozd\.stmcufinder\plugins\mcufinder
2025-05-27 12:48:25,356 [INFO] CrossReferenceDbSqlite:203 - Set database path to: C:\Users\amozd\.stmcufinder\plugins\mcufinder//mcu/cs/
2025-05-27 12:48:25,526 [INFO] MainPanel:272 - HeapMemory: 268435456
2025-05-27 12:48:25,861 [INFO] DbMcusXml:78 - Set database path to: C:\ST\STM32CubeIDE_1.13.1\STM32CubeIDE\plugins\com.st.stm32cube.common.mx_6.14.1.202504091515\\db\/mcu/
2025-05-27 12:48:25,861 [INFO] ApiDb:274 - Set plugin database path to: C:\ST\STM32CubeIDE_1.13.1\STM32CubeIDE\plugins\com.st.stm32cube.common.mx_6.14.1.202504091515\\db\/plugins/boardmanager/
2025-05-27 12:48:25,861 [INFO] ApiDb:261 - Set plugin images path to: C:\ST\STM32CubeIDE_1.13.1\STM32CubeIDE\plugins\com.st.stm32cube.common.mx_6.14.1.202504091515\\db\/plugins/mcufinder/images/
2025-05-27 12:48:25,862 [WARN] DbFile:41 - Overriding database path with different value: C:\Users\amozd\.stmcufinder\plugins\mcufinder/ => C:\Users\amozd\.stmcufinder\plugins\mcufinder
2025-05-27 12:48:25,862 [INFO] ApiDb:250 - Set database path to: C:\Users\amozd\.stmcufinder\plugins\mcufinder//mcu/
2025-05-27 12:48:25,862 [WARN] DbFile:41 - Overriding database path with different value: C:\Users\amozd\.stmcufinder\plugins\mcufinder/ => C:\Users\amozd\.stmcufinder\plugins\mcufinder
2025-05-27 12:48:25,862 [INFO] DbMcusAds:125 - Set database path to: C:\Users\amozd\.stmcufinder\plugins\mcufinder//mcu/
2025-05-27 12:48:25,862 [WARN] DbFile:41 - Overriding database path with different value: C:\Users\amozd\.stmcufinder\plugins\mcufinder/ => C:\Users\amozd\.stmcufinder\plugins\mcufinder
2025-05-27 12:48:25,862 [WARN] DbFile:41 - Overriding database path with different value: C:\Users\amozd\.stmcufinder\plugins\mcufinder/ => C:\Users\amozd\.stmcufinder\plugins\mcufinder
2025-05-27 12:48:25,863 [INFO] CrossReferenceDbSqlite:203 - Set database path to: C:\Users\amozd\.stmcufinder\plugins\mcufinder//mcu/cs/
2025-05-27 12:48:25,890 [INFO] ApplicationProperties:184 - Using Application install path: C:\ST\STM32CubeIDE_1.13.1\STM32CubeIDE\plugins\com.st.stm32cube.common.mx_6.14.1.202504091515
2025-05-27 12:48:25,892 [INFO] PluginManage:196 - Search for loadable plugins [exclusion list=, ]
2025-05-27 12:48:25,894 [INFO] PluginManage:310 - Check plugin analytics
2025-05-27 12:48:26,200 [INFO] AnalyticsPlugin:253 - Accepted Software Licenses: 
2025-05-27 12:48:26,201 [INFO] AnalyticsPlugin:255 - Accepted CMSIS Pack Licenses: 
2025-05-27 12:48:26,203 [INFO] AnalyticsPlugin:257 - Accepted Firmware Licenses: FW.F4.1.27.0
2025-05-27 12:48:26,209 [INFO] PluginManage:359 - Loaded plugin analytics (category:tool,tabindex:-1)
2025-05-27 12:48:26,210 [INFO] PluginManage:310 - Check plugin cadmodel
2025-05-27 12:48:26,255 [INFO] CADModel:105 - Init CAD model plugin
2025-05-27 12:48:26,256 [INFO] PluginManage:359 - Loaded plugin cadmodel (category:power,tabindex:5)
2025-05-27 12:48:26,256 [INFO] PluginManage:310 - Check plugin clock
2025-05-27 12:48:26,300 [INFO] PluginManage:359 - Loaded plugin clock (category:base,tabindex:2)
2025-05-27 12:48:26,301 [INFO] PluginManage:310 - Check plugin ddr
2025-05-27 12:48:26,306 [INFO] PluginManage:359 - Loaded plugin ddr (category:tool,tabindex:6)
2025-05-27 12:48:26,307 [INFO] PluginManage:310 - Check plugin filemanager
2025-05-27 12:48:26,550 [INFO] PluginManage:359 - Loaded plugin filemanager (category:base,tabindex:10)
2025-05-27 12:48:26,551 [INFO] PluginManage:310 - Check plugin ipmanager
2025-05-27 12:48:26,563 [INFO] PluginManage:359 - Loaded plugin ipmanager (category:base,tabindex:5)
2025-05-27 12:48:26,563 [INFO] PluginManage:310 - Check plugin lpbam
2025-05-27 12:48:26,608 [INFO] PluginManage:359 - Loaded plugin lpbam (category:base,tabindex:0)
2025-05-27 12:48:26,609 [INFO] PluginManage:310 - Check plugin memorymap
2025-05-27 12:48:26,657 [INFO] PluginManage:359 - Loaded plugin memorymap (category:base,tabindex:4)
2025-05-27 12:48:26,657 [INFO] PluginManage:310 - Check plugin pinoutandconfiguration
2025-05-27 12:48:26,690 [INFO] PluginManage:359 - Loaded plugin pinoutandconfiguration (category:base,tabindex:1)
2025-05-27 12:48:26,691 [INFO] PluginManage:310 - Check plugin pinoutconfig
2025-05-27 12:48:26,838 [WARN] SupportedApi:132 - Cannot load RTOS API schema: s4s-elt-must-match.1: The content of 'definitions' must match (annotation?, (simpleType | complexType)?, (unique | key | keyref)*)). A problem was found starting at: attribute.
2025-05-27 12:48:27,081 [INFO] PluginManage:359 - Loaded plugin pinoutconfig (category:base,tabindex:0)
2025-05-27 12:48:27,082 [INFO] PluginManage:310 - Check plugin power
2025-05-27 12:48:27,116 [INFO] PluginManage:359 - Loaded plugin power (category:power,tabindex:4)
2025-05-27 12:48:27,116 [INFO] PluginManage:310 - Check plugin projectmanager
2025-05-27 12:48:27,143 [INFO] PluginManage:359 - Loaded plugin projectmanager (category:projectmanager,tabindex:4)
2025-05-27 12:48:27,143 [INFO] PluginManage:310 - Check plugin rif
2025-05-27 12:48:27,176 [INFO] PluginManage:359 - Loaded plugin rif (category:base,tabindex:3)
2025-05-27 12:48:27,176 [INFO] PluginManage:310 - Check plugin thirdparty
2025-05-27 12:48:27,693 [WARN] IntegrityCheckThread:84 - waiting for thirdparty lock release [integrity check]
2025-05-27 12:48:27,693 [INFO] IntegrityCheckThread:86 - entering critical section [integrity check]
2025-05-27 12:48:27,693 [INFO] PluginManage:359 - Loaded plugin thirdparty (category:base,tabindex:-1)
2025-05-27 12:48:27,694 [INFO] PluginManage:310 - Check plugin tools
2025-05-27 12:48:27,695 [INFO] ThirdPartyUpdaterWithRetryManager:70 - Updater plugin not ready yet. [1/15]
2025-05-27 12:48:27,758 [INFO] PluginManage:359 - Loaded plugin tools (category:base,tabindex:7)
2025-05-27 12:48:27,759 [INFO] PluginManage:310 - Check plugin tutovideos
2025-05-27 12:48:28,199 [INFO] PluginManage:359 - Loaded plugin tutovideos (category:base,tabindex:-1)
2025-05-27 12:48:28,199 [INFO] PluginManage:310 - Check plugin updater
2025-05-27 12:48:28,234 [INFO] PluginManage:359 - Loaded plugin updater (category:base,tabindex:12)
2025-05-27 12:48:28,235 [INFO] PluginManage:310 - Check plugin userauth
2025-05-27 12:48:28,243 [INFO] UserAuth:118 - Init User Auth plugin
2025-05-27 12:48:28,244 [INFO] PluginManage:359 - Loaded plugin userauth (category:base,tabindex:14)
2025-05-27 12:48:28,245 [INFO] PluginManage:283 - PluginManage : Loaded plugins [18]
2025-05-27 12:48:28,597 [INFO] PinOutPanel:1589 - setPackage(No Configuration,No Configuration)
2025-05-27 12:48:28,727 [INFO] CADModel:165 - CPN selected for project level
2025-05-27 12:48:28,728 [INFO] CADModel:114 - Register for checkConnection events
2025-05-27 12:48:28,791 [INFO] IPUIPlugin:80 - create IPUIPlugin
2025-05-27 12:48:28,792 [INFO] PluginManager:220 - loadIPPluginJar : add adc
2025-05-27 12:48:28,855 [INFO] IPUIPlugin:80 - create IPUIPlugin
2025-05-27 12:48:28,856 [INFO] PluginManager:220 - loadIPPluginJar : add aes
2025-05-27 12:48:28,946 [INFO] IPUIPlugin:80 - create IPUIPlugin
2025-05-27 12:48:28,947 [INFO] PluginManager:220 - loadIPPluginJar : add can
2025-05-27 12:48:28,989 [INFO] IPUIPlugin:80 - create IPUIPlugin
2025-05-27 12:48:28,989 [INFO] PluginManager:220 - loadIPPluginJar : add comp
2025-05-27 12:48:29,043 [INFO] IPUIPlugin:80 - create IPUIPlugin
2025-05-27 12:48:29,043 [INFO] PluginManager:220 - loadIPPluginJar : add cryp
2025-05-27 12:48:29,062 [INFO] IPUIPlugin:80 - create IPUIPlugin
2025-05-27 12:48:29,063 [INFO] PluginManager:220 - loadIPPluginJar : add ddr_ctrl_phy
2025-05-27 12:48:29,117 [INFO] IPUIPlugin:80 - create IPUIPlugin
2025-05-27 12:48:29,117 [INFO] PluginManager:220 - loadIPPluginJar : add dfsdm
2025-05-27 12:48:29,138 [INFO] IPUIPlugin:80 - create IPUIPlugin
2025-05-27 12:48:29,138 [INFO] PluginManager:220 - loadIPPluginJar : add dma
2025-05-27 12:48:29,204 [INFO] IPUIPlugin:80 - create IPUIPlugin
2025-05-27 12:48:29,204 [INFO] PluginManager:220 - loadIPPluginJar : add dma3
2025-05-27 12:48:29,272 [INFO] IPUIPlugin:80 - create IPUIPlugin
2025-05-27 12:48:29,272 [INFO] PluginManager:220 - loadIPPluginJar : add extmemmanager
2025-05-27 12:48:29,310 [INFO] IPUIPlugin:80 - create IPUIPlugin
2025-05-27 12:48:29,310 [INFO] PluginManager:220 - loadIPPluginJar : add fatfs
2025-05-27 12:48:29,382 [INFO] IPUIPlugin:80 - create IPUIPlugin
2025-05-27 12:48:29,382 [INFO] PluginManager:220 - loadIPPluginJar : add fmc
2025-05-27 12:48:29,405 [INFO] IPUIPlugin:80 - create IPUIPlugin
2025-05-27 12:48:29,405 [INFO] PluginManager:220 - loadIPPluginJar : add freertos
2025-05-27 12:48:29,439 [INFO] IPUIPlugin:80 - create IPUIPlugin
2025-05-27 12:48:29,440 [INFO] PluginManager:220 - loadIPPluginJar : add genericplugin
2025-05-27 12:48:29,611 [INFO] IPUIPlugin:80 - create IPUIPlugin
2025-05-27 12:48:29,611 [INFO] PluginManager:220 - loadIPPluginJar : add gfxmmu
2025-05-27 12:48:29,869 [INFO] IPUIPlugin:80 - create IPUIPlugin
2025-05-27 12:48:29,869 [INFO] PluginManager:220 - loadIPPluginJar : add gic
2025-05-27 12:48:29,929 [INFO] IPUIPlugin:80 - create IPUIPlugin
2025-05-27 12:48:29,930 [INFO] PluginManager:220 - loadIPPluginJar : add gpio
2025-05-27 12:48:30,078 [INFO] IPUIPlugin:80 - create IPUIPlugin
2025-05-27 12:48:30,078 [INFO] PluginManager:220 - loadIPPluginJar : add gtzc
2025-05-27 12:48:30,134 [INFO] IPUIPlugin:80 - create IPUIPlugin
2025-05-27 12:48:30,134 [INFO] PluginManager:220 - loadIPPluginJar : add hash
2025-05-27 12:48:30,224 [INFO] IPUIPlugin:80 - create IPUIPlugin
2025-05-27 12:48:30,225 [INFO] PluginManager:220 - loadIPPluginJar : add i2c
2025-05-27 12:48:30,286 [INFO] IPUIPlugin:80 - create IPUIPlugin
2025-05-27 12:48:30,287 [INFO] PluginManager:220 - loadIPPluginJar : add i2s
2025-05-27 12:48:30,393 [INFO] IPUIPlugin:80 - create IPUIPlugin
2025-05-27 12:48:30,393 [INFO] PluginManager:220 - loadIPPluginJar : add i3c
2025-05-27 12:48:30,590 [INFO] IPUIPlugin:80 - create IPUIPlugin
2025-05-27 12:48:30,591 [INFO] PluginManager:220 - loadIPPluginJar : add ipddr
2025-05-27 12:48:30,696 [INFO] ThirdPartyUpdaterWithRetryManager:70 - Updater plugin not ready yet. [2/15]
2025-05-27 12:48:30,797 [INFO] IPUIPlugin:80 - create IPUIPlugin
2025-05-27 12:48:30,797 [INFO] PluginManager:220 - loadIPPluginJar : add linkedlist
2025-05-27 12:48:30,860 [INFO] IPUIPlugin:80 - create IPUIPlugin
2025-05-27 12:48:30,861 [INFO] PluginManager:220 - loadIPPluginJar : add lorawan
2025-05-27 12:48:30,930 [INFO] IPUIPlugin:80 - create IPUIPlugin
2025-05-27 12:48:30,930 [INFO] PluginManager:220 - loadIPPluginJar : add ltdc
2025-05-27 12:48:30,954 [INFO] IPUIPlugin:80 - create IPUIPlugin
2025-05-27 12:48:30,954 [INFO] PluginManager:220 - loadIPPluginJar : add mdma
2025-05-27 12:48:30,983 [INFO] IPUIPlugin:80 - create IPUIPlugin
2025-05-27 12:48:30,983 [INFO] PluginManager:220 - loadIPPluginJar : add nvic
2025-05-27 12:48:31,048 [INFO] IPUIPlugin:80 - create IPUIPlugin
2025-05-27 12:48:31,049 [INFO] PluginManager:220 - loadIPPluginJar : add opamp
2025-05-27 12:48:31,167 [INFO] IPUIPlugin:80 - create IPUIPlugin
2025-05-27 12:48:31,168 [INFO] PluginManager:220 - loadIPPluginJar : add openamp
2025-05-27 12:48:31,281 [INFO] IPUIPlugin:80 - create IPUIPlugin
2025-05-27 12:48:31,281 [INFO] PluginManager:220 - loadIPPluginJar : add pdm2pcm
2025-05-27 12:48:31,302 [INFO] IPUIPlugin:80 - create IPUIPlugin
2025-05-27 12:48:31,306 [INFO] PluginManager:220 - loadIPPluginJar : add plateformsettings
2025-05-27 12:48:31,344 [INFO] IPUIPlugin:80 - create IPUIPlugin
2025-05-27 12:48:31,344 [INFO] PluginManager:220 - loadIPPluginJar : add quadspi
2025-05-27 12:48:31,385 [INFO] IPUIPlugin:80 - create IPUIPlugin
2025-05-27 12:48:31,389 [INFO] PluginManager:220 - loadIPPluginJar : add radio
2025-05-27 12:48:31,407 [INFO] IPUIPlugin:80 - create IPUIPlugin
2025-05-27 12:48:31,408 [INFO] PluginManager:220 - loadIPPluginJar : add resmgrutility
2025-05-27 12:48:31,480 [INFO] IPUIPlugin:80 - create IPUIPlugin
2025-05-27 12:48:31,480 [INFO] PluginManager:220 - loadIPPluginJar : add sai
2025-05-27 12:48:31,564 [INFO] IPUIPlugin:80 - create IPUIPlugin
2025-05-27 12:48:31,564 [INFO] PluginManager:220 - loadIPPluginJar : add spi
2025-05-27 12:48:31,688 [INFO] IPUIPlugin:80 - create IPUIPlugin
2025-05-27 12:48:31,688 [INFO] PluginManager:220 - loadIPPluginJar : add stm32_wpan
2025-05-27 12:48:31,730 [INFO] IPUIPlugin:80 - create IPUIPlugin
2025-05-27 12:48:31,730 [INFO] PluginManager:220 - loadIPPluginJar : add tim
2025-05-27 12:48:31,850 [INFO] IPUIPlugin:80 - create IPUIPlugin
2025-05-27 12:48:31,850 [INFO] PluginManager:220 - loadIPPluginJar : add touchsensing
2025-05-27 12:48:31,893 [INFO] IPUIPlugin:80 - create IPUIPlugin
2025-05-27 12:48:31,893 [INFO] PluginManager:220 - loadIPPluginJar : add tracer_emb
2025-05-27 12:48:31,933 [INFO] IPUIPlugin:80 - create IPUIPlugin
2025-05-27 12:48:31,933 [INFO] PluginManager:220 - loadIPPluginJar : add ts
2025-05-27 12:48:31,982 [INFO] IPUIPlugin:80 - create IPUIPlugin
2025-05-27 12:48:31,982 [INFO] PluginManager:220 - loadIPPluginJar : add tsc
2025-05-27 12:48:32,019 [INFO] IPUIPlugin:80 - create IPUIPlugin
2025-05-27 12:48:32,019 [INFO] PluginManager:220 - loadIPPluginJar : add ucpd
2025-05-27 12:48:32,115 [INFO] IPUIPlugin:80 - create IPUIPlugin
2025-05-27 12:48:32,116 [INFO] PluginManager:220 - loadIPPluginJar : add usart
2025-05-27 12:48:32,200 [INFO] IPUIPlugin:80 - create IPUIPlugin
2025-05-27 12:48:32,200 [INFO] PluginManager:220 - loadIPPluginJar : add usbx
2025-05-27 12:48:32,365 [FATAL] Updater:351 - Updater called before beeing initialized
2025-05-27 12:48:32,434 [INFO] RulesReader:64 - Compatibility file has been processed (302 Rules)
2025-05-27 12:48:32,453 [INFO] RulesReader:64 - Compatibility file has been processed (302 Rules)
2025-05-27 12:48:32,463 [INFO] CADModel:165 - CPN selected for project level
2025-05-27 12:48:32,463 [INFO] CADModel:114 - Register for checkConnection events
2025-05-27 12:48:32,464 [FATAL] Updater:351 - Updater called before beeing initialized
2025-05-27 12:48:32,464 [ERROR] CADModel:125 - Updater not yet initialized, retry later 
2025-05-27 12:48:32,787 [FATAL] Updater:351 - Updater called before beeing initialized
2025-05-27 12:48:32,791 [INFO] CADModel:165 - CPN selected for project level
2025-05-27 12:48:32,791 [INFO] CADModel:114 - Register for checkConnection events
2025-05-27 12:48:32,791 [FATAL] Updater:351 - Updater called before beeing initialized
2025-05-27 12:48:32,791 [ERROR] CADModel:125 - Updater not yet initialized, retry later 
2025-05-27 12:48:32,798 [FATAL] Updater:351 - Updater called before beeing initialized
2025-05-27 12:48:33,052 [FATAL] Updater:351 - Updater called before beeing initialized
2025-05-27 12:48:33,074 [INFO] DbMcusAds:53 - JSON generation date=Wed May 07 11:07:55 CEST 2025 (1746608875679)
2025-05-27 12:48:33,074 [FATAL] Updater:351 - Updater called before beeing initialized
2025-05-27 12:48:33,173 [WARN] DetailPanel:346 - Failed to get advertising image, set to default
2025-05-27 12:48:33,516 [FATAL] Updater:351 - Updater called before beeing initialized
2025-05-27 12:48:33,519 [FATAL] Updater:351 - Updater called before beeing initialized
2025-05-27 12:48:33,519 [FATAL] Updater:351 - Updater called before beeing initialized
2025-05-27 12:48:33,519 [WARN] DetailPanel:346 - Failed to get advertising image, set to default
2025-05-27 12:48:33,521 [FATAL] Updater:351 - Updater called before beeing initialized
2025-05-27 12:48:33,618 [ERROR] Updater:1198 - MainUpdater not yet initialized. External WinMGr cannot be set.
2025-05-27 12:48:33,635 [INFO] Updater:1134 - Updater Version found : 6.14.1
2025-05-27 12:48:33,664 [INFO] ApplicationProperties:184 - Using Application install path: C:\ST\STM32CubeIDE_1.13.1\STM32CubeIDE\plugins\com.st.stm32cube.common.mx_6.14.1.202504091515
2025-05-27 12:48:33,697 [INFO] ThirdPartyUpdaterWithRetryManager:70 - Updater plugin not ready yet. [3/15]
2025-05-27 12:48:34,282 [INFO] MainUpdater:2872 - connection check result : 10
2025-05-27 12:48:34,283 [INFO] MainUpdater:289 - Updater Check For Update Now.
2025-05-27 12:48:34,283 [INFO] MicroXplorer:498 - Change Database Version : DB.6.0.141
2025-05-27 12:48:34,323 [INFO] McuFinderGlobals:63 - Set McuFinder mode to 2 (CubeIDE integrated)
2025-05-27 12:48:34,341 [INFO] UserAuth:484 - Internet connection configuration mode: 1
2025-05-27 12:48:34,406 [INFO] JxBrowserEngine:152 - Initiate JxBrowser Engine with user profile folder
2025-05-27 12:48:34,610 [INFO] CheckServerUpdateThread:120 - End of CheckServer Thread
2025-05-27 12:48:37,413 [WARN] PackLoader:240 - Cannot read IP mode file for STMicroelectronics.FP-SNS-MOTENVWB1.1.4.0
2025-05-27 12:48:37,456 [WARN] PackLoader:240 - Cannot read IP mode file for STMicroelectronics.FP-ATR-ASTRA1.2.0.2
2025-05-27 12:48:37,492 [WARN] PackLoader:240 - Cannot read IP mode file for STMicroelectronics.FP-ATR-ASTRA1.2.0.1
2025-05-27 12:48:37,573 [WARN] PackLoader:240 - Cannot read IP mode file for STMicroelectronics.X-CUBE-SMBUS.2.1.0
2025-05-27 12:48:37,621 [WARN] PackLoader:240 - Cannot read IP mode file for STMicroelectronics.X-CUBE-WB05N.1.1.0
2025-05-27 12:48:37,664 [WARN] PackLoader:240 - Cannot read IP mode file for STMicroelectronics.X-CUBE-ST60.1.0.0
2025-05-27 12:48:37,704 [WARN] PackLoader:240 - Cannot read IP mode file for STMicroelectronics.X-CUBE-TOUCHGFX.4.23.0
2025-05-27 12:48:37,865 [WARN] PackLoader:240 - Cannot read IP mode file for STMicroelectronics.X-CUBE-AZRTOS-F7.1.1.0
2025-05-27 12:48:37,921 [WARN] PackLoader:240 - Cannot read IP mode file for STMicroelectronics.FP-SNS-MOTENV1.4.3.2
2025-05-27 12:48:37,950 [WARN] PackLoader:240 - Cannot read IP mode file for STMicroelectronics.FP-SNS-FLIGHT1.5.0.2
2025-05-27 12:48:37,979 [WARN] PackLoader:240 - Cannot read IP mode file for STMicroelectronics.X-CUBE-DISPLAY.3.0.0
2025-05-27 12:48:38,011 [WARN] PackLoader:240 - Cannot read IP mode file for STMicroelectronics.X-CUBE-BLE1.7.0.0
2025-05-27 12:48:38,043 [WARN] PackLoader:240 - Cannot read IP mode file for STMicroelectronics.X-CUBE-NFC10.1.0.0
2025-05-27 12:48:38,069 [INFO] WebApp:169 - Instantiating new browser for Auth
2025-05-27 12:48:38,081 [WARN] PackLoader:240 - Cannot read IP mode file for STMicroelectronics.X-CUBE-BLEMGR.4.0.0
2025-05-27 12:48:38,115 [WARN] PackLoader:240 - Cannot read IP mode file for emotas.I-CUBE-CANOPEN.1.3.0
2025-05-27 12:48:38,138 [WARN] PackLoader:240 - Cannot read IP mode file for STMicroelectronics.X-CUBE-TOUCHGFX.4.22.0
2025-05-27 12:48:38,191 [WARN] PackLoader:240 - Cannot read IP mode file for STMicroelectronics.X-CUBE-TOUCHGFX.4.22.1
2025-05-27 12:48:38,224 [WARN] PackLoader:240 - Cannot read IP mode file for STMicroelectronics.X-CUBE-BLEMGR.3.1.0
2025-05-27 12:48:38,252 [WARN] PackLoader:240 - Cannot read IP mode file for STMicroelectronics.X-CUBE-AI.10.0.0
2025-05-27 12:48:38,278 [WARN] PackLoader:240 - Cannot read IP mode file for STMicroelectronics.FP-SNS-SMARTAG2.1.2.0
2025-05-27 12:48:38,301 [WARN] PackLoader:240 - Cannot read IP mode file for STMicroelectronics.FP-SNS-FLIGHT1.5.1.0
2025-05-27 12:48:38,426 [WARN] PackLoader:240 - Cannot read IP mode file for STMicroelectronics.X-CUBE-MEMS1.11.1.0
2025-05-27 12:48:38,730 [INFO] LogOutputStream:77 - [STDOUT_REDIRECT] 1 : Invalid condition id : UX_CORESTACK_Condition cause : null
2025-05-27 12:48:38,730 [INFO] LogOutputStream:77 - [STDOUT_REDIRECT] 1 : Invalid condition id : UX_CORESTACK_Condition cause : null
2025-05-27 12:48:38,732 [INFO] LogOutputStream:77 - [STDOUT_REDIRECT] 1 : Invalid condition id : UX_CORESTACK_Condition cause : null
2025-05-27 12:48:38,735 [INFO] LogOutputStream:77 - [STDOUT_REDIRECT] 1 : Invalid condition id : UX_CORESTACK_Condition cause : null
2025-05-27 12:48:38,737 [INFO] LogOutputStream:77 - [STDOUT_REDIRECT] 1 : Invalid condition id : UX_CORESTACK_Condition cause : null
2025-05-27 12:48:38,741 [WARN] PackLoader:240 - Cannot read IP mode file for STMicroelectronics.X-CUBE-AZRTOS-WL.2.0.0
2025-05-27 12:48:38,772 [WARN] PackLoader:240 - Cannot read IP mode file for STMicroelectronics.FP-SNS-MOTENV1.5.0.0
2025-05-27 12:48:38,797 [WARN] PackLoader:240 - Cannot read IP mode file for wolfSSL.I-CUBE-wolfMQTT.1.19.0
2025-05-27 12:48:38,826 [WARN] PackLoader:240 - Cannot read IP mode file for WES.I-CUBE-Cesium.1.3.0
2025-05-27 12:48:38,853 [WARN] PackLoader:240 - Cannot read IP mode file for STMicroelectronics.X-CUBE-BLE2.3.3.0
2025-05-27 12:48:38,893 [WARN] PackLoader:240 - Cannot read IP mode file for STMicroelectronics.X-CUBE-NFC9.1.0.0
2025-05-27 12:48:38,939 [WARN] PackLoader:240 - Cannot read IP mode file for STMicroelectronics.X-CUBE-BLE1.7.1.0
2025-05-27 12:48:38,978 [WARN] PackLoader:240 - Cannot read IP mode file for STMicroelectronics.X-CUBE-ALGOBUILD.1.3.0
2025-05-27 12:48:39,217 [WARN] PackLoader:240 - Cannot read IP mode file for STMicroelectronics.X-CUBE-MEMS1.11.2.0
2025-05-27 12:48:39,576 [WARN] PackLoader:240 - Cannot read IP mode file for STMicroelectronics.X-CUBE-AZRTOS-G0.1.1.0
2025-05-27 12:48:39,605 [WARN] PackLoader:240 - Cannot read IP mode file for STMicroelectronics.X-CUBE-SAFEA1.1.2.2
2025-05-27 12:48:39,631 [WARN] PackLoader:240 - Cannot read IP mode file for STMicroelectronics.X-CUBE-NFC4.3.0.0
2025-05-27 12:48:39,661 [WARN] PackLoader:240 - Cannot read IP mode file for EmbeddedOffice.I-CUBE-FS-RTOS.1.0.1
2025-05-27 12:48:39,690 [WARN] PackLoader:240 - Cannot read IP mode file for STMicroelectronics.X-CUBE-WB05N.2.0.0
2025-05-27 12:48:39,771 [WARN] PackLoader:240 - Cannot read IP mode file for STMicroelectronics.X-CUBE-BLEMGR.3.0.0
2025-05-27 12:48:39,807 [WARN] PackLoader:240 - Cannot read IP mode file for STMicroelectronics.X-CUBE-TCPP.4.2.0
2025-05-27 12:48:39,838 [WARN] PackLoader:240 - Cannot read IP mode file for RealThread.X-CUBE-RT-Thread_Nano.4.1.1
2025-05-27 12:48:39,867 [WARN] PackLoader:240 - Cannot read IP mode file for STMicroelectronics.FP-ATR-SIGFOX1.3.2.0
2025-05-27 12:48:39,899 [WARN] ConditionMgr:438 - getConditionDescription Invalid condition id : Cortex-A Device cause : null
2025-05-27 12:48:39,961 [WARN] ConditionMgr:1044 - genDependencies : Invalid condition id : Cortex-A Device cause : null
2025-05-27 12:48:39,961 [WARN] ConditionMgr:1044 - genDependencies : Invalid condition id : Cortex-A Device cause : null
2025-05-27 12:48:39,961 [WARN] ConditionMgr:1044 - genDependencies : Invalid condition id : Cortex-A Device cause : null
2025-05-27 12:48:39,996 [WARN] PackLoader:240 - Cannot read IP mode file for STMicroelectronics.X-CUBE-EEPRMA1.5.1.0
2025-05-27 12:48:40,071 [WARN] PackLoader:240 - Cannot read IP mode file for SEGGER.I-CUBE-embOS.1.3.1
2025-05-27 12:48:40,144 [WARN] PackLoader:240 - Cannot read IP mode file for STMicroelectronics.X-CUBE-ALGOBUILD.1.4.0
2025-05-27 12:48:40,177 [WARN] PackLoader:240 - Cannot read IP mode file for STMicroelectronics.X-CUBE-GNSS1.6.0.0
2025-05-27 12:48:40,226 [WARN] PackLoader:240 - Cannot read IP mode file for STMicroelectronics.X-CUBE-AZRTOS-F4.1.1.0
2025-05-27 12:48:40,257 [WARN] PackLoader:240 - Cannot read IP mode file for wolfSSL.I-CUBE-wolfSSL.5.6.3
2025-05-27 12:48:40,286 [WARN] PackLoader:240 - Cannot read IP mode file for Avnet-IotConnect.X-CUBE-IoTC-DA16k-PMOD.1.0.0
2025-05-27 12:48:40,315 [WARN] PackLoader:240 - Cannot read IP mode file for STMicroelectronics.X-CUBE-ISPU.2.1.0
2025-05-27 12:48:40,359 [WARN] PackLoader:240 - Cannot read IP mode file for STMicroelectronics.X-CUBE-AZRTOS-L5.2.0.0
2025-05-27 12:48:40,466 [WARN] PackLoader:240 - Cannot read IP mode file for STMicroelectronics.X-CUBE-MEMS1.9.6.0
2025-05-27 12:48:40,825 [WARN] PackLoader:240 - Cannot read IP mode file for STMicroelectronics.X-CUBE-EEPRMA1.4.2.0
2025-05-27 12:48:40,857 [WARN] PackLoader:240 - Cannot read IP mode file for STMicroelectronics.X-CUBE-NFC6.3.1.0
2025-05-27 12:48:40,893 [WARN] PackLoader:240 - Cannot read IP mode file for ITTIA_DB.I-CUBE-ITTIADB.8.8.0
2025-05-27 12:48:40,926 [WARN] PackLoader:240 - Cannot read IP mode file for STMicroelectronics.X-CUBE-BLEMGR.2.0.0
2025-05-27 12:48:40,957 [WARN] PackLoader:240 - Cannot read IP mode file for STMicroelectronics.X-CUBE-DPower.1.2.0
2025-05-27 12:48:41,010 [WARN] ConditionMgr:438 - getConditionDescription Invalid condition id : UX DEVICE CLASS RTOS Condition cause : null
2025-05-27 12:48:41,011 [WARN] ConditionMgr:438 - getConditionDescription Invalid condition id : UX DEVICE CLASS RTOS Condition cause : null
2025-05-27 12:48:41,016 [WARN] PackLoader:240 - Cannot read IP mode file for STMicroelectronics.X-CUBE-AZRTOS-H7.3.1.0
2025-05-27 12:48:41,017 [WARN] ConditionMgr:1044 - genDependencies : Invalid condition id : UX DEVICE CLASS RTOS Condition cause : null
2025-05-27 12:48:41,018 [WARN] ConditionMgr:1044 - genDependencies : Invalid condition id : UX DEVICE CLASS RTOS Condition cause : null
2025-05-27 12:48:41,018 [WARN] ConditionMgr:1044 - genDependencies : Invalid condition id : UX DEVICE CLASS RTOS Condition cause : null
2025-05-27 12:48:41,019 [WARN] ConditionMgr:1044 - genDependencies : Invalid condition id : UX DEVICE CLASS RTOS Condition cause : null
2025-05-27 12:48:41,020 [WARN] ConditionMgr:1044 - genDependencies : Invalid condition id : UX DEVICE CLASS RTOS Condition cause : null
2025-05-27 12:48:41,051 [WARN] PackLoader:240 - Cannot read IP mode file for STMicroelectronics.X-CUBE-FREERTOS.1.3.1
2025-05-27 12:48:41,085 [WARN] PackLoader:240 - Cannot read IP mode file for STMicroelectronics.X-CUBE-FREERTOS.1.3.0
2025-05-27 12:48:41,114 [WARN] PackLoader:240 - Cannot read IP mode file for STMicroelectronics.X-CUBE-NFC7.1.0.1
2025-05-27 12:48:41,144 [WARN] PackLoader:240 - Cannot read IP mode file for STMicroelectronics.X-CUBE-NFC6.3.0.0
2025-05-27 12:48:41,170 [WARN] PackLoader:240 - Cannot read IP mode file for STMicroelectronics.X-CUBE-EEPRMA1.4.1.0
2025-05-27 12:48:41,195 [WARN] PackLoader:240 - Cannot read IP mode file for STMicroelectronics.X-CUBE-DPower.1.3.0
2025-05-27 12:48:41,217 [WARN] PackLoader:240 - Cannot read IP mode file for STMicroelectronics.X-CUBE-AI.8.1.0
2025-05-27 12:48:41,270 [WARN] ConditionMgr:438 - getConditionDescription Invalid condition id : LAN8742 Phy interface Condition cause : null
2025-05-27 12:48:41,271 [WARN] PackLoader:240 - Cannot read IP mode file for STMicroelectronics.X-CUBE-AZRTOS-L4.2.0.0
2025-05-27 12:48:41,271 [WARN] ConditionMgr:1044 - genDependencies : Invalid condition id : LAN8742 Phy interface Condition cause : null
2025-05-27 12:48:41,272 [WARN] ConditionMgr:1044 - genDependencies : Invalid condition id : LAN8742 Phy interface Condition cause : null
2025-05-27 12:48:41,274 [WARN] ConditionMgr:1044 - genDependencies : Invalid condition id : LAN8742 Phy interface Condition cause : null
2025-05-27 12:48:41,299 [WARN] PackLoader:240 - Cannot read IP mode file for STMicroelectronics.X-CUBE-SFXS2LP1.4.0.0
2025-05-27 12:48:41,328 [WARN] PackLoader:240 - Cannot read IP mode file for STMicroelectronics.X-CUBE-ISPU.1.1.0
2025-05-27 12:48:41,375 [WARN] PackLoader:240 - Cannot read IP mode file for STMicroelectronics.X-CUBE-AZRTOS-H7.3.3.0
2025-05-27 12:48:41,444 [WARN] ConditionMgr:438 - getConditionDescription Invalid condition id : UX DEVICE CLASS RTOS Condition cause : null
2025-05-27 12:48:41,445 [WARN] ConditionMgr:438 - getConditionDescription Invalid condition id : UX DEVICE CLASS RTOS Condition cause : null
2025-05-27 12:48:41,448 [WARN] PackLoader:240 - Cannot read IP mode file for STMicroelectronics.X-CUBE-AZRTOS-WB.2.0.0
2025-05-27 12:48:41,449 [WARN] ConditionMgr:1044 - genDependencies : Invalid condition id : UX DEVICE CLASS RTOS Condition cause : null
2025-05-27 12:48:41,450 [WARN] ConditionMgr:1044 - genDependencies : Invalid condition id : UX DEVICE CLASS RTOS Condition cause : null
2025-05-27 12:48:41,451 [WARN] ConditionMgr:1044 - genDependencies : Invalid condition id : UX DEVICE CLASS RTOS Condition cause : null
2025-05-27 12:48:41,456 [WARN] ConditionMgr:1044 - genDependencies : Invalid condition id : UX DEVICE CLASS RTOS Condition cause : null
2025-05-27 12:48:41,456 [WARN] ConditionMgr:1044 - genDependencies : Invalid condition id : UX DEVICE CLASS RTOS Condition cause : null
2025-05-27 12:48:41,509 [WARN] PackLoader:240 - Cannot read IP mode file for STMicroelectronics.X-CUBE-GNSS1.7.0.1
2025-05-27 12:48:41,551 [WARN] PackLoader:240 - Cannot read IP mode file for STMicroelectronics.X-CUBE-TOUCHGFX.4.25.0
2025-05-27 12:48:41,617 [WARN] PackLoader:240 - Cannot read IP mode file for STMicroelectronics.FP-SNS-STBOX1.2.0.0
2025-05-27 12:48:41,670 [WARN] PackLoader:240 - Cannot read IP mode file for STMicroelectronics.X-CUBE-SUBG2.5.0.0
2025-05-27 12:48:41,759 [WARN] PackLoader:240 - Cannot read IP mode file for STMicroelectronics.X-CUBE-AZRTOS-H7RS.1.1.0
2025-05-27 12:48:41,812 [WARN] PackLoader:240 - Cannot read IP mode file for Cesanta.I-CUBE-Mongoose.7.13.0
2025-05-27 12:48:41,847 [WARN] PackLoader:240 - Cannot read IP mode file for STMicroelectronics.X-CUBE-TOF1.3.3.1
2025-05-27 12:48:41,894 [WARN] PackLoader:240 - Cannot read IP mode file for STMicroelectronics.X-CUBE-AZRTOS-G4.2.0.0
2025-05-27 12:48:41,936 [WARN] PackLoader:240 - Cannot read IP mode file for Infineon.AIROC-Wi-Fi-Bluetooth-STM32.1.5.1
2025-05-27 12:48:41,975 [WARN] PackLoader:240 - Cannot read IP mode file for STMicroelectronics.FP-SNS-MOTENVWB1.1.3.0
2025-05-27 12:48:42,008 [WARN] PackLoader:240 - Cannot read IP mode file for STMicroelectronics.X-CUBE-NFC7.2.0.0
2025-05-27 12:48:42,079 [WARN] PackLoader:240 - Cannot read IP mode file for STMicroelectronics.FP-SNS-MOTENVWB1.1.3.1
2025-05-27 12:48:42,117 [WARN] PackLoader:240 - Cannot read IP mode file for STMicroelectronics.X-CUBE-ISPU.2.0.0
2025-05-27 12:48:42,189 [WARN] PackLoader:240 - Cannot read IP mode file for STMicroelectronics.X-CUBE-IPS.3.1.0
2025-05-27 12:48:42,243 [WARN] PackLoader:240 - Cannot read IP mode file for STMicroelectronics.X-CUBE-ALS.1.0.2
2025-05-27 12:48:42,363 [WARN] PackLoader:240 - Cannot read IP mode file for STMicroelectronics.X-CUBE-MEMS1.10.0.0
2025-05-27 12:48:42,481 [WARN] PackLoader:240 - Cannot read IP mode file for STMicroelectronics.X-CUBE-FREERTOS.1.1.0
2025-05-27 12:48:42,507 [WARN] PackLoader:240 - Cannot read IP mode file for STMicroelectronics.X-CUBE-TOUCHGFX.4.24.2
2025-05-27 12:48:42,532 [WARN] PackLoader:240 - Cannot read IP mode file for wolfSSL.I-CUBE-wolfTPM.3.4.0
2025-05-27 12:48:42,556 [WARN] PackLoader:240 - Cannot read IP mode file for portGmbH.I-Cube-SoM-uGOAL.1.1.0
2025-05-27 12:48:42,579 [WARN] PackLoader:240 - Cannot read IP mode file for STMicroelectronics.X-CUBE-ALS.1.0.1
2025-05-27 12:48:42,667 [WARN] PackLoader:240 - Cannot read IP mode file for STMicroelectronics.X-CUBE-AZRTOS-H7RS.1.0.0
2025-05-27 12:48:42,705 [WARN] PackLoader:240 - Cannot read IP mode file for STMicroelectronics.FP-ATR-ASTRA1.2.0.0
2025-05-27 12:48:42,713 [INFO] WebApp:463 - Apply proxy settings
2025-05-27 12:48:42,714 [INFO] WebApp:548 - Chromium requires no authentication
2025-05-27 12:48:42,749 [WARN] PackLoader:240 - Cannot read IP mode file for STMicroelectronics.X-CUBE-TOF1.3.4.2
2025-05-27 12:48:42,754 [INFO] WebApp:491 - Direct internet connection detected
2025-05-27 12:48:42,787 [WARN] PackLoader:240 - Cannot read IP mode file for STMicroelectronics.X-CUBE-TOF1.3.4.3
2025-05-27 12:48:42,813 [INFO] WebApp:894 - Register for checkConnection events
2025-05-27 12:48:42,814 [INFO] WebApp:463 - Apply proxy settings
2025-05-27 12:48:42,814 [INFO] WebApp:548 - Chromium requires no authentication
2025-05-27 12:48:42,816 [INFO] WebApp:491 - Direct internet connection detected
2025-05-27 12:48:42,831 [WARN] PackLoader:240 - Cannot read IP mode file for STMicroelectronics.X-CUBE-TOF1.3.4.0
2025-05-27 12:48:42,885 [WARN] PackLoader:240 - Cannot read IP mode file for STMicroelectronics.X-CUBE-AZRTOS-H7.3.2.0
2025-05-27 12:48:42,910 [WARN] PackLoader:240 - Cannot read IP mode file for wolfSSL.I-CUBE-wolfSSH.1.4.17
2025-05-27 12:48:42,911 [INFO] ThirdParty:978 - Integrity check success = true
2025-05-27 12:48:42,911 [INFO] IntegrityCheckThread:100 - exiting critical section [integrity check]
2025-05-27 12:48:42,911 [INFO] IntegrityCheckThread:103 - End integrity checks thread
2025-05-27 12:48:43,195 [INFO] WebApp:225 - Starting web application
2025-05-27 12:48:43,196 [INFO] WebApp:593 - Web application path used C:\ST\STM32CubeIDE_1.13.1\STM32CubeIDE\plugins\com.st.stm32cube.common.mx_6.14.1.202504091515\db\plugins\mcufinder\reactClient1\index.html
2025-05-27 12:48:43,252 [INFO] WebApp:191 - Connection restablished
2025-05-27 12:48:43,567 [INFO] UserAuth:484 - Internet connection configuration mode: 1
2025-05-27 13:15:07,206 [INFO] WebApp:194 - Connection lost
2025-05-27 14:18:19,760 [INFO] WebApp:191 - Connection restablished
2025-05-27 14:18:26,497 [INFO] WebApp:194 - Connection lost
2025-05-27 14:18:26,619 [INFO] WebApp:191 - Connection restablished
2025-05-27 14:22:19,061 [ERROR] LogOutputStream:75 - [STDERR_REDIRECT] 
