20:09:56 **** Incremental Build of configuration Debug for project stm_f446rct7 ****
make -j4 all 
arm-none-eabi-gcc "../Core/Src/main.c" -mcpu=cortex-m4 -std=gnu11 -g3 -DDEBUG -DUSE_HAL_DRIVER -DSTM32F446xx -c -I../Core/Inc -I../Drivers/STM32F4xx_HAL_Driver/Inc -I../Drivers/STM32F4xx_HAL_Driver/Inc/Legacy -I../Drivers/CMSIS/Device/ST/STM32F4xx/Include -I../Drivers/CMSIS/Include -O0 -ffunction-sections -fdata-sections -Wall -fstack-usage -fcyclomatic-complexity -MMD -MP -MF"Core/Src/main.d" -MT"Core/Src/main.o" --specs=nano.specs -mfpu=fpv4-sp-d16 -mfloat-abi=hard -mthumb -o "Core/Src/main.o"
../Core/Src/main.c: In function 'HAL_CAN_RxFifo0MsgPendingCallback':
../Core/Src/main.c:148:25: error: 'dark_out_flag' undeclared (first use in this function)
  148 |                         dark_out_flag = 1;
      |                         ^~~~~~~~~~~~~
../Core/Src/main.c:148:25: note: each undeclared identifier is reported only once for each function it appears in
../Core/Src/main.c:151:25: error: 'light_out_flag' undeclared (first use in this function); did you mean 'lights_on_flag'?
  151 |                         light_out_flag = 1;
      |                         ^~~~~~~~~~~~~~
      |                         lights_on_flag
../Core/Src/main.c:154:25: error: 'timer_rst_flag' undeclared (first use in this function)
  154 |                         timer_rst_flag = 1;
      |                         ^~~~~~~~~~~~~~
../Core/Src/main.c:157:25: error: 'lights_out_flag' undeclared (first use in this function); did you mean 'lights_on_flag'?
  157 |                         lights_out_flag = 1;
      |                         ^~~~~~~~~~~~~~~
      |                         lights_on_flag
make: *** [Core/Src/subdir.mk:34: Core/Src/main.o] Error 1
"make -j4 all" terminated with exit code 2. Build might be incomplete.
12:21:26 **** Build of configuration Debug for project stm_f446rct7 ****
make -j4 all 
arm-none-eabi-gcc "../Core/Src/main.c" -mcpu=cortex-m4 -std=gnu11 -g3 -DDEBUG -DUSE_HAL_DRIVER -DSTM32F446xx -c -I../Core/Inc -I../Drivers/STM32F4xx_HAL_Driver/Inc -I../Drivers/STM32F4xx_HAL_Driver/Inc/Legacy -I../Drivers/CMSIS/Device/ST/STM32F4xx/Include -I../Drivers/CMSIS/Include -O0 -ffunction-sections -fdata-sections -Wall -fstack-usage -fcyclomatic-complexity -MMD -MP -MF"Core/Src/main.d" -MT"Core/Src/main.o" --specs=nano.specs -mfpu=fpv4-sp-d16 -mfloat-abi=hard -mthumb -o "Core/Src/main.o"
arm-none-eabi-gcc -o "stm_f446rct7.elf" @"objects.list"   -mcpu=cortex-m4 -T"C:\Users\amozd\Documents\GitHub\paddoproject\stm_f446rct7\STM32F446RCTX_FLASH.ld" --specs=nosys.specs -Wl,-Map="stm_f446rct7.map" -Wl,--gc-sections -static --specs=nano.specs -mfpu=fpv4-sp-d16 -mfloat-abi=hard -mthumb -Wl,--start-group -lc -lm -Wl,--end-group
Finished building target: stm_f446rct7.elf
 
arm-none-eabi-size  stm_f446rct7.elf 
arm-none-eabi-objdump -h -S stm_f446rct7.elf  > "stm_f446rct7.list"
   text	   data	    bss	    dec	    hex	filename
  29272	    108	   2596	  31976	   7ce8	stm_f446rct7.elf
Finished building: default.size.stdout
 
Finished building: stm_f446rct7.list
 
12:59:58 **** Incremental Build of configuration Debug for project stm_f446rct7 ****
make -j4 all 
arm-none-eabi-gcc "../Core/Src/main.c" -mcpu=cortex-m4 -std=gnu11 -g3 -DDEBUG -DUSE_HAL_DRIVER -DSTM32F446xx -c -I../Core/Inc -I../Drivers/STM32F4xx_HAL_Driver/Inc -I../Drivers/STM32F4xx_HAL_Driver/Inc/Legacy -I../Drivers/CMSIS/Device/ST/STM32F4xx/Include -I../Drivers/CMSIS/Include -O0 -ffunction-sections -fdata-sections -Wall -fstack-usage -fcyclomatic-complexity -MMD -MP -MF"Core/Src/main.d" -MT"Core/Src/main.o" --specs=nano.specs -mfpu=fpv4-sp-d16 -mfloat-abi=hard -mthumb -o "Core/Src/main.o"
../Core/Src/main.c: In function 'HAL_CAN_RxFifo0MsgPendingCallback':
../Core/Src/main.c:165:29: error: 'ingore_det_msg' undeclared (first use in this function); did you mean 'ignore_det_msg'?
  165 |                         if (ingore_det_msg == 1) {
      |                             ^~~~~~~~~~~~~~
      |                             ignore_det_msg
../Core/Src/main.c:165:29: note: each undeclared identifier is reported only once for each function it appears in
../Core/Src/main.c:179:29: error: 'ingore_tim_rst_msg' undeclared (first use in this function); did you mean 'ignore_tim_rst_msg'?
  179 |                         if (ingore_tim_rst_msg == 1) {
      |                             ^~~~~~~~~~~~~~~~~~
      |                             ignore_tim_rst_msg
make: *** [Core/Src/subdir.mk:34: Core/Src/main.o] Error 1
"make -j4 all" terminated with exit code 2. Build might be incomplete.
13:00:08 **** Incremental Build of configuration Debug for project stm_f446rct7 ****
make -j4 all 
arm-none-eabi-gcc "../Core/Src/main.c" -mcpu=cortex-m4 -std=gnu11 -g3 -DDEBUG -DUSE_HAL_DRIVER -DSTM32F446xx -c -I../Core/Inc -I../Drivers/STM32F4xx_HAL_Driver/Inc -I../Drivers/STM32F4xx_HAL_Driver/Inc/Legacy -I../Drivers/CMSIS/Device/ST/STM32F4xx/Include -I../Drivers/CMSIS/Include -O0 -ffunction-sections -fdata-sections -Wall -fstack-usage -fcyclomatic-complexity -MMD -MP -MF"Core/Src/main.d" -MT"Core/Src/main.o" --specs=nano.specs -mfpu=fpv4-sp-d16 -mfloat-abi=hard -mthumb -o "Core/Src/main.o"
../Core/Src/main.c: In function 'HAL_CAN_RxFifo0MsgPendingCallback':
../Core/Src/main.c:165:29: error: 'ingore_det_msg' undeclared (first use in this function); did you mean 'ignore_det_msg'?
  165 |                         if (ingore_det_msg == 1) {
      |                             ^~~~~~~~~~~~~~
      |                             ignore_det_msg
../Core/Src/main.c:165:29: note: each undeclared identifier is reported only once for each function it appears in
make: *** [Core/Src/subdir.mk:34: Core/Src/main.o] Error 1
"make -j4 all" terminated with exit code 2. Build might be incomplete.
13:00:13 **** Incremental Build of configuration Debug for project stm_f446rct7 ****
make -j4 all 
arm-none-eabi-gcc "../Core/Src/main.c" -mcpu=cortex-m4 -std=gnu11 -g3 -DDEBUG -DUSE_HAL_DRIVER -DSTM32F446xx -c -I../Core/Inc -I../Drivers/STM32F4xx_HAL_Driver/Inc -I../Drivers/STM32F4xx_HAL_Driver/Inc/Legacy -I../Drivers/CMSIS/Device/ST/STM32F4xx/Include -I../Drivers/CMSIS/Include -O0 -ffunction-sections -fdata-sections -Wall -fstack-usage -fcyclomatic-complexity -MMD -MP -MF"Core/Src/main.d" -MT"Core/Src/main.o" --specs=nano.specs -mfpu=fpv4-sp-d16 -mfloat-abi=hard -mthumb -o "Core/Src/main.o"
arm-none-eabi-gcc -o "stm_f446rct7.elf" @"objects.list"   -mcpu=cortex-m4 -T"C:\Users\amozd\Documents\GitHub\paddoproject\stm_f446rct7\STM32F446RCTX_FLASH.ld" --specs=nosys.specs -Wl,-Map="stm_f446rct7.map" -Wl,--gc-sections -static --specs=nano.specs -mfpu=fpv4-sp-d16 -mfloat-abi=hard -mthumb -Wl,--start-group -lc -lm -Wl,--end-group
Finished building target: stm_f446rct7.elf
 
arm-none-eabi-size  stm_f446rct7.elf 
arm-none-eabi-objdump -h -S stm_f446rct7.elf  > "stm_f446rct7.list"
   text	   data	    bss	    dec	    hex	filename
  29344	    108	   2596	  32048	   7d30	stm_f446rct7.elf
Finished building: default.size.stdout
 
Finished building: stm_f446rct7.list
 
14:07:32 **** Incremental Build of configuration Debug for project stm_f446rct7 ****
make -j4 all 
arm-none-eabi-gcc "../Core/Src/main.c" -mcpu=cortex-m4 -std=gnu11 -g3 -DDEBUG -DUSE_HAL_DRIVER -DSTM32F446xx -c -I../Core/Inc -I../Drivers/STM32F4xx_HAL_Driver/Inc -I../Drivers/STM32F4xx_HAL_Driver/Inc/Legacy -I../Drivers/CMSIS/Device/ST/STM32F4xx/Include -I../Drivers/CMSIS/Include -O0 -ffunction-sections -fdata-sections -Wall -fstack-usage -fcyclomatic-complexity -MMD -MP -MF"Core/Src/main.d" -MT"Core/Src/main.o" --specs=nano.specs -mfpu=fpv4-sp-d16 -mfloat-abi=hard -mthumb -o "Core/Src/main.o"
../Core/Src/main.c: In function 'main':
../Core/Src/main.c:315:23: error: called object 'uwTick' is not a function or function pointer
  315 |                 now = uwTick();
      |                       ^~~~~~
In file included from ../Core/Inc/main.h:30,
                 from ../Core/Src/main.c:20:
../Drivers/STM32F4xx_HAL_Driver/Inc/stm32f4xx_hal.h:204:22: note: declared here
  204 | extern __IO uint32_t uwTick;
      |                      ^~~~~~
../Core/Src/main.c:325:25: error: 'leds_in_flag' undeclared (first use in this function); did you mean 'leds_on_flag'?
  325 |                         leds_in_flag = 1;
      |                         ^~~~~~~~~~~~
      |                         leds_on_flag
../Core/Src/main.c:325:25: note: each undeclared identifier is reported only once for each function it appears in
make: *** [Core/Src/subdir.mk:34: Core/Src/main.o] Error 1
"make -j4 all" terminated with exit code 2. Build might be incomplete.
14:08:07 **** Incremental Build of configuration Debug for project stm_f446rct7 ****
make -j4 all 
arm-none-eabi-gcc "../Core/Src/main.c" -mcpu=cortex-m4 -std=gnu11 -g3 -DDEBUG -DUSE_HAL_DRIVER -DSTM32F446xx -c -I../Core/Inc -I../Drivers/STM32F4xx_HAL_Driver/Inc -I../Drivers/STM32F4xx_HAL_Driver/Inc/Legacy -I../Drivers/CMSIS/Device/ST/STM32F4xx/Include -I../Drivers/CMSIS/Include -O0 -ffunction-sections -fdata-sections -Wall -fstack-usage -fcyclomatic-complexity -MMD -MP -MF"Core/Src/main.d" -MT"Core/Src/main.o" --specs=nano.specs -mfpu=fpv4-sp-d16 -mfloat-abi=hard -mthumb -o "Core/Src/main.o"
../Core/Src/main.c: In function 'main':
../Core/Src/main.c:315:23: error: called object 'uwTick' is not a function or function pointer
  315 |                 now = uwTick();
      |                       ^~~~~~
In file included from ../Core/Inc/main.h:30,
                 from ../Core/Src/main.c:20:
../Drivers/STM32F4xx_HAL_Driver/Inc/stm32f4xx_hal.h:204:22: note: declared here
  204 | extern __IO uint32_t uwTick;
      |                      ^~~~~~
make: *** [Core/Src/subdir.mk:34: Core/Src/main.o] Error 1
"make -j4 all" terminated with exit code 2. Build might be incomplete.
15:05:04 **** Incremental Build of configuration Debug for project stm_f446rct7 ****
make -j4 all 
arm-none-eabi-gcc "../Core/Src/main.c" -mcpu=cortex-m4 -std=gnu11 -g3 -DDEBUG -DUSE_HAL_DRIVER -DSTM32F446xx -c -I../Core/Inc -I../Drivers/STM32F4xx_HAL_Driver/Inc -I../Drivers/STM32F4xx_HAL_Driver/Inc/Legacy -I../Drivers/CMSIS/Device/ST/STM32F4xx/Include -I../Drivers/CMSIS/Include -O0 -ffunction-sections -fdata-sections -Wall -fstack-usage -fcyclomatic-complexity -MMD -MP -MF"Core/Src/main.d" -MT"Core/Src/main.o" --specs=nano.specs -mfpu=fpv4-sp-d16 -mfloat-abi=hard -mthumb -o "Core/Src/main.o"
../Core/Src/main.c: In function 'HAL_CAN_RxFifo0MsgPendingCallback':
../Core/Src/main.c:160:17: error: case label does not reduce to an integer constant
  160 |                 case detection_msg:
      |                 ^~~~
../Core/Src/main.c:171:17: error: case label does not reduce to an integer constant
  171 |                 case dark_out_msg:
      |                 ^~~~
../Core/Src/main.c:177:17: error: case label does not reduce to an integer constant
  177 |                 case light_out_msg:
      |                 ^~~~
../Core/Src/main.c:183:17: error: case label does not reduce to an integer constant
  183 |                 case timer_rst_msg:
      |                 ^~~~
../Core/Src/main.c:191:17: error: case label does not reduce to an integer constant
  191 |                 case light_off_msg:
      |                 ^~~~
make: *** [Core/Src/subdir.mk:34: Core/Src/main.o] Error 1
"make -j4 all" terminated with exit code 2. Build might be incomplete.
15:06:16 **** Incremental Build of configuration Debug for project stm_f446rct7 ****
make -j4 all 
arm-none-eabi-gcc "../Core/Src/main.c" -mcpu=cortex-m4 -std=gnu11 -g3 -DDEBUG -DUSE_HAL_DRIVER -DSTM32F446xx -c -I../Core/Inc -I../Drivers/STM32F4xx_HAL_Driver/Inc -I../Drivers/STM32F4xx_HAL_Driver/Inc/Legacy -I../Drivers/CMSIS/Device/ST/STM32F4xx/Include -I../Drivers/CMSIS/Include -O0 -ffunction-sections -fdata-sections -Wall -fstack-usage -fcyclomatic-complexity -MMD -MP -MF"Core/Src/main.d" -MT"Core/Src/main.o" --specs=nano.specs -mfpu=fpv4-sp-d16 -mfloat-abi=hard -mthumb -o "Core/Src/main.o"
arm-none-eabi-gcc -o "stm_f446rct7.elf" @"objects.list"   -mcpu=cortex-m4 -T"C:\Users\amozd\Documents\GitHub\paddoproject\stm_f446rct7\STM32F446RCTX_FLASH.ld" --specs=nosys.specs -Wl,-Map="stm_f446rct7.map" -Wl,--gc-sections -static --specs=nano.specs -mfpu=fpv4-sp-d16 -mfloat-abi=hard -mthumb -Wl,--start-group -lc -lm -Wl,--end-group
Finished building target: stm_f446rct7.elf
 
arm-none-eabi-size  stm_f446rct7.elf 
arm-none-eabi-objdump -h -S stm_f446rct7.elf  > "stm_f446rct7.list"
   text	   data	    bss	    dec	    hex	filename
  29536	    108	   2596	  32240	   7df0	stm_f446rct7.elf
Finished building: default.size.stdout
 
Finished building: stm_f446rct7.list
 
15:07:30 **** Incremental Build of configuration Debug for project stm_f446rct7 ****
make -j4 all 
arm-none-eabi-size  stm_f446rct7.elf 
   text	   data	    bss	    dec	    hex	filename
  29536	    108	   2596	  32240	   7df0	stm_f446rct7.elf
Finished building: default.size.stdout
 
15:08:08 **** Incremental Build of configuration Debug for project stm_f446rct7 ****
make -j4 all 
arm-none-eabi-size  stm_f446rct7.elf 
   text	   data	    bss	    dec	    hex	filename
  29536	    108	   2596	  32240	   7df0	stm_f446rct7.elf
Finished building: default.size.stdout
 
15:18:20 **** Incremental Build of configuration Debug for project stm_f446rct7 ****
make -j4 all 
arm-none-eabi-gcc "../Core/Src/main.c" -mcpu=cortex-m4 -std=gnu11 -g3 -DDEBUG -DUSE_HAL_DRIVER -DSTM32F446xx -c -I../Core/Inc -I../Drivers/STM32F4xx_HAL_Driver/Inc -I../Drivers/STM32F4xx_HAL_Driver/Inc/Legacy -I../Drivers/CMSIS/Device/ST/STM32F4xx/Include -I../Drivers/CMSIS/Include -O0 -ffunction-sections -fdata-sections -Wall -fstack-usage -fcyclomatic-complexity -MMD -MP -MF"Core/Src/main.d" -MT"Core/Src/main.o" --specs=nano.specs -mfpu=fpv4-sp-d16 -mfloat-abi=hard -mthumb -o "Core/Src/main.o"
arm-none-eabi-gcc -o "stm_f446rct7.elf" @"objects.list"   -mcpu=cortex-m4 -T"C:\Users\amozd\Documents\GitHub\paddoproject\stm_f446rct7\STM32F446RCTX_FLASH.ld" --specs=nosys.specs -Wl,-Map="stm_f446rct7.map" -Wl,--gc-sections -static --specs=nano.specs -mfpu=fpv4-sp-d16 -mfloat-abi=hard -mthumb -Wl,--start-group -lc -lm -Wl,--end-group
Finished building target: stm_f446rct7.elf
 
arm-none-eabi-size  stm_f446rct7.elf 
arm-none-eabi-objdump -h -S stm_f446rct7.elf  > "stm_f446rct7.list"
   text	   data	    bss	    dec	    hex	filename
  29536	    108	   2596	  32240	   7df0	stm_f446rct7.elf
Finished building: default.size.stdout
 
Finished building: stm_f446rct7.list
 
