22:39:51 **** Incremental Build of configuration Debug for project stm_f446rct7 ****
make -j12 all 
arm-none-eabi-gcc "../Core/Src/main.c" -mcpu=cortex-m4 -std=gnu11 -g3 -DDEBUG -DUSE_HAL_DRIVER -DSTM32F446xx -c -I../Core/Inc -I../Drivers/STM32F4xx_HAL_Driver/Inc -I../Drivers/STM32F4xx_HAL_Driver/Inc/Legacy -I../Drivers/CMSIS/Device/ST/STM32F4xx/Include -I../Drivers/CMSIS/Include -O0 -ffunction-sections -fdata-sections -Wall -fstack-usage -fcyclomatic-complexity -MMD -MP -MF"Core/Src/main.d" -MT"Core/Src/main.o" --specs=nano.specs -mfpu=fpv4-sp-d16 -mfloat-abi=hard -mthumb -o "Core/Src/main.o"
arm-none-eabi-gcc -o "stm_f446rct7.elf" @"objects.list"   -mcpu=cortex-m4 -T"C:\Users\amozd\github\paddoproject\stm_f446rct7\STM32F446RCTX_FLASH.ld" --specs=nosys.specs -Wl,-Map="stm_f446rct7.map" -Wl,--gc-sections -static --specs=nano.specs -mfpu=fpv4-sp-d16 -mfloat-abi=hard -mthumb -Wl,--start-group -lc -lm -Wl,--end-group
Finished building target: stm_f446rct7.elf
 
arm-none-eabi-size  stm_f446rct7.elf 
arm-none-eabi-objdump -h -S stm_f446rct7.elf  > "stm_f446rct7.list"
   text	   data	    bss	    dec	    hex	filename
  28756	    104	   2656	  31516	   7b1c	stm_f446rct7.elf
Finished building: default.size.stdout
 
Finished building: stm_f446rct7.list
 

22:39:53 Build Finished. 0 errors, 0 warnings. (took 1s.835ms)

